I/cat     (  407): <6>[   10.102935] android_work: sent uevent USB_STATE=DISCONNECTED
I/Netd    (  430): Netd 1.0 starting
D/Vold    (  421): Volume volume_sdcard state changing 0 (No-Media) -> 2 (Pending)
E/DirectVolume(  421): Dv:partAdd: ignoring part_num = 4 (max: 3)
D/Vold    (  421): Volume volume_sdcard state changing 2 (Pending) -> 1 (Idle-Unmounted)
I/cat     (  407): <6>[   10.227996] android_usb gadget: high speed config #1: android
I/cat     (  407): <6>[   10.228363] android_work: sent uevent USB_STATE=CONFIGURED
I/        (  435): ServiceManager: 0x88d910
I/cat     (  407): <6>[   10.548187] PVR: PVRCore_Init
I/cat     (  407): <6>[   10.553924] PVR: LinuxMMInit: Maximum page pool size: 10800
I/cat     (  407): <6>[   10.554321] PVR: PVRSRVDriverProbe(pDevice=dd8aea00)
I/cat     (  407): <6>[   10.554565] PVR: SGX register base: 0x56000000
I/cat     (  407): <6>[   10.554809] PVR: SGX register size: 65535
I/cat     (  407): <6>[   10.554931] PVR: SGX IRQ: 53
I/cat     (  407): <6>[   10.555480] PVR: EnableSystemClocks: Enabling System Clocks
I/cat     (  407): <6>[   10.556579] PVR: PVRCore_Init: major device 245
V/IMGSRV  (  424): Succesfully loaded gfx modules
I/cat     (  407): <6>[   10.620941] omaplfbOMAPLFBInit: Blitsville gc2d not present, blits disabled
I/cat     (  407): <7>[   10.621154] omaplfb: OMAPLFBInitFBVRAM: Device 0: Using 2 VRAM framebuffers
V/IMGSRV  (  424): pvrsrvinit complete
I/cat     (  407): <6>[   10.769165] PVR: Installing MISR with cookie bf148c00
I/cat     (  407): <6>[   10.769378] PVR: Installing device LISR SGX ISR on IRQ 53 with cookie dcca4100
I/cat     (  407): <6>[   10.769653] PVR: SysFinalise: Version string: SGX revision = 1.2.0
I/SurfaceFlinger(  433): SurfaceFlinger is starting
I/SurfaceFlinger(  433): SurfaceFlinger's main thread ready to run. Initializing graphics H/W...
D/skia    (  434): SkGraphics::Init() - BLTsville (CPU) dlopen success
D/AndroidRuntime(  434): 
D/AndroidRuntime(  434): >>>>>> AndroidRuntime START com.android.internal.os.ZygoteInit <<<<<<
D/AndroidRuntime(  434): CheckJNI is OFF
D/libEGL  (  433): loaded /system/lib/egl/libGLES_android.so
D/libEGL  (  433): loaded /system/lib/egl/libEGL_POWERVR_SGX540_120.so
D/libEGL  (  433): loaded /system/lib/egl/libGLESv1_CM_POWERVR_SGX540_120.so
D/libEGL  (  433): loaded /system/lib/egl/libGLESv2_POWERVR_SGX540_120.so
W/SurfaceFlinger(  433): ro.sf.lcd_density not defined, using 160 dpi by default.
I/SurfaceFlinger(  433): EGL informations:
I/SurfaceFlinger(  433): # of configs : 33
I/SurfaceFlinger(  433): vendor    : Android
I/SurfaceFlinger(  433): version   : 1.4 Android META-EGL
I/SurfaceFlinger(  433): extensions: EGL_KHR_image EGL_KHR_image_base EGL_KHR_image_base EGL_KHR_gl_texture_2D_image EGL_KHR_gl_texture_cubemap_image EGL_KHR_gl_renderbuffer_image EGL_KHR_fence_sync EGL_ANDROID_image_native_buffer EGL_ANDROID_image_native_buffer 
I/SurfaceFlinger(  433): Client API: OpenGL ES
I/SurfaceFlinger(  433): EGLSurface: 8-8-8-8, config=0x1
I/SurfaceFlinger(  433): OpenGL informations:
I/SurfaceFlinger(  433): vendor    : Imagination Technologies
I/SurfaceFlinger(  433): renderer  : PowerVR SGX 540
I/SurfaceFlinger(  433): version   : OpenGL ES-CM 1.1
I/SurfaceFlinger(  433): extensions: GL_OES_byte_coordinates GL_OES_fixed_point GL_OES_single_precision GL_OES_matrix_get GL_OES_read_format GL_OES_compressed_paletted_texture GL_OES_point_sprite GL_OES_point_size_array GL_OES_matrix_palette GL_OES_draw_texture GL_OES_query_matrix GL_OES_texture_env_crossbar GL_OES_texture_mirrored_repeat GL_OES_texture_cube_map GL_OES_blend_subtract GL_OES_blend_func_separate GL_OES_blend_equation_separate GL_OES_stencil_wrap GL_OES_extended_matrix_palette GL_OES_framebuffer_object GL_OES_rgb8_rgba8 GL_OES_depth24 GL_OES_stencil8 GL_OES_compressed_ETC1_RGB8_texture GL_OES_mapbuffer GL_OES_EGL_image GL_OES_EGL_image_external GL_EXT_multi_draw_arrays GL_OES_required_internalformat GL_IMG_read_format GL_IMG_texture_compression_pvrtc GL_IMG_texture_format_BGRA8888 GL_EXT_texture_format_BGRA8888 GL_OES_egl_sync GL_IMG_vertex_array_object GL_APPLE_texture_2D_limited_npot
I/SurfaceFlinger(  433): GL_MAX_TEXTURE_SIZE = 2048
I/SurfaceFlinger(  433): GL_MAX_VIEWPORT_DIMS = 2048 x 2048
I/SurfaceFlinger(  433): flags = 00010000
I/ti_hwc  (  433): omap4_hwc_device_open(nv12_only=0)
I/ti_hwc  (  433): Unable to open gc-core device (2), blits disabled
I/cat     (  407): <4>[   11.146301] misc dsscomp: [dcd80000] ignoring set failure -22
D/libEGL  (  492): loaded /system/lib/egl/libGLES_android.so
D/libEGL  (  492): loaded /system/lib/egl/libEGL_POWERVR_SGX540_120.so
D/libEGL  (  492): loaded /system/lib/egl/libGLESv1_CM_POWERVR_SGX540_120.so
I/cat     (  407): <6>[   11.243347] (stc): add_channel_to_table: id 4
I/cat     (  407): <6>[   11.243469] (stc): st_register(2)
I/cat     (  407): <6>[   11.243560] (stc): add_channel_to_table: id 2
I/cat     (  407): <6>[   11.243988] (stc): st_register(3)
I/cat     (  407): <6>[   11.244079] (stc): add_channel_to_table: id 3
D/libEGL  (  492): loaded /system/lib/egl/libGLESv2_POWERVR_SGX540_120.so
I/        (  436): ServiceManager: 0xa07958
D/audio_hw_primary(  436): Setting output devices (0x40002): headset 0, headphone 0, speaker 1, earpiece 0, hdmi 0, usb 0
D/audio_hw_primary(  436): Set output volume: 0.000000, gain -Inf
I/AudioFlinger(  436): Loaded primary audio interface from Archos audio HW HAL (audio)
I/AudioFlinger(  436): Using 'Archos audio HW HAL' (audio.primary) as the primary audio interface
I/AudioFlinger(  436): Loaded a2dp audio interface from A2DP Audio HW HAL (audio)
I/CameraService(  436): CameraService started (pid=436)
D/DOMX    (  436): hardware/ti/domx/omx_proxy_component/omx_camera/src/omx_proxy_camera.c:220	Camera_SendCommand()	
D/DOMX    (  436): ERROR:  Error in DCC Init
D/SpxUtils(  434): Sys_pk_build_product_key [6KF6MDSSSH6WZN] [6KF6-MDSS-SH6W-ZN]
E/CameraHal(  436): num_cameras = 1
I/AudioFlinger(  436): AudioFlinger's thread 0xa0e0d8 ready to run
W/AudioFlinger(  436): Thread AudioOut_1 cannot connect to the power manager service
D/audio_hw_primary(  436): Set output volume: 1.000000, gain 0.000000
I/AudioPolicyService(  436): Loaded audio policy from LEGACY Audio Policy HAL (audio_policy)
I/SamplingProfilerIntegration(  434): Profiling disabled.
I/Zygote  (  434): Preloading classes...
D/dalvikvm(  434): GC_EXPLICIT freed 44K, 83% free 436K/2560K, paused 0ms+1ms
D/dalvikvm(  434): GC_EXPLICIT freed 2K, 81% free 497K/2560K, paused 0ms+0ms
D/dalvikvm(  434): GC_EXPLICIT freed 20K, 80% free 533K/2560K, paused 1ms+0ms
D/dalvikvm(  434): GC_EXPLICIT freed 27K, 79% free 560K/2560K, paused 1ms+0ms
D/dalvikvm(  434): GC_EXPLICIT freed 15K, 77% free 600K/2560K, paused 0ms+1ms
D/dalvikvm(  434): GC_EXPLICIT freed 26K, 76% free 627K/2560K, paused 0ms+1ms
D/dalvikvm(  434): GC_EXPLICIT freed 30K, 75% free 660K/2560K, paused 0ms+0ms
D/TextLayoutCache(  434): Using debug level: 0 - Debug Enabled: 0
W/Zygote  (  434): Class not found for preloading: android.media.AudioManager$2
I/dalvikvm(  434): threadid=1: recursive native library load attempt (/system/lib/libmedia_jni.so)
D/MtpDeviceJNI(  434): register_android_mtp_MtpDevice
I/dalvikvm(  434): threadid=1: recursive native library load attempt (/system/lib/libmedia_jni.so)
I/dalvikvm(  434): threadid=1: recursive native library load attempt (/system/lib/libmedia_jni.so)
W/Zygote  (  434): Class not found for preloading: android.media.IRemoteControlClientDispatcher
W/Zygote  (  434): Class not found for preloading: android.media.IRemoteControlClientDispatcher$Stub
D/dalvikvm(  434): GC_EXPLICIT freed 20K, 73% free 698K/2560K, paused 1ms+0ms
D/dalvikvm(  434): GC_EXPLICIT freed 259K, 60% free 1047K/2560K, paused 1ms+1ms
D/dalvikvm(  434): GC_EXPLICIT freed 27K, 58% free 1075K/2560K, paused 1ms+1ms
D/dalvikvm(  434): GC_EXPLICIT freed 7K, 57% free 1125K/2560K, paused 1ms+2ms
E/uim-sysfs(  427): uim: Inside st_uart_config
E/uim-sysfs(  427): uim: Un-Installed N_TI_WL Line displine
E/uim-sysfs(  427): uim:cleanup
I/cat     (  407): <6>[   13.258911] (stc): remove_channel_from_table: id 3
I/cat     (  407): <6>[   13.259124] (stc): remove_channel_from_table: id 2
I/cat     (  407): <6>[   13.259216] (stc): remove_channel_from_table: id 4
I/cat     (  407): <6>[   13.259399] (stc):  all chnl_ids unregistered
I/cat     (  407): <6>[   13.259490] (stk) :ldisc_install = 0
I/cat     (  407): <6>[   13.259887] (stc): st_tty_close
I/cat     (  407): <6>[   13.262268] plat_kim_chip_disable
D/dalvikvm(  434): GC_EXPLICIT freed 21K, 54% free 1186K/2560K, paused 0ms+1ms
D/dalvikvm(  434): GC_EXPLICIT freed 48K, 43% free 1466K/2560K, paused 1ms+1ms
W/Zygote  (  434): Class not found for preloading: android.text.TextDirectionHeuristics$CharCount
W/Zygote  (  434): Class not found for preloading: android.text.method.WordIterator$1
D/dalvikvm(  434): GC_EXPLICIT freed 35K, 42% free 1501K/2560K, paused 1ms+2ms
D/dalvikvm(  434): GC_EXPLICIT freed 32K, 41% free 1523K/2560K, paused 1ms+1ms
I/dalvikvm(  434): threadid=1: recursive native library load attempt (/system/lib/libwebcore.so)
D/dalvikvm(  434): No JNI_OnLoad found in /system/lib/libchromium_net.so 0x0, skipping init
D/dalvikvm(  434): GC_EXPLICIT freed 26K, 39% free 1572K/2560K, paused 1ms+3ms
W/Zygote  (  434): Class not found for preloading: android.widget.EdgeGlow
D/dalvikvm(  434): GC_EXPLICIT freed 25K, 38% free 1601K/2560K, paused 1ms+1ms
D/dalvikvm(  434): GC_EXPLICIT freed 71K, 36% free 1646K/2560K, paused 1ms+2ms
E/PhonePolicy(  434): Could not preload class for phone policy: com.android.internal.policy.impl.PhoneWindow$ContextMenuCallback
D/dalvikvm(  434): GC_EXPLICIT freed 33K, 35% free 1668K/2560K, paused 1ms+1ms
D/dalvikvm(  434): GC_EXPLICIT freed 28K, 34% free 1697K/2560K, paused 2ms+3ms
D/dalvikvm(  434): GC_EXPLICIT freed 26K, 33% free 1728K/2560K, paused 3ms+1ms
D/dalvikvm(  434): GC_EXPLICIT freed 32K, 32% free 1753K/2560K, paused 1ms+1ms
D/dalvikvm(  434): GC_EXPLICIT freed 31K, 31% free 1781K/2560K, paused 1ms+1ms
D/dalvikvm(  434): GC_EXPLICIT freed 71K, 29% free 1837K/2560K, paused 3ms+1ms
D/dalvikvm(  434): GC_EXPLICIT freed 39K, 28% free 1853K/2560K, paused 1ms+2ms
W/ICU     (  434): Missing ICU latn symbols system value: U_MISSING_RESOURCE_ERROR
I/System  (  434): Loaded time zone names for  in 375ms (371ms in ICU)
I/System  (  434): Loaded time zone names for en_US in 286ms (281ms in ICU)
I/System  (  434): Loaded time zone names for en_GB in 265ms (261ms in ICU)
D/dalvikvm(  434): GC_EXPLICIT freed 502K, 23% free 1994K/2560K, paused 2ms+1ms
D/dalvikvm(  434): GC_EXPLICIT freed 16K, 20% free 2061K/2560K, paused 2ms+1ms
D/dalvikvm(  434): GC_EXPLICIT freed 51K, 19% free 2092K/2560K, paused 1ms+1ms
D/dalvikvm(  434): GC_EXPLICIT freed 28K, 18% free 2124K/2560K, paused 1ms+1ms
D/dalvikvm(  434): GC_EXPLICIT freed 38K, 17% free 2141K/2560K, paused 1ms+2ms
D/dalvikvm(  434): GC_EXPLICIT freed 32K, 16% free 2163K/2560K, paused 2ms+1ms
I/Zygote  (  434): ...preloaded 2297 classes in 3051ms.
D/dalvikvm(  434): GC_EXPLICIT freed 22K, 16% free 2167K/2560K, paused 2ms+2ms
I/Zygote  (  434): Preloading resources...
D/dalvikvm(  434): GC_EXPLICIT freed 1K, 14% free 2223K/2560K, paused 1ms+2ms
D/dalvikvm(  434): GC_EXPLICIT freed 1K, 14% free 2274K/2627K, paused 2ms+1ms
D/dalvikvm(  434): GC_EXPLICIT freed 3K, 14% free 2321K/2691K, paused 1ms+2ms
D/dalvikvm(  434): GC_EXPLICIT freed 3K, 13% free 2368K/2691K, paused 2ms+2ms
D/dalvikvm(  434): GC_EXPLICIT freed 4K, 13% free 2416K/2755K, paused 2ms+2ms
D/dalvikvm(  434): GC_EXPLICIT freed 5K, 13% free 2466K/2819K, paused 2ms+1ms
D/dalvikvm(  434): GC_EXPLICIT freed 4K, 11% free 2513K/2819K, paused 2ms+1ms
D/dalvikvm(  434): GC_EXPLICIT freed 5K, 12% free 2558K/2883K, paused 2ms+2ms
D/dalvikvm(  434): GC_EXPLICIT freed 4K, 12% free 2608K/2947K, paused 1ms+2ms
D/dalvikvm(  434): GC_EXPLICIT freed 4K, 10% free 2657K/2947K, paused 2ms+1ms
D/dalvikvm(  434): GC_EXPLICIT freed 5K, 10% free 2718K/3011K, paused 2ms+2ms
D/dalvikvm(  434): GC_EXPLICIT freed 2K, 11% free 2767K/3075K, paused 1ms+1ms
D/dalvikvm(  434): GC_EXPLICIT freed 3K, 9% free 2814K/3075K, paused 1ms+2ms
D/dalvikvm(  434): GC_EXPLICIT freed 6K, 9% free 2861K/3139K, paused 1ms+2ms
D/dalvikvm(  434): GC_EXPLICIT freed 7K, 10% free 2908K/3203K, paused 1ms+2ms
D/dalvikvm(  434): GC_EXPLICIT freed 4K, 8% free 2957K/3203K, paused 1ms+1ms
D/dalvikvm(  434): GC_EXPLICIT freed 9K, 9% free 3000K/3267K, paused 1ms+3ms
D/dalvikvm(  434): GC_EXPLICIT freed 8K, 8% free 3080K/3331K, paused 1ms+1ms
D/dalvikvm(  434): GC_EXPLICIT freed 5K, 7% free 3124K/3331K, paused 2ms+1ms
D/dalvikvm(  434): GC_EXPLICIT freed 4K, 7% free 3175K/3395K, paused 2ms+1ms
D/dalvikvm(  434): GC_EXPLICIT freed 4K, 7% free 3222K/3459K, paused 2ms+2ms
D/dalvikvm(  434): GC_EXPLICIT freed 5K, 7% free 3298K/3523K, paused 1ms+2ms
D/dalvikvm(  434): GC_EXPLICIT freed 4K, 7% free 3613K/3843K, paused 1ms+1ms
D/dalvikvm(  434): GC_EXPLICIT freed 7K, 5% free 3665K/3843K, paused 2ms+1ms
D/dalvikvm(  434): GC_EXPLICIT freed 2K, 5% free 3716K/3907K, paused 2ms+2ms
D/dalvikvm(  434): GC_EXPLICIT freed 5K, 6% free 3765K/3971K, paused 1ms+1ms
D/dalvikvm(  434): GC_EXPLICIT freed 4K, 4% free 3939K/4099K, paused 2ms+1ms
D/dalvikvm(  434): GC_EXPLICIT freed 3K, 5% free 3985K/4163K, paused 1ms+2ms
D/dalvikvm(  434): GC_EXPLICIT freed 5K, 4% free 5045K/5251K, paused 1ms+2ms
D/dalvikvm(  434): GC_EXPLICIT freed 5K, 5% free 6066K/6339K, paused 1ms+1ms
D/dalvikvm(  434): GC_EXPLICIT freed 4K, 4% free 6116K/6339K, paused 1ms+1ms
D/dalvikvm(  434): GC_EXPLICIT freed 7K, 3% free 6160K/6339K, paused 1ms+2ms
D/dalvikvm(  434): GC_EXPLICIT freed 6K, 3% free 6207K/6339K, paused 1ms+1ms
D/dalvikvm(  434): GC_EXPLICIT freed 5K, 3% free 6255K/6403K, paused 1ms+2ms
D/dalvikvm(  434): GC_EXPLICIT freed 2K, 3% free 6307K/6467K, paused 1ms+2ms
D/dalvikvm(  434): GC_EXPLICIT freed 4K, 2% free 6355K/6467K, paused 1ms+2ms
D/dalvikvm(  434): GC_EXPLICIT freed 6K, 2% free 6416K/6531K, paused 1ms+2ms
D/dalvikvm(  434): GC_EXPLICIT freed 3K, 2% free 6481K/6595K, paused 1ms+1ms
I/Zygote  (  434): ...preloaded 379 resources in 3026ms.
D/dalvikvm(  434): GC_EXPLICIT freed 20K, 2% free 6515K/6595K, paused 1ms+1ms
I/Zygote  (  434): ...preloaded 31 resources in 38ms.
D/dalvikvm(  434): GC_EXPLICIT freed 14K, 2% free 6518K/6595K, paused 2ms+1ms
D/dalvikvm(  434): GC_EXPLICIT freed 6K, 2% free 6512K/6595K, paused 1ms+2ms
D/dalvikvm(  434): GC_EXPLICIT freed <1K, 2% free 6512K/6595K, paused 1ms+2ms
I/dalvikvm(  434): System server process 507 has been created
I/Zygote  (  434): Accepting command socket connections
E/BatteryService(  507): batteryPresentPath not found
E/BatteryService(  507): batteryTechnologyPath not found
I/sysproc (  507): Entered system_init()
I/sysproc (  507): ServiceManager: 0x1fc00d8
D/SensorService(  507): nuSensorService starting...
I/SensorService(  507): Digital Output Accelerometer
I/SensorService(  507): AK8975 3-axis Magnetic field sensor
I/SensorService(  507): AK8975 Orientation sensor
I/sysproc (  507): System server: starting Android runtime.
D/SensorService(  507): nuSensorService thread starting...
I/sysproc (  507): System server: starting Android services.
I/SystemServer(  507): Entered the Android system server!
I/cat     (  407): <4>[   18.760253] mma8453q_ctrl_ioctl: Get mode 1
I/sysproc (  507): System server: entering thread pool.
I/SystemServer(  507): Entropy Service
I/SystemServer(  507): Power Manager
I/SystemServer(  507): Activity Manager
I/ActivityManager(  507): Memory class: 48
D/dalvikvm(  507): GC_CONCURRENT freed 246K, 5% free 6786K/7111K, paused 2ms+2ms
I/SystemServer(  507): Telephony Registry
I/SystemServer(  507): Package Manager
D/dalvikvm(  507): GC_CONCURRENT freed 381K, 7% free 6857K/7367K, paused 2ms+2ms
D/dalvikvm(  507): GC_CONCURRENT freed 458K, 8% free 6926K/7495K, paused 1ms+3ms
D/dalvikvm(  507): GC_CONCURRENT freed 498K, 11% free 6857K/7623K, paused 2ms+1ms
D/dalvikvm(  507): GC_CONCURRENT freed 261K, 8% free 7087K/7623K, paused 2ms+2ms
D/PackageManagerArchosUtils(  507): sZone = 0
D/dalvikvm(  507): GC_CONCURRENT freed 376K, 7% free 7209K/7687K, paused 2ms+3ms
W/PackageParser(  507): No actions in intent filter at /system/app/Bluetooth.apk Binary XML file line #129
D/PackageManagerArchosUtils(  507): Banning open source version com.android.calendar
D/dalvikvm(  507): GC_CONCURRENT freed 358K, 6% free 7289K/7751K, paused 2ms+3ms
W/PackageParser(  507): No actions in intent filter at /system/app/Contacts.apk Binary XML file line #525
D/dalvikvm(  507): GC_CONCURRENT freed 377K, 6% free 7415K/7879K, paused 1ms+2ms
D/dalvikvm(  507): GC_CONCURRENT freed 356K, 6% free 7533K/8007K, paused 2ms+12ms
D/dalvikvm(  507): GC_CONCURRENT freed 265K, 5% free 7772K/8135K, paused 1ms+5ms
D/PackageManagerArchosUtils(  507): Banning open source version com.android.gallery3d
D/dalvikvm(  507): GC_CONCURRENT freed 380K, 6% free 7900K/8391K, paused 11ms+3ms
W/ResourceType(  507): Failure getting entry for 0x7f02004b (t=1 e=75) in package 0 (error -75)
D/PackageManagerArchosUtils(  507): Banning open source version com.android.inputmethod.latin
D/dalvikvm(  507): GC_CONCURRENT freed 374K, 6% free 8011K/8455K, paused 1ms+7ms
D/dalvikvm(  507): GC_CONCURRENT freed 408K, 6% free 8140K/8647K, paused 1ms+5ms
D/PackageManagerArchosUtils(  507): Banning open source version com.android.quicksearchbox
D/dalvikvm(  507): GC_CONCURRENT freed 416K, 6% free 8272K/8775K, paused 2ms+3ms
W/PackageParser(  507): No actions in intent filter at /system/app/Settings.apk Binary XML file line #1149
D/dalvikvm(  507): GC_CONCURRENT freed 435K, 6% free 8371K/8903K, paused 1ms+3ms
D/dalvikvm(  507): GC_CONCURRENT freed 369K, 6% free 8474K/8967K, paused 2ms+7ms
D/PackageManager(  507): No files in app dir /vendor/app
I/installd(  438): new connection
I/Installer(  507): connecting...
D/dalvikvm(  507): GC_CONCURRENT freed 442K, 7% free 8529K/9095K, paused 1ms+4ms
W/PackageParser(  507): Unknown element under <manifest>: meta-data at /data/app/YouTube.apk Binary XML file line #53
W/ResourceType(  507): Failure getting entry for 0x7f0c0030 (t=11 e=48) in package 0 (error -75)
I/PackageParser(  507): com.trevd.archosroot: compat added android.permission.WRITE_EXTERNAL_STORAGE android.permission.READ_PHONE_STATE
W/Resources(  507): Converting to boolean: TypedValue{t=0x3/d=0x4d7 "true" a=2 r=0x7f0e0008}
I/PackageManager(  507): Time to scan packages: 4.123 seconds
W/PackageManager(  507): Unknown permission android.permission.ADD_SYSTEM_SERVICE in package com.android.phone
W/PackageManager(  507): Unknown permission com.android.vending.billing.IBillingAccountService.BIND2 in package com.google.android.gsf.login
W/PackageManager(  507): Not granting permission android.permission.SEND_DOWNLOAD_COMPLETED_INTENTS to package com.android.browser (protectionLevel=2 flags=0x9be45)
W/PackageManager(  507): Unknown permission android.permission.ADD_SYSTEM_SERVICE in package com.archos.servicestarter
W/PackageManager(  507): Unknown permission android.permission.ACCESS_SUPERUSER in package jackpal.androidterm
W/PackageManager(  507): Not granting permission android.permission.ACCOUNT_MANAGER to package com.google.android.music (protectionLevel=2 flags=0x8be65)
W/PackageManager(  507): Unknown permission android.permission.ADD_SYSTEM_SERVICE in package com.archos.usbkeymanager
W/PackageManager(  507): Unknown permission com.android.providers.im.permission.READ_ONLY in package com.google.android.apps.maps
W/PackageManager(  507): Unknown permission android.permission.READ_EXTERNAL_STORAGE in package com.google.android.videoeditor
W/PackageManager(  507): Unknown permission android.permission.READ_EXTERNAL_STORAGE in package com.google.android.videos
W/PackageManager(  507): Unknown permission com.google.android.apps.googlevoice.permission.AUTO_SEND in package com.google.android.voicesearch
W/PackageManager(  507): Not granting permission com.google.android.gm.permission.READ_GMAIL to package com.google.android.apps.uploader (protectionLevel=2 flags=0x8be45)
W/PackageManager(  507): Unknown permission android.permission.READ_EXTERNAL_STORAGE in package com.android.vending
W/PackageManager(  507): Not granting permission android.permission.SEND_DOWNLOAD_COMPLETED_INTENTS to package com.android.vending (protectionLevel=2 flags=0xabe45)
W/PackageManager(  507): Unknown permission com.google.android.verifier.permission.UPDATE_VERIFIER in package com.android.vending
W/PackageManager(  507): Not granting permission android.permission.INJECT_EVENTS to package com.archos.remote (protectionLevel=2 flags=0x8be45)
W/PackageManager(  507): Not granting permission android.permission.BIND_INPUT_METHOD to package com.archos.remote (protectionLevel=2 flags=0x8be45)
D/dalvikvm(  507): GC_CONCURRENT freed 447K, 6% free 8633K/9159K, paused 2ms+3ms
D/dalvikvm(  507): GC_CONCURRENT freed 492K, 8% free 8620K/9287K, paused 2ms+2ms
D/dalvikvm(  507): GC_CONCURRENT freed 434K, 8% free 8612K/9287K, paused 1ms+2ms
D/dalvikvm(  507): GC_CONCURRENT freed 424K, 8% free 8610K/9287K, paused 1ms+2ms
D/dalvikvm(  507): GC_EXPLICIT freed 321K, 8% free 8549K/9287K, paused 1ms+3ms
I/SystemServer(  507): Account Manager
D/PackageManager(  507): generateServicesMap(android.accounts.AccountAuthenticator): 3 services unchanged
I/SystemServer(  507): Content Manager
D/PackageManager(  507): generateServicesMap(android.content.SyncAdapter): 17 services unchanged
I/SystemServer(  507): System Content Providers
I/ActivityThread(  507): Pub settings: com.android.providers.settings.SettingsProvider
D/dalvikvm(  507): GC_CONCURRENT freed 381K, 7% free 8660K/9287K, paused 2ms+4ms
D/SettingsProvider(  507): cache for settings table 'secure' rows=43; fullycached=true
D/SettingsProvider(  507): cache for settings table 'system' rows=61; fullycached=true
D/dalvikvm(  507): GC_CONCURRENT freed 409K, 6% free 8780K/9287K, paused 1ms+3ms
I/SystemServer(  507): Lights Service
I/SystemServer(  507): Battery Service
D/BatteryService(  507): Showing slow charge notification
D/dalvikvm(  507): GC_CONCURRENT freed 641K, 8% free 8667K/9415K, paused 2ms+3ms
D/dalvikvm(  507): GC_CONCURRENT freed 439K, 8% free 8663K/9415K, paused 1ms+2ms
D/dalvikvm(  507): GC_CONCURRENT freed 435K, 8% free 8672K/9415K, paused 2ms+2ms
D/dalvikvm(  507): GC_CONCURRENT freed 447K, 8% free 8664K/9415K, paused 2ms+2ms
D/dalvikvm(  507): GC_CONCURRENT freed 437K, 8% free 8663K/9415K, paused 2ms+2ms
D/BatteryService(  507): Battery capacity on boot: 100%
I/SystemServer(  507): Vibrator Service
I/power   (  507): *** set_screen_state 1
D/PowerManagerService(  507): setPowerLedBrightness to 255
I/cat     (  407): <6>[   28.488891] request_suspend_state: wakeup (3->0) at 28480072024 (2013-08-24 15:39:22.731506349 UTC)
D/dalvikvm(  507): GC_CONCURRENT freed 464K, 8% free 8695K/9415K, paused 2ms+3ms
D/dalvikvm(  507): GC_CONCURRENT freed 367K, 7% free 8775K/9415K, paused 2ms+3ms
D/dalvikvm(  507): GC_CONCURRENT freed 445K, 6% free 8851K/9415K, paused 2ms+3ms
D/dalvikvm(  507): GC_CONCURRENT freed 467K, 7% free 8887K/9479K, paused 2ms+3ms
D/dalvikvm(  507): GC_CONCURRENT freed 483K, 7% free 8940K/9543K, paused 2ms+4ms
D/dalvikvm(  507): GC_CONCURRENT freed 500K, 7% free 8991K/9607K, paused 2ms+4ms
D/AlarmManagerService(  507): Kernel timezone updated to -60 minutes west of GMT
I/SystemServer(  507): Alarm Manager
I/SystemServer(  507): Init Watchdog
I/SystemServer(  507): Window Manager
I/InputManager(  507): Initializing input manager
W/StatusBarManager(  507): warning: no STATUS_BAR_SERVICE
I/cat     (  407): <4>[   30.623504] mma8453q_ctrl_ioctl: Set polling delay 0
I/cat     (  407): <4>[   30.624237] mma8453q_ctrl_ioctl: Set polling delay 200
I/InputManager(  507): Starting input manager
I/SystemServer(  507): Bluetooth Service
I/cat     (  407): <4>[   30.627532] mma8453q_ctrl_ioctl: Set polling delay 66
I/bluedroid(  507): bt_is_enabled: 0
I/EventHub(  507): New device: id=1, fd=106, path='/dev/input/event5', name='cypress-tma340', classes=0x14, configuration='/system/usr/idc/cypress-tma340.idc', keyLayout='', keyCharacterMap='', builtinKeyboard=false
D/EventHub(  507): No input device configuration file found for device 'compass'.
I/BluetoothProfileState(  507): Message:Entering Stable State
I/AudioPlayer(  436): TimeInterpolator::seek(media_time=0)
I/BluetoothProfileState(  507): Message:Entering Stable State
I/BluetoothProfileState(  507): Message:Entering Stable State
I/AudioPlayer(  436): mLatencyUs = 0
E/BluetoothGattClient.cpp(  507): initNative Registering obecjt path at /com/ti/bluetooth/gatt/client
D/BluetoothGattServerService(  507): Creating
I/AudioPlayer(  436): TimeInterpolator state STOPPED -> FIRST_ROLLING (input: POST_BUFFER)
I/AudioPlayer(  436): TimeInterpolator::seek(media_time=0)
I/AudioPlayer(  436): TimeInterpolator FIRST_ROLLING frame_usecs=23219
I/AudioPlayer(  436): TimeInterpolator FIRST_ROLLING frame_usecs=23219
D/EventHub(  507): No input device configuration file found for device 'MMA8453Q Accelerometer'.
I/AudioPlayer(  436): TimeInterpolator FIRST_ROLLING frame_usecs=23219
I/AudioPlayer(  436): TimeInterpolator FIRST_ROLLING frame_usecs=23219
I/AudioPlayer(  436): TimeInterpolator FIRST_ROLLING frame_usecs=23219
I/SystemServer(  507): Input Method Service
W/InputManagerService(  507): Couldn't create dir.: /data/system/inputmethod
I/AudioPlayer(  436): void omap_enhancement::TimeInterpolator::pause(bool)()
I/AudioPlayer(  436): TimeInterpolator state FIRST_ROLLING -> STOPPED (input: STOP)
I/AudioPlayer(  436): TimeInterpolator::seek(media_time=139314)
I/AudioPlayer(  436): void omap_enhancement::TimeInterpolator::pause(bool)()
I/AudioPlayer(  436): TimeInterpolator state STOPPED -> STOPPED (input: STOP)
E/AudioPlayer(  436): TimeInterpolator calling set_state() should actually change a state.
E/AudioPlayer(  436): TimeInterpolator this state should not be reachable.
I/AudioPlayer(  436): TimeInterpolator::seek(media_time=139314)
I/AudioPlayer(  436): TimeInterpolator::seek(media_time=0)
E/EventHub(  507): could not get driver version for /dev/input/mice, Not a typewriter
I/AudioPlayer(  436): TimeInterpolator::seek(media_time=0)
I/AudioPlayer(  436): mLatencyUs = 0
I/AudioPlayer(  436): TimeInterpolator state STOPPED -> FIRST_ROLLING (input: POST_BUFFER)
I/AudioPlayer(  436): TimeInterpolator::seek(media_time=0)
I/AudioPlayer(  436): TimeInterpolator FIRST_ROLLING frame_usecs=23219
D/EventHub(  507): No input device configuration file found for device 'ARCHOS-TWL6040 Headset Jack'.
I/EventHub(  507): New device: id=4, fd=126, path='/dev/input/event4', name='ARCHOS-TWL6040 Headset Jack', classes=0x80, configuration='', keyLayout='', keyCharacterMap='', builtinKeyboard=false
I/AudioPlayer(  436): TimeInterpolator FIRST_ROLLING frame_usecs=23219
D/EventHub(  507): No input device configuration file found for device 'gpio-keys'.
I/AudioPlayer(  436): TimeInterpolator FIRST_ROLLING frame_usecs=23219
I/AudioPlayer(  436): TimeInterpolator FIRST_ROLLING frame_usecs=23219
I/AudioPlayer(  436): TimeInterpolator FIRST_ROLLING frame_usecs=23219
I/EventHub(  507): New device: id=5, fd=127, path='/dev/input/event0', name='gpio-keys', classes=0x1, configuration='', keyLayout='/system/usr/keylayout/Generic.kl', keyCharacterMap='/system/usr/keychars/Generic.kcm', builtinKeyboard=false
D/EventHub(  507): No input device configuration file found for device 'twl6030_pwrbutton'.
I/EventHub(  507): New device: id=6, fd=128, path='/dev/input/event1', name='twl6030_pwrbutton', classes=0x1, configuration='', keyLayout='/system/usr/keylayout/Generic.kl', keyCharacterMap='/system/usr/keychars/Generic.kcm', builtinKeyboard=false
I/InputReader(  507): Device added: id=6, name='twl6030_pwrbutton', sources=0x00000101
I/InputReader(  507): Device added: id=5, name='gpio-keys', sources=0x00000101
I/InputReader(  507): Device added: id=4, name='ARCHOS-TWL6040 Headset Jack', sources=0x80000000
I/InputReader(  507):   Touch device 'cypress-tma340' could not query the properties of its associated display 0.  The device will be inoperable until the display size becomes available.
I/InputReader(  507): Device added: id=1, name='cypress-tma340', sources=0x00001002
I/AudioPlayer(  436): void omap_enhancement::TimeInterpolator::pause(bool)()
I/AudioPlayer(  436): TimeInterpolator state FIRST_ROLLING -> STOPPED (input: STOP)
I/AudioPlayer(  436): TimeInterpolator::seek(media_time=139314)
I/AudioPlayer(  436): void omap_enhancement::TimeInterpolator::pause(bool)()
I/AudioPlayer(  436): TimeInterpolator state STOPPED -> STOPPED (input: STOP)
E/AudioPlayer(  436): TimeInterpolator calling set_state() should actually change a state.
E/AudioPlayer(  436): TimeInterpolator this state should not be reachable.
I/AudioPlayer(  436): TimeInterpolator::seek(media_time=139314)
I/AudioPlayer(  436): TimeInterpolator::seek(media_time=0)
D/dalvikvm(  507): GC_CONCURRENT freed 425K, 6% free 9172K/9735K, paused 2ms+4ms
W/ResourceType(  507): Failure getting entry for 0x7f060000 (t=5 e=0) in package 0 (error -75)
I/InputReader(  507): Reconfiguring input devices.  changes=0x00000004
I/InputReader(  507): Device reconfigured: id=1, name='cypress-tma340', surface size is now 1024x768, mode is 1
D/PermissionCache(  433): checking android.permission.ACCESS_SURFACE_FLINGER for uid=1000 => granted (305 us)
I/SystemServer(  507): Accessibility Manager
I/ActivityManager(  507): Config changed: {1.0 0mcc0mnc en_GB layoutdir=0 sw768dp w1024dp h720dp xlrg land ?uimode ?night finger -keyb/v/h -nav/h s.2}
I/SystemServer(  507): Device Policy
I/SystemServer(  507): Status Bar
I/SystemServer(  507): Starting archos update Service.
I/SystemServer(  507): Clipboard Service
I/SystemServer(  507): NetworkManagement Service
I/SystemServer(  507): Text Service Manager Service
I/SystemServer(  507): NetworkStats Service
I/SystemServer(  507): NetworkPolicy Service
I/SystemServer(  507): Wi-Fi P2pService
I/SystemServer(  507): Wi-Fi Service
E/CommandListener(  430): Failed to open /proc/sys/net/ipv6/conf/wlan0/disable_ipv6: No such file or directory
E/WifiStateMachine(  507): Failed to disable IPv6: java.lang.IllegalStateException: Unable to communicate to native daemon for disabling ipv6
D/SpxUtils(  507): Wifi MAC OK : 00:16:DC:66:D4:9A
I/SystemServer(  507): Connectivity Service
D/ConnectivityService(  507): ConnectivityService starting up
D/Ethernet(  507): run DHCP for 
D/Ethernet(  507): empty ethernet interface no need to run dhcp
D/NetworkManagementService(  507): Registering observer
E/MobileDataStateTracker(  507): default: Ignoring feature request because could not acquire PhoneService
E/MobileDataStateTracker(  507): default: Could not enable APN type "default"
D/NetworkManagementService(  507): Registering observer
D/NetworkManagementService(  507): Registering observer
I/WifiService(  507): WifiService starting up with Wi-Fi enabled
I/SystemServer(  507): Throttle Service
I/SystemServer(  507): Mount Service
D/MountService(  507): got storage path: /mnt/storage description: Internal Storage primary: true removable: false emulated: true mtpReserve: 0 allowMassStorage: false maxFileSize: 0
I/MountService(  507): no hdd device : force mtpReserve @ 300 we really need to keep free space
D/MountService(  507): got storage path: /mnt/sdcard description: SD Card primary: false removable: true emulated: false mtpReserve: 0 allowMassStorage: false maxFileSize: 0
D/MountService(  507): got storage path: /mnt/ext_storage description: USB storage primary: false removable: true emulated: false mtpReserve: 0 allowMassStorage: false maxFileSize: 0
D/MountService(  507): using emulated external storage
I/SystemServer(  507): Notification Manager
I/SystemServer(  507): Device Storage Monitor
I/SystemServer(  507): starting SUPL Service (SystemServer)
D/VoldCmdListener(  421): volume list
D/MountService(  507): volume state changed for /mnt/sdcard (null -> unmounted)
D/MountService(  507): volume state changed for /mnt/ext_storage (null -> removed)
D/hs_jni  (  507): android_supl_HelperService_JNI.cpp: JNI_OnLoad: ##########
D/hs_jni  (  507):  JNI_OnLoad: Entering 
D/GadgetObserver(  507): init
E/GadgetObserver(  507): Kernel module not found
I/SystemServer(  507): GadgetObserver
I/SystemServer(  507): Location Manager
D/SuplConfig(  507): TAG - port, VAL - 7275
D/SuplConfig(  507): TAG - ImplType, VAL - Socket
D/SuplConfig(  507): TAG - ProtocolType, VAL - TLS
D/SuplConfig(  507): TAG - StorePath, VAL - /system/etc/gps/cert/client_keystore.bks
D/SuplConfig(  507): TAG - slp_type, VAL - FQDN_IP
D/SuplConfig(  507): TAG - slphost_fqdn, VAL - supl.google.com
D/SuplConfig(  507): TAG - Localhost, VAL - false
W/SUPLServer(  507): Setting CNet parameters: Implementation [Socket] Protocol [TLS]
D/CSUPL_LP(  507): init():+ CSUPL_LP Ctor
D/CSUPL_LP(  507): init(): Init mContext=android.app.ContextImpl@4118d170
D/CSUPL_LP(  507): init():- CSUPL_LP Ctor
D/SuplConfig(  507): celltype = NULL
D/hs_jni  (  507):  Java_startSocketServer: Entering 
D/hs_jni  (  507):  createSocketServer: Entering 
D/hs_jni  (  507):  createSocketServer: unlink !!! 
I/SystemServer(  507): Country Detector
I/SystemServer(  507): Search Service
I/SystemServer(  507): DropBox Service
I/SystemServer(  507): Wallpaper Service
I/SystemServer(  507): Audio Service
D/dalvikvm(  507): GC_CONCURRENT freed 401K, 5% free 9439K/9927K, paused 2ms+5ms
I/SystemServer(  507): Dock Observer
W/DockObserver(  507): This kernel does not have dock station support
I/SystemServer(  507): Wired Accessory Observer
I/SystemServer(  507): USB Service
I/SystemServer(  507): UI Mode Manager Service
I/SystemServer(  507): Backup Service
I/cat     (  407): <6>[   31.089141] acc_open
I/cat     (  407): <6>[   31.089263] acc_release
V/BackupManagerService(  507): Initializing package tracking
V/BackupManagerService(  507): No ancestral data
V/BackupManagerService(  507): addPackageParticipantsLocked: all
I/BackupManagerService(  507): New app android never backed up; scheduling
I/BackupManagerService(  507): New app com.android.browser never backed up; scheduling
I/BackupManagerService(  507): New app com.android.providers.settings never backed up; scheduling
I/BackupManagerService(  507): New app com.android.providers.userdictionary never backed up; scheduling
D/dalvikvm(  507): GC_CONCURRENT freed 591K, 7% free 9554K/10247K, paused 2ms+4ms
D/CommandListener(  430): Setting iface cfg
D/CommandListener(  430): Trying to bring down wlan0
D/CommandListener(  430): broadcast flag ignored
D/CommandListener(  430): multicast flag ignored
D/NetworkManagementService(  507): rsp <213 00:16:dc:66:d4:9a 0.0.0.0 0 [down broadcast multicast]>
D/NetworkManagementService(  507): flags <[down broadcast multicast]>
I/cat     (  407): <6>[   31.306335] wl12xx: loaded
I/BackupManagerService(  507): New app com.android.sharedstoragebackup never backed up; scheduling
I/BackupManagerService(  507): New app com.android.vending never backed up; scheduling
I/BackupManagerService(  507): New app com.google.android.calendar never backed up; scheduling
I/BackupManagerService(  507): New app com.google.android.gm never backed up; scheduling
I/BackupManagerService(  507): New app com.google.android.inputmethod.latin never backed up; scheduling
V/BackupManagerService(  507): Registering transport android/com.android.internal.backup.LocalTransport = com.android.internal.backup.LocalTransport@413b2dd0
V/BackupManagerService(  507): Starting with transport com.google.android.backup/.BackupTransportService
V/BackupManagerService(  507): Binding to Google transport
I/BackupManagerService(  507): Found stale backup journal, scheduling
I/BackupManagerService(  507):   android
I/wpa_supplicant(  579): rfkill: Cannot open RFKILL control device
I/BackupManagerService(  507):   com.android.browser
I/BackupManagerService(  507):   com.android.providers.settings
I/BackupManagerService(  507):   com.android.providers.userdictionary
I/BackupManagerService(  507):   com.android.sharedstoragebackup
I/BackupManagerService(  507):   com.android.vending
I/BackupManagerService(  507):   com.google.android.calendar
I/BackupManagerService(  507):   com.google.android.gm
I/BackupManagerService(  507):   com.google.android.inputmethod.latin
I/BackupManagerService(  507): Backup enabled => false
I/BackupManagerService(  507): Opting out of backup
I/SystemServer(  507): AppWidget Service
I/SystemServer(  507): Recognition Service
I/SystemServer(  507): DiskStats Service
I/SystemServer(  507): SamplingProfiler Service
I/cat     (  407): <6>[   31.505432] wl12xx: open_count=0, add=1, current_fw=0
I/cat     (  407): <6>[   31.505615] wl12xx: state: 0
I/WindowManager(  507): SAFE MODE not enabled
D/dalvikvm(  507): JIT started for system_server
I/SystemServer(  507): NetworkTimeUpdateService
D/PowerManagerService(  507): system ready!
I/Zygote  (  507): Process: zygote socket opened
D/Migration(  507): Here we got the receiver list with 1 items
D/Migration(  507): Send intent to com.archos.migration
V/TransportControlView(  507): Create TCV com.android.internal.widget.TransportControlView@4146a1c8
I/ActivityManager(  507): Start proc com.archos.migration for broadcast com.archos.migration/.Migration: pid=584 uid=1000 gids={1015, 1023, 3002, 3001, 3003, 3005, 1004, 2002, 1006, 3007}
I/ActivityManager(  507): System now ready
I/SystemServer(  507): Making services ready
D/SystemServer(  507): Starting service: Intent { cmp=com.android.systemui/.SystemUIService }
I/ActivityManager(  507): Start proc com.android.systemui for service com.android.systemui/.SystemUIService: pid=599 uid=1000 gids={1015, 1023, 3002, 3001, 3003, 3005, 1004, 2002, 1006, 3007}
D/NetworkManagementService(  507): enabling bandwidth control
D/Migration(  584): Current migration version 4 while stored migration version is 4
D/SystemUIService(  599): loading: class com.android.systemui.statusbar.tablet.TabletStatusBar
D/SystemUIService(  599): running: com.android.systemui.statusbar.tablet.TabletStatusBar@41152790
I/StatusBar.HeightReceiver(  599): Resizing status bar plugged=false height=48 old=0
D/libEGL  (  507): loaded /system/lib/egl/libGLES_android.so
D/libEGL  (  507): loaded /system/lib/egl/libEGL_POWERVR_SGX540_120.so
D/dalvikvm(  507): GC_CONCURRENT freed 266K, 5% free 9982K/10439K, paused 2ms+24ms
D/libEGL  (  507): loaded /system/lib/egl/libGLESv1_CM_POWERVR_SGX540_120.so
D/libEGL  (  507): loaded /system/lib/egl/libGLESv2_POWERVR_SGX540_120.so
I/cat     (  407): <7>[   32.145660] wl12xx: TEST_CMD_INI_FILE_RADIO_PARAM: 00000000: 00 00 00 00 19 00 00 00 00 00 ec f6 00 0c 18 f8
I/cat     (  407): <7>[   32.145904] wl12xx: TEST_CMD_INI_FILE_RADIO_PARAM: 00000010: fc 00 08 10 f0 f8 00 0a 14 00 00 00 00 00 00 00
I/cat     (  407): <7>[   32.146087] wl12xx: TEST_CMD_INI_FILE_RADIO_PARAM: 00000020: 00 00 00 00 00 00 00 00 00 00 00 00 00 00 00 00
I/cat     (  407): <7>[   32.146209] wl12xx: TEST_CMD_INI_FILE_RADIO_PARAM: 00000030: 00 00 00 00 00 00 77 01 80 00 1d 1f 22 26 27 29
I/cat     (  407): <7>[   32.146392] wl12xx: TEST_CMD_INI_FILE_RADIO_PARAM: 00000040: 1a 1f 22 25 25 27 16 1d 1e 20 24 25 50 50 50 50
I/cat     (  407): <7>[   32.146636] wl12xx: TEST_CMD_INI_FILE_RADIO_PARAM: 00000050: 50 50 50 50 50 50 50 50 50 50 50 50 50 50 50 50
I/cat     (  407): <7>[   32.146850] wl12xx: TEST_CMD_INI_FILE_RADIO_PARAM: 00000060: 50 50 50 50 50 50 50 50 01 02 02 02 02 00 11 11
I/cat     (  407): <7>[   32.147064] wl12xx: TEST_CMD_INI_FILE_RADIO_PARAM: 00000070: 15 11 15 0f 0e 1e 2d 00 00 00 00 00 00 00 00 00
I/cat     (  407): <7>[   32.147308] wl12xx: TEST_CMD_INI_FILE_RADIO_PARAM: 00000080: 00 00 00 00 00 00 00 00 00 00 00 00 00 00 00 00
I/cat     (  407): <7>[   32.147521] wl12xx: TEST_CMD_INI_FILE_RADIO_PARAM: 00000090: 00 00 00 00 00 00 00 00 00 00 00 00 00 00 00 00
I/cat     (  407): <7>[   32.147735] wl12xx: TEST_CMD_INI_FILE_RADIO_PARAM: 000000a0: 00 00 00 00 00 00 00 00 00 00 00 00 00 00 00 00
I/cat     (  407): <7>[   32.147857] wl12xx: TEST_CMD_INI_FILE_RADIO_PARAM: 000000b0: 00 00 00 00 00 00 00 00 00 00 00 00 00 00 00 00
I/cat     (  407): <7>[   32.148071] wl12xx: TEST_CMD_INI_FILE_RADIO_PARAM: 000000c0: 00 00 00 00 00 00 00 00 00 00 00 00 00 00 00 00
I/cat     (  407): <7>[   32.148315] wl12xx: TEST_CMD_INI_FILE_RADIO_PARAM: 000000d0: 00 00 00 00 00 00 00 00 00 00 00 00 00 00 00 00
I/cat     (  407): <7>[   32.149047] wl12xx: TEST_CMD_INI_FILE_EXT_RADIO_PARAM: 00000000: 00 00 00 00 26 00 00 00 00 00 00 00 00 00 00 00
I/cat     (  407): <7>[   32.149383] wl12xx: TEST_CMD_INI_FILE_EXT_RADIO_PARAM: 00000010: 00 00 00 00 00 00 00 00 00 00 00 00 00 00 00 00
I/cat     (  407): <7>[   32.152252] wl12xx: TEST_CMD_INI_FILE_EXT_RADIO_PARAM: 00000020: 00 00 00 00
D/dalvikvm(  599): GC_CONCURRENT freed 118K, 4% free 6867K/7111K, paused 2ms+3ms
I/cat     (  407): <6>[   32.201507] wl12xx: firmware booted (Rev 6.3.8.0.111)
D/NetworkManagementService(  507): Registering observer
I/cat     (  407): <6>[   32.239532] ADDRCONF(NETDEV_UP): wlan0: link is not ready
D/NetworkManagementService(  507): Registering observer
I/ActivityManager(  507): Config changed: {1.0 0mcc0mnc en_GB layoutdir=0 sw768dp w1024dp h720dp xlrg land finger -keyb/v/h -nav/h s.3}
W/System.err(  507): java.io.FileNotFoundException: /sys/devices/platform/archos_gadget_detect/state: open failed: ENOENT (No such file or directory)
W/System.err(  507): 	at libcore.io.IoBridge.open(IoBridge.java:406)
W/System.err(  507): 	at java.io.FileInputStream.<init>(FileInputStream.java:78)
W/System.err(  507): 	at com.android.server.GadgetObserver.getGadgetState(GadgetObserver.java:142)
W/System.err(  507): 	at com.android.server.GadgetObserver.systemReady(GadgetObserver.java:288)
W/System.err(  507): 	at com.android.server.ServerThread$1.run(SystemServer.java:766)
W/System.err(  507): 	at com.android.server.am.ActivityManagerService.systemReady(ActivityManagerService.java:7119)
W/System.err(  507): 	at com.android.server.ServerThread.run(SystemServer.java:715)
W/System.err(  507): Caused by: libcore.io.ErrnoException: open failed: ENOENT (No such file or directory)
W/System.err(  507): 	at libcore.io.Posix.open(Native Method)
W/System.err(  507): 	at libcore.io.BlockGuardOs.open(BlockGuardOs.java:110)
W/System.err(  507): 	at libcore.io.IoBridge.open(IoBridge.java:390)
W/System.err(  507): 	... 6 more
D/GadgetObserver(  507): BatteryReceiver : true
D/OpenGLRenderer(  507): Enabling debug mode 0
D/dalvikvm(  599): GC_CONCURRENT freed 22K, 3% free 7279K/7495K, paused 1ms+13ms
I/wpa_supplicant(  579): wpa_driver_nl80211_driver_cmd: Unsupported command BTCOEXSCAN-STOP
D/WifiStateMachine(  507): Setting default countryCode to US
I/ActivityManager(  507): Start proc com.android.settings for broadcast com.android.settings/.widget.SettingsAppWidgetProvider: pid=648 uid=1000 gids={1015, 1023, 3002, 3001, 3003, 3005, 1004, 2002, 1006, 3007}
I/cat     (  407): <7>[   32.451934] wl12xx: RX_FILTER: 00000000: 00 00 00 00 00 00 00 00 01 00 01 01 00 00 06 02
I/cat     (  407): <7>[   32.452148] wl12xx: RX_FILTER: 00000010: 00 16 dc 66 d4 9a 00 00
I/cat     (  407): <7>[   32.452819] wl12xx: RX_FILTER: 00000000: 00 00 00 00 00 00 00 00 01 01 01 01 00 00 06 02
I/cat     (  407): <7>[   32.452941] wl12xx: RX_FILTER: 00000010: ff ff ff ff ff ff 00 00
I/cat     (  407): <7>[   32.453552] wl12xx: RX_FILTER: 00000000: 00 00 00 00 00 00 00 00 01 02 01 01 00 00 02 02
I/cat     (  407): <7>[   32.453735] wl12xx: RX_FILTER: 00000010: 33 33 00 00
I/cat     (  407): <7>[   32.465667] wl12xx: RX_FILTER: 00000000: 00 00 00 00 00 00 00 00 00 00 00 00
I/cat     (  407): <7>[   32.468048] wl12xx: RX_FILTER: 00000000: 00 00 00 00 00 00 00 00 00 01 00 00
I/cat     (  407): <7>[   32.470489] wl12xx: RX_FILTER: 00000000: 00 00 00 00 00 00 00 00 00 02 00 00
I/cat     (  407): <7>[   32.472351] wl12xx: RX_FILTER: 00000000: 00 00 00 00 00 00 00 00 01 00 01 01 00 00 06 02
I/cat     (  407): <7>[   32.472595] wl12xx: RX_FILTER: 00000010: 00 16 dc 66 d4 9a 00 00
I/cat     (  407): <7>[   32.473236] wl12xx: RX_FILTER: 00000000: 00 00 00 00 00 00 00 00 01 01 01 01 00 00 06 02
I/cat     (  407): <7>[   32.473419] wl12xx: RX_FILTER: 00000010: ff ff ff ff ff ff 00 00
I/cat     (  407): <7>[   32.474822] wl12xx: RX_FILTER: 00000000: 00 00 00 00 00 00 00 00 01 02 01 01 00 00 02 02
I/cat     (  407): <7>[   32.475006] wl12xx: RX_FILTER: 00000010: 33 33 00 00
D/NotificationService(  507): new notification:  numberDiff: 1 ticker: Connected as a media device pkg: android id: 17040399 tag: null priority: 100
D/NotificationService(  507): new notification:  numberDiff: 1 ticker: USB debugging connected pkg: android id: 17040407 tag: null priority: 100
I/wpa_supplicant(  579): wpa_driver_nl80211_driver_cmd: Unsupported command COUNTRY US
I/wpa_supplicant(  579): wpa_driver_nl80211_driver_cmd: Unsupported command SCAN-ACTIVE
I/wpa_supplicant(  579): wpa_driver_nl80211_driver_cmd: Unsupported command SCAN-PASSIVE
W/ResourceType(  599): No package identifier when getting value for resource number 0x00000000
W/PackageManager(  599): Failure retrieving resources forcom.google.android.voicesearch: Resource ID #0x0
I/StatusBarManagerService(  507): registerStatusBar bar=com.android.internal.statusbar.IStatusBar$Stub$Proxy@412c4fe8
D/dalvikvm(  599): GC_CONCURRENT freed 55K, 3% free 7684K/7879K, paused 1ms+31ms
D/SettingsAttProfile(  648): Att server connected
D/LocalBluetoothProfileManager(  648): LocalBluetoothProfileManager construction complete
W/InputManagerService(  507): Ignoring setImeWindowStatus of uid 1000 token: null
I/ActivityManager(  507): Start proc com.google.android.inputmethod.latin for service com.google.android.inputmethod.latin/com.android.inputmethod.latin.LatinIME: pid=662 uid=10034 gids={}
I/ActivityManager(  507): Start proc com.archos.demomode for broadcast com.archos.demomode/.DemoModeReceiver: pid=673 uid=1000 gids={1015, 1023, 3002, 3001, 3003, 3005, 1004, 2002, 1006, 3007}
D/NetworkManagementService(  507): Registering observer
D/SystemUIService(  599): loading: class com.android.systemui.power.PowerUI
D/SystemUIService(  599): running: com.android.systemui.power.PowerUI@41264ae0
W/ThrottleService(  507): unable to find stats for iface ppp1
I/ActivityManager(  507): Start proc com.android.phone for added application com.android.phone: pid=693 uid=1001 gids={3002, 3001, 3003, 3005, 1015, 1023}
I/ActivityManager(  507): Start proc com.archos.servicestarter for added application com.archos.servicestarter: pid=706 uid=1000 gids={1015, 1023, 3002, 3001, 3003, 3005, 1004, 2002, 1006, 3007}
I/ActivityManager(  507): Start proc com.archos.usbkeymanager for added application com.archos.usbkeymanager: pid=713 uid=1001 gids={3002, 3001, 3003, 3005, 1015, 1023}
I/ActivityManager(  507): Start proc com.archos.systemui for added application com.archos.systemui: pid=726 uid=1000 gids={1015, 1023, 3002, 3001, 3003, 3005, 1004, 2002, 1006, 3007}
I/ActivityManager(  507): START {act=android.intent.action.MAIN cat=[android.intent.category.HOME] flg=0x10000000 cmp=com.android.launcher/com.android.launcher2.Launcher} from pid 0
D/dalvikvm(  434): GC_EXPLICIT freed 37K, 5% free 6524K/6851K, paused 1ms+11ms
I/wpa_supplicant(  579): wlan0: SME: Trying to authenticate with 00:24:17:31:1f:69 (SSID='Next-door' freq=2417 MHz)
D/dalvikvm(  434): GC_EXPLICIT freed <1K, 5% free 6524K/6851K, paused 4ms+12ms
I/cat     (  407): <7>[   33.369171] wlan0: direct probe to 00:24:17:31:1f:69 (try 1/5)
D/dalvikvm(  434): GC_EXPLICIT freed <1K, 5% free 6524K/6851K, paused 4ms+1ms
E/SystemServer(  507): Couldn't restore overscanandroid.provider.Settings$SettingNotFoundException: overscan
I/ActivityManager(  507): Start proc com.android.launcher for activity com.android.launcher/com.android.launcher2.Launcher: pid=758 uid=10035 gids={}
D/NotificationService(  507): new notification:  numberDiff: 1 ticker: null pkg: android id: 0 tag: BatteryService priority: 100
D/PowerManagerService(  507): setPowerLedBrightness to 255
D/WifiService(  507): New client listening to asynchronous messages
D/dalvikvm(  662): GC_CONCURRENT freed 152K, 4% free 6880K/7111K, paused 2ms+3ms
I/cat     (  407): <7>[   33.563629] wlan0: direct probe to 00:24:17:31:1f:69 (try 2/5)
I/ActivityManager(  507): Start proc com.google.android.inputmethod.latin.dictionarypack for content provider com.google.android.inputmethod.latin.dictionarypack/.DictionaryProvider: pid=771 uid=10033 gids={3003, 1015, 1023}
I/ActivityManager(  507): Start proc android.process.acore for content provider com.android.providers.userdictionary/.UserDictionaryProvider: pid=781 uid=10000 gids={3003, 1015, 1023}
I/ActivityManager(  507): Start proc android.process.media for broadcast com.android.providers.media/.UsbReceiver: pid=796 uid=10018 gids={1015, 1023, 1024, 2001, 3003, 3007}
I/ActivityThread(  771): Pub com.android.inputmethod.latin.dictionarypack: com.google.android.inputmethod.latin.dictionarypack.DictionaryProvider
I/ActivityThread(  781): Pub com.android.voicemail: com.android.providers.contacts.VoicemailContentProvider
I/cat     (  407): <7>[   33.758880] wlan0: direct probe to 00:24:17:31:1f:69 (try 3/5)
I/ActivityThread(  796): Pub media: com.android.providers.media.MediaProvider
I/StatusBar.HeightReceiver(  599): Resizing status bar plugged=false height=48 old=48
I/ActivityThread(  758): Pub com.android.launcher2.settings: com.android.launcher2.LauncherProvider
I/cat     (  407): <7>[   33.954406] wlan0: direct probe to 00:24:17:31:1f:69 (try 4/5)
I/ActivityThread(  693): Pub telephony: com.android.providers.telephony.TelephonyProvider
W/TelephonyProvider(  693): onCreate: confFile=/system/etc/apns-conf.xml oldCheckSum=-1
I/ActivityThread(  693): Pub icc: com.android.phone.IccProvider
I/ActivityThread(  781): Pub user_dictionary: com.android.providers.userdictionary.UserDictionaryProvider
