I/ActivityThread(  781): Pub com.android.social: com.android.providers.contacts.SocialProvider
I/ActivityThread(  781): Pub applications: com.android.providers.applications.ApplicationsProvider
I/ActivityThread(  693): Pub mms: com.android.providers.telephony.MmsProvider
I/ActivityThread(  693): Pub sms: com.android.providers.telephony.SmsProvider
I/ActivityThread(  693): Pub mms-sms: com.android.providers.telephony.MmsSmsProvider
I/cat     (  407): <7>[   34.149505] wlan0: direct probe to 00:24:17:31:1f:69 (try 5/5)
D/dalvikvm(  507): GC_CONCURRENT freed 1016K, 11% free 9744K/10887K, paused 2ms+24ms
I/ActivityThread(  781): Pub contacts;com.android.contacts: com.android.providers.contacts.ContactsProvider2
I/ActivityThread(  781): Pub call_log: com.android.providers.contacts.CallLogProvider
I/ActivityManager(  507): Start proc com.android.smspush for service com.android.smspush/.WapPushManager: pid=827 uid=10059 gids={}
I/cat     (  407): <7>[   34.344818] wlan0: direct probe to 00:24:17:31:1f:69 timed out
D/        (  693): [ApnContext] set reason as dataEnabled, for type default,current state IDLE
D/        (  693): [ApnContext] set reason as dataEnabled, for type mms,current state IDLE
D/        (  693): [ApnContext] set reason as dataEnabled, for type supl,current state IDLE
D/        (  693): [ApnContext] set reason as dataEnabled, for type hipri,current state IDLE
D/        (  693): [ApnContext] set reason as dataEnabled, for type fota,current state IDLE
D/        (  693): [ApnContext] set reason as dataEnabled, for type ims,current state IDLE
D/        (  693): [ApnContext] set reason as dataEnabled, for type cbs,current state IDLE
I/ActivityThread(  796): Pub downloads: com.android.providers.downloads.DownloadProvider
D/CAT     (  693): CatService: Running CAT service. STK app installed:false
D/CAT     (  693): CatService: NEW sInstance
D/CallManager(  693): registerPhone(GSM Handler (com.android.internal.telephony.PhoneProxy) {41160c18})
D/dalvikvm(  693): GC_CONCURRENT freed 213K, 5% free 6762K/7111K, paused 2ms+6ms
I/ActivityThread(  796): Pub drm: com.android.providers.drm.DrmProvider
I/DownloadManager(  796): in removeSpuriousFiles
D/AudioSpeexSRC(  436): AudioResamplerSpeex::init() mChannelCount=2, mInSampleRate=44100, mSampleRate=44100, mQuality=2
D/AudioResampler(  436): static resampler for checkRate() allocated
W/ActivityManager(  507): Unable to start service Intent { act=com.android.ussd.IExtendedNetworkService }: not found
D/dalvikvm(  507): GC_EXPLICIT freed 99K, 11% free 9724K/10887K, paused 2ms+5ms
I/DownloadManager(  796): in removeSpuriousFiles, preserving file /data/data/com.android.providers.downloads/cache/metadata.json
I/DownloadManager(  796): in removeSpuriousFiles, preserving file /data/data/com.android.providers.downloads/cache/metadata.json
I/DownloadManager(  796): in removeSpuriousFiles, preserving file /data/data/com.android.providers.downloads/cache/en_general.htm
I/ActivityManager(  507): Start proc com.archos.tweakwidget for broadcast com.archos.tweakwidget/.TetherUSBWidgetProvider: pid=850 uid=10055 gids={}
D/MtpService(  796): Volume=/mnt/ext_storage blacklisted
D/MtpService(  796): addStorageLocked 65537 /mnt/storage
D/MtpService(  796): starting MTP server in MTP mode
D/MtpService(  796): addStorageLocked 65537 /mnt/storage
I/cat     (  407): <6>[   34.809234] mtp_open
E/MtpServer(  796): Device = A80S Icon = /system/usr/share/mtp/DevIcon.A80S.fil
D/MtpServer(  796): Setting Timeout to 20
D/dalvikvm(  758): GC_CONCURRENT freed 192K, 4% free 6834K/7111K, paused 3ms+32ms
D/dalvikvm(  781): GC_CONCURRENT freed 186K, 5% free 6780K/7111K, paused 2ms+1ms
I/ActivityManager(  507): Start proc com.google.android.partnersetup for broadcast com.google.android.partnersetup/.PhoneStateReceiver: pid=866 uid=10028 gids={3003}
D/Bluetooth HSHFP(  693): Starting BluetoothHeadsetService
W/CallNotifier(  693): Got onMwiChanged() on non-voice-capable device! Ignoring...
I/ActivityThread(  866): Pub com.google.android.partnersetup.rlzprovider: com.google.android.partnersetup.RlzProvider
I/ActivityThread(  866): Pub com.google.android.partnersetup.rlzappprovider: com.google.android.partnersetup.RlzAppProvider
I/cat     (  407): <4>[   35.166503] wl12xx: WARNING Unable to flush all TX buffers, timed out.
V/SipBroadcastReceiver(  693): SIP VOIP not supported: android.net.sip.SIP_SERVICE_UP
I/TabletStatusBar(  599): DISABLE_CLOCK: yes
I/SearchManagerService(  507): Building list of searchable activities
D/libEGL  (  599): loaded /system/lib/egl/libGLES_android.so
D/libEGL  (  599): loaded /system/lib/egl/libEGL_POWERVR_SGX540_120.so
D/libEGL  (  599): loaded /system/lib/egl/libGLESv1_CM_POWERVR_SGX540_120.so
D/libEGL  (  599): loaded /system/lib/egl/libGLESv2_POWERVR_SGX540_120.so
I/wpa_supplicant(  579): wlan0: SME: Trying to authenticate with 00:24:17:31:1f:69 (SSID='Next-door' freq=2417 MHz)
D/OpenGLRenderer(  599): Enabling debug mode 0
I/cat     (  407): <7>[   35.782501] wlan0: authenticate with 00:24:17:31:1f:69 (try 1)
I/cat     (  407): <7>[   35.977661] wlan0: authenticate with 00:24:17:31:1f:69 (try 2)
D/dalvikvm(  758): GC_CONCURRENT freed 168K, 5% free 7063K/7367K, paused 3ms+5ms
I/cat     (  407): <7>[   36.173004] wlan0: authenticate with 00:24:17:31:1f:69 (try 3)
I/cat     (  407): <7>[   36.368377] wlan0: authenticate with 00:24:17:31:1f:69 (try 4)
I/cat     (  407): <7>[   36.563598] wlan0: authenticate with 00:24:17:31:1f:69 (try 5)
D/gps.archos.so(  507): In open_gps
D/gps.archos.so(  507):  ti_gps_init: Entering 
D/gps.archos.so(  507): set_navl_server: Entering!
I/cat     (  407): <7>[   36.759277] wlan0: authentication with 00:24:17:31:1f:69 timed out
I/NAVD    (  884): MCP_MAIN((null)):pla_cmdParse_GeneralCmdLine: cmd line "/system/bin/navd --android_log NAVD -p3 -nav"-c/system/etc/gp (207@external/mcp/MCP_Common/Platform/os/LINUX/common/pla_cmdParse.c)
I/NAVD    (  884):  SERVER_MCPF((null)):***** MCP_Init: mcpf_create() SUCCESS! nav_str = -p3 -c/system/etc/gps/config/pathconfigfile.txt *** (150@external/mcp/NaviLink/nav/nav_main.c)
I/NAVD    (  884):  SERVER_NAVC((null)):NAVC_Create:cmdline agr: -p3 -c/system/etc/gps/config/pathconfigfile.txt (132@external/mcp/NaviLink/NAVC/navc_main.c)
I/NAVD    (  884):  SERVER_NAVC((null)):***** NAVC_Create() 2 ***** (134@external/mcp/NaviLink/NAVC/navc_main.c)
I/NAVD    (  884):  SERVER_NAVC((null)):***** NAVC_Create() 3 ***** (143@external/mcp/NaviLink/NAVC/navc_main.c)
I/NAVD    (  884):  SERVER_NAVC((null)):***** NAVC_Create() 4 ***** (155@external/mcp/NaviLink/NAVC/navc_main.c)
I/NAVD    (  884):  SERVER_NAVC((null)):***** NAVC_Create() 5 ***** (165@external/mcp/NaviLink/NAVC/navc_main.c)
I/NAVD    (  884):  SERVER_NAVC((null)):***** NAVC_Create() 6 ***** (177@external/mcp/NaviLink/NAVC/navc_main.c)
I/NAVD    (  884):  SERVER_NAVC((null)):***** NAVC_Create() 7 ***** (190@external/mcp/NaviLink/NAVC/navc_main.c)
I/NAVD    (  884):  SERVER_NAVC((null)):***** NAVC_Create() 8 ***** (203@external/mcp/NaviLink/NAVC/navc_main.c)
I/NAVD    (  884):  SERVER_NAVC((null)):***** NAVC_Create() 9 ***** (217@external/mcp/NaviLink/NAVC/navc_main.c)
I/NAVD    (  884):  SERVER_NAVC((null)):***** NAVC_Create() 10 ***** (233@external/mcp/NaviLink/NAVC/navc_main.c)
D/NAVD    (  884):  SERVER_ST((null)):INIT: (200@external/mcp/MCP_Common/Platform/os/LINUX/common/mcp_hal_st.c)
D/NAVD    (  884):  SERVER_ST((null)):HAL_ST_Create OK (200@external/mcp/MCP_Common/Platform/os/LINUX/common/mcp_hal_st.c)
I/NAVD    (  884):  SERVER_NAVC((null)):***** NAVC_Create() 11 ***** (267@external/mcp/NaviLink/NAVC/navc_main.c)
I/NAVD    (  884):  SERVER_NAVC((null)):***** NAVC_Create() 12 ***** (277@external/mcp/NaviLink/NAVC/navc_main.c)
E/NAVD    (  884):  SERVER_NAVC((null)):navcTime_init: gpsweek=1754,gpsmsec = 574771000, GPSSec = 1061393971  (122@external/mcp/NaviLink/NAVC/navc_time.c)
I/NAVD    (  884):  SERVER_NAVC((null)):Control File: /system/etc/gps/config/pathconfigfile.txt (287@external/mcp/NaviLink/NAVC/navc_main.c)
I/NAVD    (  884):  SERVER_NAVC((null)):NavcSm: State=NULL   , Event=CREATE   (128@external/mcp/NaviLink/NAVC/navc_sm.c)
I/NAVD    (  884):  SERVER_NAVC((null)):gpsc_parse_control_file (913@external/mcp/NaviLink/NAVC/Core/gpsc_app_api.c)
I/NAVD    (  884):  SERVER_NAVC((null)):gpsc_parse_control_file: opened control file - /system/etc/gps/config/pathconfigfile.txt (925@external/mcp/NaviLink/NAVC/Core/gpsc_app_api.c)
I/NAVD    (  884):  SERVER_NAVC((null)):GPSC_CONFIG_FILE: /system/etc/gps/config/GPSCConfigFile.cfg (939@external/mcp/NaviLink/NAVC/Core/gpsc_app_api.c)
I/NAVD    (  884):  SERVER_NAVC((null)):PATCH_FILE: /system/etc/gps/patch/patch-X.0.ce (944@external/mcp/NaviLink/NAVC/Core/gpsc_app_api.c)
I/NAVD    (  884):  SERVER_NAVC((null)):AIDING_PATH: /data/gps/aiding/ (949@external/mcp/NaviLink/NAVC/Core/gpsc_app_api.c)
I/NAVD    (  884):  SERVER_NAVC((null)):LOGGER_CONTROL: 0x0 (967@external/mcp/NaviLink/NAVC/Core/gpsc_app_api.c)
I/NAVD    (  884):  SERVER_NAVC((null)):pch2: 5555 (1012@external/mcp/NaviLink/NAVC/Core/gpsc_app_api.c)
I/NAVD    (  884):  SERVER_NAVC((null)):DEBUG_UDP: IP= 192.168.16.1, Port: 5555 (1031@external/mcp/NaviLink/NAVC/Core/gpsc_app_api.c)
I/NAVD    (  884):  SERVER_NAVC((null)):LOGGER_NVM_FILE: /data/gps/logs/ (1043@external/mcp/NaviLink/NAVC/Core/gpsc_app_api.c)
I/NAVD    (  884):  SERVER_NAVC((null)):MAX_LOG_LINES:100000 (974@external/mcp/NaviLink/NAVC/Core/gpsc_app_api.c)
I/NAVD    (  884):  SERVER_NAVC((null)):MAX_NVM_FILES:10 (981@external/mcp/NaviLink/NAVC/Core/gpsc_app_api.c)
I/NAVD    (  884):  SERVER_NAVC((null)):SENSOR_CONTROL: 0x0 (993@external/mcp/NaviLink/NAVC/Core/gpsc_app_api.c)
I/NAVD    (  884):  SERVER_NAVC((null)):SENSOR_NVM_PATH: /data/gps/logs/ (1048@external/mcp/NaviLink/NAVC/Core/gpsc_app_api.c)
I/NAVD    (  884):  SERVER_NAVC((null)):sess_log:0x0 (1004@external/mcp/NaviLink/NAVC/Core/gpsc_app_api.c)
I/NAVD    (  884):  SERVER_NAVC((null)):SESSION_LOG_NVM_PATH: /data/gps/logs/ (1053@external/mcp/NaviLink/NAVC/Core/gpsc_app_api.c)
I/NAVD    (  884):  SERVER_NAVC((null)):gpsc_parse_control_file: closing path config file (1065@external/mcp/NaviLink/NAVC/Core/gpsc_app_api.c)
I/NAVD    (  884):  SERVER_NAVC((null)):gpsc_parse_control_file: end (1070@external/mcp/NaviLink/NAVC/Core/gpsc_app_api.c)
I/NAVD    (  884): MCP_HAL_FS((null)):MCP_HAL_FS_Open: opened /system/etc/gps/config/GPSCConfigFile.cfg (306@external/mcp/MCP_Common/Platform/os/LINUX/common/mcp_hal_fs.c)
I/NAVD    (  884):  SERVER_NAVC((null)):Enter gpsc_app_init_req (1480@external/mcp/NaviLink/NAVC/Core/gpsc_app_api.c)
I/NAVD    (  884):  SERVER_NAVC((null)):GIS: gpsc_log_ctrl: LogMode: 0, Sensor: 0 Session: 0 (162@external/mcp/NaviLink/NAVC/Core/gpsc_msg.c)
D/        (  884): SessLog: nav_sess_log_deinit: FD is NULL!
D/        (  884): SUPL_Create: Entering. 
D/        (  884):  readConfigFile: Start 
D/        (  884):  readConfigFile: a_inputBuffer = gps_mode:msbased_mode:
D/        (  884):  
D/        (  884):  readConfigFile: MS_BASED Support Requested. 
D/        (  884):  readConfigFile: a_inputBuffer = ee_support:no:
D/        (  884):  
D/        (  884):  readConfigFile: a_inputBuffer = st_support:no:
D/        (  884):  
D/        (  884):  readConfigFile: Over. 
D/        (  884): suplcRegisterHandlers: Entering 
D/        (  884): suplcRegisterHandlers: Exiting Successfully 
D/        (  884):  suplcEnableMessageQueues: Entering 
D/        (  884):  suplcEnableMessageQueues: Exiting Successfully 
D/        (  884):  SUPLC_registerAssistanceSource: Entering 
D/        (  884):  suplcSendMessage: NAVC_CMD_REGISTER_ASSIST_SRC  
D/        (  884):  suplcSendMessage: Entering 
D/        (  884):  suplcSendMessage: Exiting Successfully 
D/        (  884):  SUPLC_registerAssistanceSource: Exiting Successfully 
D/        (  884): SUPL_Create: Exiting Successfully 
D/        (  884): mcp_hal_socket_CreateServerSocket: unlink()
D/        (  884): 
D/navl_server(  884):  NAVL Server blocked on read 
D/libEGL  (  758): loaded /system/lib/egl/libGLES_android.so
D/libEGL  (  758): loaded /system/lib/egl/libEGL_POWERVR_SGX540_120.so
D/libEGL  (  758): loaded /system/lib/egl/libGLESv1_CM_POWERVR_SGX540_120.so
D/libEGL  (  758): loaded /system/lib/egl/libGLESv2_POWERVR_SGX540_120.so
I/cat     (  407): <4>[   37.313720] wl12xx: WARNING Unable to flush all TX buffers, timed out.
D/OpenGLRenderer(  758): Enabling debug mode 0
D/dalvikvm(  758): GC_CONCURRENT freed 238K, 5% free 7257K/7623K, paused 2ms+5ms
I/wpa_supplicant(  579): wlan0: SME: Trying to authenticate with 00:24:17:31:1f:69 (SSID='Next-door' freq=2417 MHz)
I/wpa_supplicant(  579): wlan0: Trying to associate with 00:24:17:31:1f:69 (SSID='Next-door' freq=2417 MHz)
I/cat     (  407): <7>[   38.032409] wlan0: authenticate with 00:24:17:31:1f:69 (try 1)
I/cat     (  407): <7>[   38.032867] wlan0: authenticated
I/ActivityManager(  507): Start proc com.android.contacts for broadcast com.android.contacts/.calllog.CallLogReceiver: pid=889 uid=10000 gids={3003, 1015, 1023}
V/OtaStartupReceiver(  693): onReceive: intent action=android.intent.action.BOOT_COMPLETED  mOtaspMode=-1
D/OtaStartupReceiver(  693): OTASP not supported, nothing to do.
D/AccountTypeManager(  889): Registering 1 extension packages
E/DefaultVoicemailNotifier(  889): No voicemails to notify about: clear the notification.
E/ExternalAccountType(  889): Unsupported attribute readOnly
W/ResourceType(  889): getEntry failing because entryIndex 422 is beyond type entryCount 189
W/ResourceType(  889): Failure getting entry for 0x7f0201a6 (t=1 e=422) in package 0 (error -2147483647)
D/AccountTypeManager(  889): Registering extension package account type=com.google, dataSet=plus, packageName=com.google.android.apps.plus
I/AccountTypeManager(  889): Loaded meta-data for 3 account types, 0 accounts in 89ms(wall) 30ms(cpu)
D/dalvikvm(  758): GC_CONCURRENT freed 176K, 4% free 7528K/7815K, paused 2ms+2ms
I/cat     (  407): <4>[   38.563720] wl12xx: WARNING Unable to flush all TX buffers, timed out.
D/dalvikvm(  758): GC_CONCURRENT freed 241K, 6% free 7702K/8135K, paused 2ms+2ms
D/dalvikvm(  758): GC_CONCURRENT freed 232K, 5% free 7890K/8263K, paused 1ms+2ms
I/cat     (  407): <7>[   39.087188] wlan0: associate with 00:24:17:31:1f:69 (try 1)
I/cat     (  407): <7>[   39.282257] wlan0: associate with 00:24:17:31:1f:69 (try 2)
I/cat     (  407): <7>[   39.485412] wlan0: associate with 00:24:17:31:1f:69 (try 3)
D/gps.archos.so(  507):  navl_server START 
D/gps.archos.so(  507):  ti_gps_init: Socket Connected.
D/gps.archos.so(  507):  ti_gps_init: Exiting Successfully 
D/gps.archos.so(  507): Exiting open_gps
D/gps.archos.so(  507): ti_get_gps_interface: Returning Interface
D/gps.archos.so(  507):  hgps_get_extension: Entering 
D/gps.archos.so(  507):  hgps_get_extension: Entering 
D/gps.archos.so(  507):  hgps_get_extension: Returning AGPSInterface
D/gps.archos.so(  507):  hgps_get_extension: Entering 
D/gps.archos.so(  507):  hgps_get_extension: Returning NI Interface
D/gps.archos.so(  507):  hgps_get_extension: Entering 
D/gps.archos.so(  507):  hgps_get_extension: Exiting Successfully 
D/gps.archos.so(  507):  hgps_get_extension: Entering 
D/gps.archos.so(  507):  hgps_get_extension: Exiting Successfully 
W/GpsLocationProvider(  507): Could not open GPS configuration file /etc/gps.conf
D/LocationManagerService(  507): addProvider name=gps allowGps=true
D/gps.archos.so(  507):  hgps_init: Entering 
D/gps.archos.so(  507): gp_gpsalObject->p_threadHandle created during initialization 
D/gps.archos.so(  507):  hgps_init: Exiting 
D/gps.archos.so(  507):  ===>>> hgps_agps_init: Entering 
D/gps.archos.so(  507): Beofre sending SUPLC_CMD_INIT_CORE
I/ActivityManager(  507): Start proc com.google.process.gapps for service com.google.android.location/.NetworkLocationService: pid=909 uid=10014 gids={3003, 1015, 1023, 1007, 2001, 3006}
D/        (  884):  SUPLC_commandHandler: Entering 
D/        (  884): pData is null
D/        (  884):  SUPLC_commandHandler: NULL Pointers 
D/        (  884):  SUPLC_appInitReq: Entering 
D/        (  884):  SUPLC_triggerEvent: Entering 
D/        (  884):  handle_evInitTrigger: Entering 
D/        (  884):  SUPLC_enterInitState: Entering 
D/        (  884):  registerNalCallbacks: Entering 
D/        (  884):  registerNalCallbacks: Exiting Successfully 
D/        (  884):  initSuplClient: Entering 
D/        (  884): initSuplClient: navLogDate: 401af400
D/libhardware_legacy(  884):  SUPLC_initClient: Entering 
D/libhardware_legacy(  884):  SUPLC_initClient: Calling SUPLInit 
D/gps.archos.so(  507): After sending SUPLC_CMD_INIT_CORE
D/gps.archos.so(  507):  hgps_agps_init: Before calling status callback
D/gps.archos.so(  507):  hgps_agps_init: SUPL Successfully Created
D/        (  884): cmcm:: CSUPLController::SUPLInit 20130824153933.901, 0
D/        (  884): +startSMSListening
D/external/mcp/NaviLink/SUPLC/Core/src/android/SUPLLocationProvider.cpp:1069 DEBUG:(  884):  startSMSListening: Entering 
D/        (  884):  nalExecuteCommand: Entering 
D/gps.archos.so(  507):  hgps_ni_init: Entering 
D/gps.archos.so(  507):  gp_gpsalObject->p_nithreadHandle created once during init 
D/gps.archos.so(  507):  hgps_ni_init: Exiting Successfully 
D/hs_jni  (  507):  readClientData: Entering 
D/hs_jni  (  507): +processClientMessage 
D/hs_jni  (  507):  processClientMessage: Entering 
D/hs_jni  (  507): processClientMessage: MCPF_NAL_START_SMS_LISTEN
D/hs_jni  (  507):  processClientMessage: Received MCPF_NAL_START_SMS_LISTEN 
D/hs_jni  (  507): +processSubscribeToMessage
D/hs_jni  (  507):  processSubscribeToMessage: Entering 
D/hs_jni  (  507):  ===>>> AttachFindClass: g_JVMSuplLibrary = 1e383e0 
D/CSUPL_LP(  507): +messageListen
D/CSUPL_LP(  507): -messageListen
D/hs_jni  (  507):  processSubscribeToMessage: Exiting Successfully. 
D/hs_jni  (  507): -processSubscribeToMessage
D/hs_jni  (  507):  processClientMessage: sendResponseToNal Cmd = 1 
D/hs_jni  (  507):  sendResponseToNal: Entering 
D/hs_jni  (  507):  ===>>> sendResponseToNal: Writing 0. atoi() = 0 
D/hs_jni  (  507):  ===>>> sendResponseToNal: Writing 0 to sockID 171 
D/hs_jni  (  507):  sendResponseToNal: Exiting Successfully 
D/hs_jni  (  507):  processClientMessage: Exiting Successfully. 
D/hs_jni  (  507):  readClientData: Exiting Successfully. 
D/hs_jni  (  507):  createSocketServer: Closing socket 171 
D/        (  884):  nalExecuteCommand: Exiting Successfully 
D/external/mcp/NaviLink/SUPLC/Core/src/android/SUPLLocationProvider.cpp:1080 DEBUG:(  884):  startSMSListening: Exiting Successfully 
D/external/mcp/NaviLink/SUPLC/Core/src/android/SUPLLocationProvider.cpp:1080 DEBUG:(  884): -startSMSListening
D/external/mcp/NaviLink/SUPLC/Core/src/android/SUPLLocationProvider.cpp:1080 DEBUG:(  884): +startWAPListening
D/external/mcp/NaviLink/SUPLC/Core/src/android/SUPLLocationProvider.cpp:1138 DEBUG:(  884):  startWAPListening: Entering 
D/        (  884):  nalExecuteCommand: Entering 
D/hs_jni  (  507):  readClientData: Entering 
D/hs_jni  (  507): +processClientMessage 
D/hs_jni  (  507):  processClientMessage: Entering 
D/hs_jni  (  507): processClientMessage: MCPF_NAL_START_WAP_LISTEN
D/hs_jni  (  507):  processClientMessage: Received MCPF_NAL_START_WAP_LISTEN 
D/hs_jni  (  507): +processSubscribeToMessage
D/hs_jni  (  507):  processSubscribeToMessage: Entering 
D/hs_jni  (  507):  ===>>> AttachFindClass: g_JVMSuplLibrary = 1e383e0 
D/CSUPL_LP(  507): +messageListen
D/CSUPL_LP(  507): -messageListen
D/hs_jni  (  507):  processSubscribeToMessage: Exiting Successfully. 
D/hs_jni  (  507): -processSubscribeToMessage
D/hs_jni  (  507):  processClientMessage: sendResponseToNal Cmd = 3 
D/hs_jni  (  507):  sendResponseToNal: Entering 
D/hs_jni  (  507):  ===>>> sendResponseToNal: Writing 0. atoi() = 0 
D/hs_jni  (  507):  ===>>> sendResponseToNal: Writing 0 to sockID 171 
D/hs_jni  (  507):  sendResponseToNal: Exiting Successfully 
D/hs_jni  (  507):  processClientMessage: Exiting Successfully. 
D/hs_jni  (  507):  readClientData: Exiting Successfully. 
D/hs_jni  (  507):  createSocketServer: Closing socket 171 
D/        (  884):  nalExecuteCommand: Exiting Successfully 
D/external/mcp/NaviLink/SUPLC/Core/src/android/SUPLLocationProvider.cpp:1149 DEBUG:(  884):  startWAPListening: Exiting Successfully 
D/external/mcp/NaviLink/SUPLC/Core/src/android/SUPLLocationProvider.cpp:1149 DEBUG:(  884): -startWAPListening
D/external/mcp/NaviLink/SUPLC/Core/src/android/SUPLLocationProvider.cpp:495 DEBUG:(  884):  Init_native: Entering 
D/        (  884):  nalExecuteCommand: Entering 
D/hs_jni  (  507):  readClientData: Entering 
D/hs_jni  (  507): +processClientMessage 
D/hs_jni  (  507):  processClientMessage: Entering 
D/hs_jni  (  507):  processClientMessage: Received MCPF_NAL_TLS_INIT 
D/hs_jni  (  507):  processTlsInitRequest: Entering 
D/hs_jni  (  507):  ===>>> AttachFindClass: g_JVMSuplLibrary = 1e383e0 
D/CNet    (  507):  ===>>> Init: Entering 
D/CNet    (  507): ===>> Inside CNet Constructor <<===
D/CNet    (  507): Net = null
D/CNet    (  507): ===>> Inside Init <<===
D/CNet    (  507): Creating new Net
D/CNet    (  507): ProtocolType TLS_PROTOCOL
D/CNet    (  507): ===>>> Inside SecureManagerBase Init <<===
D/CNet    (  507): ===>>> SMB: Path is NOT NULL <<===
D/CNet    (  507): ===>>> SMB: Password is NOT NULL <<===
D/CNet    (  507): ===>>> SMB: Getting KeyStore Instance <<===
D/CNet    (  507): ===>>> SMB: Loading Instance <<===
I/dalvikvm(  909): Turning on JNI app bug workarounds for target SDK version 12...
I/cat     (  407): <7>[   39.680847] wlan0: associate with 00:24:17:31:1f:69 (try 4)
I/ActivityThread(  909): Pub com.google.settings: com.google.android.gsf.settings.GoogleSettingsProvider
D/gps.archos.so(  507): GPSALRecv_ThreadFunc:Waiting for connection.....
I/ActivityThread(  909): Pub subscribedfeeds: com.google.android.gsf.subscribedfeeds.SubscribedFeedsProvider
I/ActivityThread(  909): Pub com.google.contacts.gal.provider: com.google.android.syncadapters.contacts.GalProvider
D/gps.archos.so(  507):  entryFunctionForHandler: Entering. 
I/cat     (  407): <7>[   39.798553] wlan0: RX AssocResp from 00:24:17:31:1f:69 (capab=0x411 status=0 aid=3)
I/cat     (  407): <7>[   39.798675] wlan0: associated
I/cat     (  407): <7>[   39.798797] wlan0: moving STA 00:24:17:31:1f:69 to state 1
I/cat     (  407): <7>[   39.798980] wlan0: moving STA 00:24:17:31:1f:69 to state 2
I/wpa_supplicant(  579): wlan0: Associated with 00:24:17:31:1f:69
I/cat     (  407): <6>[   39.819641] ADDRCONF(NETDEV_CHANGE): wlan0: link becomes ready
I/ActivityThread(  909): Pub com.google.android.gsf.gservices: com.google.android.gsf.gservices.GservicesProvider
I/GservicesProvider(  909): Gservices pushing to system: true; secure: true
I/ActivityThread(  909): Pub com.google.android.providers.talk: com.google.android.gsf.talk.TalkProvider
D/NetworkLocationService(  909): onCreate com.google.android.location.NetworkLocationService@41173020
D/CNet    (  507): ===>>> SMB: Calling initManagerFactory <<===
D/CNet    (  507): ===>>> Inside SecureManagerBase Init <<===
D/CNet    (  507): ===>>> SMB: Path is NOT NULL <<===
D/CNet    (  507): ===>>> SMB: Password is NOT NULL <<===
D/CNet    (  507): ===>>> SMB: Getting KeyStore Instance <<===
D/CNet    (  507): ===>>> SMB: Loading Instance <<===
D/NetworkLocationClient(  909): ANDROID minProtocolVersion 1 maxProtocolVersion 1 releaseVersion -1
D/NetworkLocationClient(  909): binding to Intent { act=com.google.android.location.internal.ANDROID_NLP }
V/BackupManagerService(  507): Connected to Google transport
V/BackupManagerService(  507): Registering transport com.google.android.backup/.BackupTransportService = com.google.android.backup.BackupTransportService$1@4151f1d0
D/NetworkLocationService(  909): onBind com.google.android.location.NetworkLocationProvidercom.google.android.location.NetworkLocationService@41173020
D/dalvikvm(  507): GC_CONCURRENT freed 554K, 9% free 9973K/10887K, paused 2ms+19ms
D/NetworkLocationService(  909): onBind com.google.android.location.GeocodeProvidercom.google.android.location.NetworkLocationService@41173020
D/PowerManagerService(  507): bootCompleted
D/WallpaperManager(  599): getDefaultWallpaperLocked: thirdPartyDefaultWallpaperFile doesn't exist
V/DevicePolicyManagerService(  507): Sending password expiration notifications for action android.intent.action.BOOT_COMPLETED
V/WiredAccessoryObserver(  507): init()
D/VoldCmdListener(  421): volume mount /mnt/sdcard
I/Vold    (  421): /dev/block/vold/179:25 being considered for volume volume_sdcard partition is FAT
D/Vold    (  421): Volume volume_sdcard state changing 1 (Idle-Unmounted) -> 3 (Checking)
D/MountService(  507): volume state changed for /mnt/sdcard (unmounted -> checking)
I/Vold    (  421): Device /dev/block/vold/179:25, target /mnt/sdcard mounted @ /mnt/secure/staging
D/Vold    (  421): Volume volume_sdcard state changing 3 (Checking) -> 4 (Mounted)
D/androidInternalNlpService(  909): onCreate com.google.android.location.internal.server.NetworkLocationService@41193060
D/MtpService(  796): onStorageStateChanged /mnt/sdcard unmounted -> checking
D/MountService(  507): sendStorageIntent Intent { act=android.intent.action.MEDIA_CHECKING dat=file:///mnt/sdcard (has extras) }
W/MountService(  507): Duplicate state transition (mounted -> mounted) for /mnt/storage
D/MountService(  507): sendStorageIntent Intent { act=android.intent.action.MEDIA_MOUNTED dat=file:///mnt/storage (has extras) }
D/NetworkLocationRealOs(  909): ------------------------ reading cache.cell
D/NetworkLocationRealOs(  909): no cache.cell found; not migrating
D/NetworkLocationRealOs(  909): ------------------------ reading cache.wifi
D/NetworkLocationRealOs(  909): no cache.wifi found; not migrating
D/androidNlpServiceThread(  909): ANDROID minProtocolVersion 1 maxProtocolVersion 1 releaseVersion -1
D/CNet    (  507): ===>>> SMB: Calling initManagerFactory <<===
D/CNet    (  507): ===>> Inside initManagerFactory <<===
D/dalvikvm(  909): GC_CONCURRENT freed 279K, 6% free 6745K/7111K, paused 2ms+24ms
I/ActivityManager(  507): Start proc com.archos.remote.server for broadcast com.archos.remote.server/.ArchosRemoteDeviceReceiver: pid=941 uid=1000 gids={1015, 1023, 3002, 3001, 3003, 3005, 1004, 2002, 1006, 3007}
D/MountService(  507): volume state changed for /mnt/sdcard (checking -> mounted)
D/MountService(  507): sendStorageIntent Intent { act=android.intent.action.MEDIA_MOUNTED dat=file:///mnt/sdcard (has extras) }
I/dalvikvm(  941): Turning on JNI app bug workarounds for target SDK version 13...
D/CNet    (  507): Providers List:
D/CNet    (  507): Provider: 0
D/CNet    (  507):     name: AndroidOpenSSL
D/CNet    (  507):     info: Android's OpenSSL-backed security provider
D/CNet    (  507):     vers: 1.0
D/CNet    (  507):     class: org.apache.harmony.xnet.provider.jsse.OpenSSLProvider
D/NetworkLocationClient(  909): onServiceConnected to ComponentInfo{com.google.android.location/com.google.android.location.internal.server.NetworkLocationService}
D/CNet    (  507): SocketFactory supported suites:
D/CNet    (  507): Suite 0:SSL_RSA_WITH_RC4_128_MD5
D/CNet    (  507): Suite 1:SSL_RSA_WITH_RC4_128_SHA
D/CNet    (  507): Suite 2:TLS_RSA_WITH_AES_128_CBC_SHA
D/CNet    (  507): Suite 3:TLS_RSA_WITH_AES_256_CBC_SHA
D/CNet    (  507): Suite 4:TLS_ECDH_ECDSA_WITH_RC4_128_SHA
D/CNet    (  507): Suite 5:TLS_ECDH_ECDSA_WITH_AES_128_CBC_SHA
D/CNet    (  507): Suite 6:TLS_ECDH_ECDSA_WITH_AES_256_CBC_SHA
D/CNet    (  507): Suite 7:TLS_ECDH_RSA_WITH_RC4_128_SHA
D/CNet    (  507): Suite 8:TLS_ECDH_RSA_WITH_AES_128_CBC_SHA
D/CNet    (  507): Suite 9:TLS_ECDH_RSA_WITH_AES_256_CBC_SHA
D/CNet    (  507): Suite 10:TLS_ECDHE_ECDSA_WITH_RC4_128_SHA
D/CNet    (  507): Suite 11:TLS_ECDHE_ECDSA_WITH_AES_128_CBC_SHA
D/CNet    (  507): Suite 12:TLS_ECDHE_ECDSA_WITH_AES_256_CBC_SHA
D/CNet    (  507): Suite 13:TLS_ECDHE_RSA_WITH_RC4_128_SHA
D/CNet    (  507): Suite 14:TLS_ECDHE_RSA_WITH_AES_128_CBC_SHA
D/CNet    (  507): Suite 15:TLS_ECDHE_RSA_WITH_AES_256_CBC_SHA
D/CNet    (  507): Suite 16:TLS_DHE_RSA_WITH_AES_128_CBC_SHA
D/CNet    (  507): Suite 17:TLS_DHE_RSA_WITH_AES_256_CBC_SHA
D/dalvikvm(  599): GC_CONCURRENT freed 121K, 2% free 17505K/17799K, paused 2ms+24ms
D/CNet    (  507): Suite 18:TLS_DHE_DSS_WITH_AES_128_CBC_SHA
D/CNet    (  507): Suite 19:TLS_DHE_DSS_WITH_AES_256_CBC_SHA
D/CNet    (  507): Suite 20:SSL_RSA_WITH_3DES_EDE_CBC_SHA
D/CNet    (  507): Suite 21:TLS_ECDH_ECDSA_WITH_3DES_EDE_CBC_SHA
D/CNet    (  507): Suite 22:TLS_ECDH_RSA_WITH_3DES_EDE_CBC_SHA
D/CNet    (  507): Suite 23:TLS_ECDHE_ECDSA_WITH_3DES_EDE_CBC_SHA
D/CNet    (  507): Suite 24:TLS_ECDHE_RSA_WITH_3DES_EDE_CBC_SHA
D/CNet    (  507): Suite 25:SSL_DHE_RSA_WITH_3DES_EDE_CBC_SHA
D/CNet    (  507): Suite 26:SSL_DHE_DSS_WITH_3DES_EDE_CBC_SHA
D/StorageNotificationService(  726): onCreate
D/CNet    (  507): Suite 27:SSL_RSA_WITH_DES_CBC_SHA
D/CNet    (  507): Suite 28:SSL_DHE_RSA_WITH_DES_CBC_SHA
D/CNet    (  507): Suite 29:SSL_DHE_DSS_WITH_DES_CBC_SHA
D/CNet    (  507): Suite 30:SSL_RSA_EXPORT_WITH_RC4_40_MD5
D/CNet    (  507): Suite 31:SSL_RSA_EXPORT_WITH_DES40_CBC_SHA
D/CNet    (  507): Suite 32:SSL_DHE_RSA_EXPORT_WITH_DES40_CBC_SHA
D/CNet    (  507): Suite 33:SSL_DHE_DSS_EXPORT_WITH_DES40_CBC_SHA
D/CNet    (  507): Suite 34:SSL_RSA_WITH_NULL_MD5
D/CNet    (  507): Suite 35:SSL_RSA_WITH_NULL_SHA
D/CNet    (  507): Suite 36:TLS_ECDH_ECDSA_WITH_NULL_SHA
D/CNet    (  507): Suite 37:TLS_ECDH_RSA_WITH_NULL_SHA
D/CNet    (  507): Suite 38:TLS_ECDHE_ECDSA_WITH_NULL_SHA
D/CNet    (  507): Suite 39:TLS_ECDHE_RSA_WITH_NULL_SHA
D/CNet    (  507): Suite 40:SSL_DH_anon_WITH_RC4_128_MD5
D/CNet    (  507): Suite 41:TLS_DH_anon_WITH_AES_128_CBC_SHA
D/CNet    (  507): Suite 42:TLS_DH_anon_WITH_AES_256_CBC_SHA
D/CNet    (  507): Suite 43:SSL_DH_anon_WITH_3DES_EDE_CBC_SHA
D/CNet    (  507): Suite 44:SSL_DH_anon_WITH_DES_CBC_SHA
D/CNet    (  507): Suite 45:TLS_ECDH_anon_WITH_RC4_128_SHA
D/CNet    (  507): Suite 46:TLS_ECDH_anon_WITH_AES_128_CBC_SHA
D/CNet    (  507): Suite 47:TLS_ECDH_anon_WITH_AES_256_CBC_SHA
D/CNet    (  507): Suite 48:TLS_ECDH_anon_WITH_3DES_EDE_CBC_SHA
D/CNet    (  507): Suite 49:SSL_DH_anon_EXPORT_WITH_RC4_40_MD5
D/CNet    (  507): Suite 50:SSL_DH_anon_EXPORT_WITH_DES40_CBC_SHA
D/CNet    (  507): Suite 51:TLS_ECDH_anon_WITH_NULL_SHA
D/CNet    (  507): Suite 52:TLS_EMPTY_RENEGOTIATION_INFO_SCSV
D/CNet    (  507): SSLEngine supported suites:
D/MtpService(  796): onStorageStateChanged /mnt/sdcard checking -> mounted
D/StorageNotificationService(  726): onStartCommand
I/ExtStorageNotification(  726): Media {/mnt/sdcard} state changed from {removed} -> {mounted}
D/MtpService(  796): addStorageLocked 131073 /mnt/sdcard
D/androidNetworkLocationListeners(  909): Still have listener com.google.android.location.internal.client.NetworkLocationClient$1@411787d8
I/ActivityManager(  507): Start proc com.android.providers.calendar for broadcast com.android.providers.calendar/.CalendarReceiver: pid=955 uid=10009 gids={3003, 1015, 1023}
D/CNet    (  507): Suite 0:SSL_RSA_WITH_NULL_MD5
D/CNet    (  507): Suite 1:SSL_RSA_WITH_NULL_SHA
D/CNet    (  507): Suite 2:SSL_RSA_EXPORT_WITH_RC4_40_MD5
D/CNet    (  507): Suite 3:SSL_RSA_WITH_RC4_128_MD5
D/CNet    (  507): Suite 4:SSL_RSA_WITH_RC4_128_SHA
D/CNet    (  507): Suite 5:SSL_RSA_EXPORT_WITH_DES40_CBC_SHA
D/CNet    (  507): Suite 6:SSL_RSA_WITH_DES_CBC_SHA
D/CNet    (  507): Suite 7:SSL_RSA_WITH_3DES_EDE_CBC_SHA
D/CNet    (  507): Suite 8:SSL_DHE_DSS_EXPORT_WITH_DES40_CBC_SHA
D/CNet    (  507): Suite 9:SSL_DHE_DSS_WITH_DES_CBC_SHA
D/CNet    (  507): Suite 10:SSL_DHE_DSS_WITH_3DES_EDE_CBC_SHA
D/CNet    (  507): Suite 11:SSL_DHE_RSA_EXPORT_WITH_DES40_CBC_SHA
D/CNet    (  507): Suite 12:SSL_DHE_RSA_WITH_DES_CBC_SHA
D/CNet    (  507): Suite 13:SSL_DHE_RSA_WITH_3DES_EDE_CBC_SHA
D/CNet    (  507): Suite 14:SSL_DH_anon_EXPORT_WITH_RC4_40_MD5
D/CNet    (  507): Suite 15:SSL_DH_anon_WITH_RC4_128_MD5
D/CNet    (  507): Suite 16:SSL_DH_anon_EXPORT_WITH_DES40_CBC_SHA
D/CNet    (  507): Suite 17:SSL_DH_anon_WITH_DES_CBC_SHA
D/CNet    (  507): Suite 18:SSL_DH_anon_WITH_3DES_EDE_CBC_SHA
D/CNet    (  507): Suite 19:TLS_RSA_WITH_AES_128_CBC_SHA
D/CNet    (  507): Suite 20:TLS_DHE_DSS_WITH_AES_128_CBC_SHA
D/CNet    (  507): Suite 21:TLS_DHE_RSA_WITH_AES_128_CBC_SHA
D/CNet    (  507): Suite 22:TLS_DH_anon_WITH_AES_128_CBC_SHA
D/CNet    (  507): Suite 23:TLS_RSA_WITH_AES_256_CBC_SHA
D/CNet    (  507): Suite 24:TLS_DHE_DSS_WITH_AES_256_CBC_SHA
D/CNet    (  507): Suite 25:TLS_DHE_RSA_WITH_AES_256_CBC_SHA
D/CNet    (  507): Suite 26:TLS_DH_anon_WITH_AES_256_CBC_SHA
D/CNet    (  507): CNetSSLSocketProvider created!
D/CNet    (  507): network.Init(), Net = android.supl.CNetSSLSocketProvider@415206f8
D/hs_jni  (  507):  processTlsInitRequest: Exiting Successfully. 
D/hs_jni  (  507):  processClientMessage: sendResponseToNal Cmd = 5 
D/hs_jni  (  507):  sendResponseToNal: Entering 
D/hs_jni  (  507):  ===>>> sendResponseToNal: Writing 0. atoi() = 0 
D/hs_jni  (  507):  ===>>> sendResponseToNal: Writing 0 to sockID 171 
D/        (  884):  nalExecuteCommand: Exiting Successfully 
D/external/mcp/NaviLink/SUPLC/Core/src/android/SUPLLocationProvider.cpp:507 DEBUG:(  884):  Init_native: Exiting Successfully 
D/        (  884): SessLog: [GPS_CMCC] [20130824153934.959]0x01000000:0, #Network Connection Success 
D/        (  884): 
D/        (  884): slpType 3  
D/        (  884): slp_address supl.google.com	len : 15 
D/        (  884): fqdn supl.google.com  len : 15 
D/        (  884): errno  2
D/        (  884): ERROR fqdnToIP C:  cannot resolve fqdn : supl.google.com 
D/        (  884):  
D/        (  884): ****** slp_IP ****** is >>> supl.google.com  
D/        (  884): fqdn port is 7275  
D/        (  884): after combining fqdn and port, supl.google.com:7275 
D/        (  884): slp_address supl.google.com	len : 15 
D/libhardware_legacy(  884):  SUPLC_initClient: Exiting Successfully 
D/libhardware_legacy(  884):  SUPLC_initClient: Entering 
D/libhardware_legacy(  884):  SUPLC_initClient: Calling SUPLStart 
D/        (  884): Default stack size = 1048576
D/        (  884):  initSuplClient: Exiting Successfully 
D/        (  884):  SUPLC_initSuplClient: Exiting Successfully 
D/        (  884):  SUPLC_initProtocolLib: Entering 
D/        (  884):  SUPLC_initProtocolLib: Exiting Successfully 
D/        (  884):  suplcStateChange: Entering 
D/        (  884):  callExitFunctionOfCurrentState: Entering 
D/        (  884):  callExitFunctionOfCurrentState: Exiting Successfully 
D/        (  884):  callEntryFunctionOfFutureState: Entering 
D/        (  884):  callEntryFunctionOfFutureState: Exiting Successfully 
D/        (  884):  suplcStateChange: Exiting Successfully 
D/        (  884):  handle_evInitTrigger: Exiting Successfully 
D/        (  884):  SUPLC_triggerEvent: Exiting with status 0 
D/        (  884):  SUPLC_appInitReq: Exiting Successfully 
D/        (  884):  setLocationFixMode: Entering 
D/        (  884):  setLocationFixMode: NULL Pointers. 
D/        (  884):  SUPLC_commandHandler: Setting Location Fix Mode after core init FAILED !!! 
D/        (  884): SUPLRun BEGIN
D/hs_jni  (  507):  sendResponseToNal: Exiting Successfully 
D/hs_jni  (  507):  processClientMessage: Exiting Successfully. 
D/hs_jni  (  507):  readClientData: Exiting Successfully. 
D/hs_jni  (  507):  createSocketServer: Closing socket 171 
D/dalvikvm(  434): GC_EXPLICIT freed 37K, 5% free 6524K/6851K, paused 3ms+2ms
D/NotificationService(  507): new notification:  numberDiff: 1 ticker: SD card mounted pkg: com.archos.systemui id: 2130837505 tag: null priority: 100
D/NotificationService(  507): ANS send cat: 0 number: 1 msg: SD card mounted
D/dalvikvm(  434): GC_EXPLICIT freed <1K, 5% free 6524K/6851K, paused 8ms+2ms
D/dalvikvm(  434): GC_EXPLICIT freed <1K, 5% free 6524K/6851K, paused 1ms+12ms
I/ActivityThread(  955): Pub com.android.calendar: com.android.providers.calendar.CalendarProvider2
I/ActivityManager(  507): Start proc com.google.android.deskclock for broadcast com.google.android.deskclock/com.android.deskclock.AlarmInitReceiver: pid=970 uid=10016 gids={}
I/ActivityThread(  970): Pub com.android.deskclock: com.android.deskclock.AlarmProvider
I/RecoverySystem(  507): No recovery log file
I/BootReceiver(  507): Copying /proc/last_kmsg to DropBox (SYSTEM_LAST_KMSG)
I/AudioPlayer(  436): TimeInterpolator::seek(media_time=0)
I/AudioPlayer(  436): mLatencyUs = 0
I/AudioPlayer(  436): TimeInterpolator state STOPPED -> FIRST_ROLLING (input: POST_BUFFER)
I/AudioPlayer(  436): TimeInterpolator::seek(media_time=0)
I/AudioPlayer(  436): TimeInterpolator FIRST_ROLLING frame_usecs=23219
I/AudioPlayer(  436): void omap_enhancement::TimeInterpolator::pause(bool)()
I/AudioPlayer(  436): TimeInterpolator state FIRST_ROLLING -> STOPPED (input: STOP)
I/AudioPlayer(  436): TimeInterpolator::seek(media_time=46438)
I/AudioPlayer(  436): void omap_enhancement::TimeInterpolator::pause(bool)()
I/AudioPlayer(  436): TimeInterpolator state STOPPED -> STOPPED (input: STOP)
E/AudioPlayer(  436): TimeInterpolator calling set_state() should actually change a state.
E/AudioPlayer(  436): TimeInterpolator this state should not be reachable.
I/AudioPlayer(  436): TimeInterpolator::seek(media_time=46438)
I/AudioPlayer(  436): TimeInterpolator::seek(media_time=0)
I/AudioPlayer(  436): TimeInterpolator::seek(media_time=0)
I/AudioPlayer(  436): mLatencyUs = 0
I/AudioPlayer(  436): TimeInterpolator state STOPPED -> FIRST_ROLLING (input: POST_BUFFER)
I/AudioPlayer(  436): TimeInterpolator FIRST_ROLLING frame_usecs=23219
I/AudioPlayer(  436): TimeInterpolator FIRST_ROLLING frame_usecs=23219
I/AudioPlayer(  436): TimeInterpolator FIRST_ROLLING frame_usecs=23219
I/AudioPlayer(  436): TimeInterpolator FIRST_ROLLING frame_usecs=23219
I/AudioPlayer(  436): void omap_enhancement::TimeInterpolator::pause(bool)()
I/AudioPlayer(  436): TimeInterpolator state FIRST_ROLLING -> STOPPED (input: STOP)
I/AudioPlayer(  436): TimeInterpolator::seek(media_time=116095)
I/AudioPlayer(  436): void omap_enhancement::TimeInterpolator::pause(bool)()
I/AudioPlayer(  436): TimeInterpolator state STOPPED -> STOPPED (input: STOP)
E/AudioPlayer(  436): TimeInterpolator calling set_state() should actually change a state.
E/AudioPlayer(  436): TimeInterpolator this state should not be reachable.
I/AudioPlayer(  436): TimeInterpolator::seek(media_time=116095)
I/AudioPlayer(  436): TimeInterpolator::seek(media_time=0)
I/AudioPlayer(  436): TimeInterpolator::seek(media_time=0)
I/AudioPlayer(  436): mLatencyUs = 0
I/AudioPlayer(  436): TimeInterpolator state STOPPED -> FIRST_ROLLING (input: POST_BUFFER)
I/AudioPlayer(  436): TimeInterpolator FIRST_ROLLING frame_usecs=23219
I/AudioPlayer(  436): TimeInterpolator FIRST_ROLLING frame_usecs=23219
I/AudioPlayer(  436): TimeInterpolator FIRST_ROLLING frame_usecs=23219
I/AudioPlayer(  436): TimeInterpolator FIRST_ROLLING frame_usecs=23219
I/AudioPlayer(  436): TimeInterpolator FIRST_ROLLING frame_usecs=23219
I/AudioPlayer(  436): TimeInterpolator FIRST_ROLLING frame_usecs=23219
I/AudioPlayer(  436): TimeInterpolator FIRST_ROLLING frame_usecs=23219
I/AudioPlayer(  436): TimeInterpolator FIRST_ROLLING frame_usecs=23219
I/AudioPlayer(  436): TimeInterpolator FIRST_ROLLING frame_usecs=23219
I/AudioPlayer(  436): TimeInterpolator FIRST_ROLLING frame_usecs=23219
I/AudioPlayer(  436): TimeInterpolator FIRST_ROLLING frame_usecs=23219
I/AudioPlayer(  436): TimeInterpolator FIRST_ROLLING frame_usecs=23219
D/dalvikvm(  599): GC_CONCURRENT freed 34K, 2% free 23277K/23623K, paused 3ms+23ms
D/dalvikvm(  507): GC_CONCURRENT freed 695K, 9% free 10068K/11015K, paused 2ms+25ms
I/AudioPlayer(  436): void omap_enhancement::TimeInterpolator::pause(bool)()
I/AudioPlayer(  436): TimeInterpolator state FIRST_ROLLING -> STOPPED (input: STOP)
I/AudioPlayer(  436): TimeInterpolator::seek(media_time=301847)
I/AudioPlayer(  436): void omap_enhancement::TimeInterpolator::pause(bool)()
I/AudioPlayer(  436): TimeInterpolator state STOPPED -> STOPPED (input: STOP)
E/AudioPlayer(  436): TimeInterpolator calling set_state() should actually change a state.
E/AudioPlayer(  436): TimeInterpolator this state should not be reachable.
I/AudioPlayer(  436): TimeInterpolator::seek(media_time=301847)
I/AudioPlayer(  436): TimeInterpolator::seek(media_time=0)
I/AudioPlayer(  436): TimeInterpolator::seek(media_time=0)
I/AudioPlayer(  436): mLatencyUs = 0
I/AudioPlayer(  436): TimeInterpolator state STOPPED -> FIRST_ROLLING (input: POST_BUFFER)
I/AudioPlayer(  436): TimeInterpolator FIRST_ROLLING frame_usecs=23219
I/AudioPlayer(  436): TimeInterpolator FIRST_ROLLING frame_usecs=23219
I/AudioPlayer(  436): TimeInterpolator FIRST_ROLLING frame_usecs=23219
I/AudioPlayer(  436): TimeInterpolator FIRST_ROLLING frame_usecs=23219
I/AudioPlayer(  436): TimeInterpolator FIRST_ROLLING frame_usecs=23219
I/AudioPlayer(  436): TimeInterpolator FIRST_ROLLING frame_usecs=23219
I/AudioPlayer(  436): TimeInterpolator FIRST_ROLLING frame_usecs=23219
I/AudioPlayer(  436): void omap_enhancement::TimeInterpolator::pause(bool)()
I/AudioPlayer(  436): TimeInterpolator state FIRST_ROLLING -> STOPPED (input: STOP)
I/AudioPlayer(  436): TimeInterpolator::seek(media_time=185752)
I/AudioPlayer(  436): void omap_enhancement::TimeInterpolator::pause(bool)()
I/AudioPlayer(  436): TimeInterpolator state STOPPED -> STOPPED (input: STOP)
E/AudioPlayer(  436): TimeInterpolator calling set_state() should actually change a state.
E/AudioPlayer(  436): TimeInterpolator this state should not be reachable.
I/AudioPlayer(  436): TimeInterpolator::seek(media_time=185752)
I/AudioPlayer(  436): TimeInterpolator::seek(media_time=0)
V/AlarmClock(  970): AlarmInitReceiver finished
I/AudioPlayer(  436): TimeInterpolator::seek(media_time=0)
I/AudioPlayer(  436): mLatencyUs = 0
I/AudioPlayer(  436): TimeInterpolator state STOPPED -> FIRST_ROLLING (input: POST_BUFFER)
I/AudioPlayer(  436): TimeInterpolator FIRST_ROLLING frame_usecs=23219
I/AudioPlayer(  436): TimeInterpolator FIRST_ROLLING frame_usecs=23219
I/AudioPlayer(  436): TimeInterpolator FIRST_ROLLING frame_usecs=23219
I/AudioPlayer(  436): TimeInterpolator FIRST_ROLLING frame_usecs=23219
I/AudioPlayer(  436): TimeInterpolator FIRST_ROLLING frame_usecs=23219
I/AudioPlayer(  436): TimeInterpolator FIRST_ROLLING frame_usecs=23219
I/AudioPlayer(  436): TimeInterpolator FIRST_ROLLING frame_usecs=23219
I/AudioPlayer(  436): TimeInterpolator FIRST_ROLLING frame_usecs=23219
I/AudioPlayer(  436): TimeInterpolator FIRST_ROLLING frame_usecs=23219
I/AudioPlayer(  436): TimeInterpolator FIRST_ROLLING frame_usecs=23219
I/AudioPlayer(  436): TimeInterpolator FIRST_ROLLING frame_usecs=23219
I/AudioPlayer(  436): TimeInterpolator FIRST_ROLLING frame_usecs=23219
I/AudioPlayer(  436): TimeInterpolator FIRST_ROLLING frame_usecs=23219
I/AudioPlayer(  436): TimeInterpolator state FIRST_ROLLING -> ROLLING (input: COUNTDOWN_0)
I/AudioPlayer(  436): @countdown end e=17029 (resetting to 0)
I/ActivityManager(  507): Start proc com.android.email for broadcast com.android.email/.service.EmailBroadcastReceiver: pid=1008 uid=10019 gids={3003, 1015, 1023}
I/AudioPlayer(  436): void omap_enhancement::TimeInterpolator::pause(bool)()
I/AudioPlayer(  436): TimeInterpolator state ROLLING -> STOPPED (input: STOP)
I/AudioPlayer(  436): TimeInterpolator::seek(media_time=371504)
I/AudioPlayer(  436): void omap_enhancement::TimeInterpolator::pause(bool)()
I/AudioPlayer(  436): TimeInterpolator state STOPPED -> STOPPED (input: STOP)
E/AudioPlayer(  436): TimeInterpolator calling set_state() should actually change a state.
E/AudioPlayer(  436): TimeInterpolator this state should not be reachable.
I/AudioPlayer(  436): TimeInterpolator::seek(media_time=371504)
I/AudioPlayer(  436): TimeInterpolator::seek(media_time=0)
I/ActivityThread( 1008): Pub com.android.email.provider;com.android.email.notifier: com.android.email.provider.EmailProvider
I/ActivityThread( 1008): Pub com.android.email.attachmentprovider: com.android.email.provider.AttachmentProvider
I/ActivityManager(  507): Start proc com.android.exchange for service com.android.exchange/.ExchangeService: pid=1025 uid=10020 gids={3003, 1015, 1023}
I/ActivityThread( 1025): Pub com.android.exchange.directory.provider: com.android.exchange.provider.ExchangeDirectoryProvider
I/SurfaceFlinger(  433): Boot is finished (31838 ms)
D/ExchangeService( 1025): !!! EAS ExchangeService, onStartCommand, startingUp = false, running = false
I/ActivityManager(  507): Start proc com.google.android.apps.maps:FriendService for broadcast com.google.android.apps.maps/com.google.googlenav.friend.android.ServiceReceiver: pid=1041 uid=10023 gids={3003, 1015, 1023}
D/Eas Debug( 1025): Logging: 
I/CalendarProvider2(  955): Sending notification intent: Intent { act=android.intent.action.PROVIDER_CHANGED dat=content://com.android.calendar }
W/ContentResolver(  955): Failed to get type for: content://com.android.calendar (Unknown URL content://com.android.calendar)
D/ExchangeService( 1025): Received deviceId from Email app: android1377350283585
D/ExchangeService( 1025): Reconciling accounts...
D/ExchangeService( 1025): !!! EAS ExchangeService, onStartCommand, startingUp = true, running = false
D/Eas Debug( 1025): Logging: 
D/dalvikvm( 1041): GC_CONCURRENT freed 160K, 4% free 6868K/7111K, paused 2ms+2ms
D/dalvikvm( 1041): GC_CONCURRENT freed 182K, 4% free 7229K/7495K, paused 2ms+3ms
I/ActivityManager(  507): Start proc com.google.android.gm for broadcast com.google.android.gm/.GoogleMailDeviceStartupReceiver: pid=1066 uid=10026 gids={3003, 1015, 1023}
I/ActivityThread( 1066): Pub gmail-ls: com.google.android.gm.provider.MailProvider
I/ActivityThread( 1066): Pub com.google.android.gmail.SuggestionProvider: com.google.android.gm.SuggestionsProvider
I/ActivityThread( 1066): Pub com.google.android.gm: com.google.android.gm.provider.PublicContentProvider
I/RlzPingService(  866): Setting next ping for 1377955088798
D/gps.archos.so(  507): processCmdCompleteResponse: NAVC_CMD_START SUCCESS 
I/dalvikvm( 1066): Could not find method android.app.Notification$Builder.setSubText, referenced from method com.google.android.gm.Utils.configureLatestEventInfoFromConversation
W/dalvikvm( 1066): VFY: unable to resolve virtual method 188: Landroid/app/Notification$Builder;.setSubText (Ljava/lang/CharSequence;)Landroid/app/Notification$Builder;
D/dalvikvm( 1066): VFY: replacing opcode 0x6e at 0x008b
I/dalvikvm( 1066): Could not find method android.app.Notification$Builder.setSubText, referenced from method com.google.android.gm.Utils.configureLatestEventInfoFromConversation
W/dalvikvm( 1066): VFY: unable to resolve virtual method 188: Landroid/app/Notification$Builder;.setSubText (Ljava/lang/CharSequence;)Landroid/app/Notification$Builder;
D/dalvikvm( 1066): VFY: replacing opcode 0x6e at 0x0237
D/dalvikvm( 1066): DexOpt: unable to opt direct call 0x00bf at 0x94 in Lcom/google/android/gm/Utils;.configureLatestEventInfoFromConversation
D/dalvikvm( 1066): DexOpt: unable to opt direct call 0x00ad at 0x24c in Lcom/google/android/gm/Utils;.configureLatestEventInfoFromConversation
D/dalvikvm(  507): GC_EXPLICIT freed 701K, 12% free 10043K/11399K, paused 2ms+6ms
I/SystemUpdateService(  909): checking for post-install intent
I/SystemUpdateService(  909): cancelUpdate (empty URL)
I/ActivityManager(  507): Start proc com.google.android.gsf.login for service com.google.android.gsf.login/com.google.android.gsf.loginservice.GoogleLoginService: pid=1102 uid=10014 gids={3003, 1015, 1023, 1007, 2001, 3006}
I/ActivityManager(  507): Start proc com.android.musicfx for broadcast com.android.musicfx/.Compatibility$Receiver: pid=1116 uid=10040 gids={3003, 3002}
I/ActivityManager(  507): Start proc com.google.android.onetimeinitializer for broadcast com.google.android.onetimeinitializer/.OneTimeInitializerReceiver: pid=1130 uid=10042 gids={}
D/dalvikvm( 1066): GC_CONCURRENT freed 253K, 6% free 6739K/7111K, paused 6ms+4ms
V/OneTimeInitializerReceiver( 1130): OneTimeInitializerReceiver.onReceive
V/OneTimeService( 1130): OneTimeService.onHandleIntent
I/ActivityManager(  507): Start proc com.android.vending for broadcast com.android.vending/com.google.android.finsky.receivers.BootCompletedReceiver: pid=1145 uid=10047 gids={3003, 1015, 1023}
D/dalvikvm(  909): GC_CONCURRENT freed 337K, 7% free 6821K/7303K, paused 7ms+6ms
I/ActivityThread( 1145): Pub com.google.android.finsky.QSBSuggestionsProvider2: com.google.android.finsky.providers.QSBSuggestionsProvider
I/ActivityThread( 1145): Pub com.google.android.finsky.AppIconProvider: com.google.android.finsky.providers.AppIconProvider
I/ActivityThread( 1145): Pub com.google.android.finsky.RecentSuggestionsProvider: com.google.android.finsky.providers.RecentSuggestionsProvider
D/dalvikvm( 1145): GC_CONCURRENT freed 180K, 5% free 6810K/7111K, paused 1ms+2ms
D/PermissionCache(  433): checking android.permission.READ_FRAME_BUFFER for uid=1000 => granted (213 us)
I/ActivityManager(  507): START {flg=0x10040000 cmp=com.google.android.gsf/.update.SystemUpdateInstallDialog} from pid 909
D/dalvikvm( 1145): DexOpt: couldn't find field Landroid/app/Notification;.priority
W/dalvikvm( 1145): VFY: unable to resolve instance field 53
D/dalvikvm( 1145): VFY: replacing opcode 0x59 at 0x004a
I/ActivityManager(  507): Displayed com.android.launcher/com.android.launcher2.Launcher: +12s598ms
I/ActivityManager(  507): START {flg=0x10040000 cmp=com.google.android.gsf/.update.SystemUpdateDownloadDialog} from pid 909
I/ActivityManager(  507): No longer want com.archos.migration (pid 584): hidden #16
V/SystemUpdateService(  909): onPostExecute: false
D/Finsky  ( 1145): [1] DailyHygiene.goMakeHygieneIfDirty: Dirty, need more hygiene.
I/ActivityManager(  507): No longer want com.google.android.inputmethod.latin.dictionarypack (pid 771): hidden #16
