I/ActivityManager(  507): No longer want com.android.settings (pid 648): hidden #17
I/ActivityManager(  507): Start proc com.google.android.talk for broadcast com.google.android.talk/.videochat.BootCompleteReceiver: pid=1180 uid=10054 gids={3003, 1015, 1023, 1006, 3002}
D/dalvikvm(  796): GC_CONCURRENT freed 234K, 5% free 6728K/7047K, paused 11ms+5ms
I/ActivityThread( 1180): Pub com.google.android.talk.SuggestionProvider: com.google.android.talk.SuggestionsProvider
D/ConnectivityService(  507): reportNetworkCondition(0, 0)
D/ConnectivityService(  507): handleInetConditionChange: no active default network - ignore
D/vclib:CallStateClient( 1180): startListening
I/talk    ( 1180): Refresh the supported camera state
D/Key3GService(  713): sys fs path : /sys/class/rfkill/rfkill0
D/Key3GService(  713): persisted 3G key state : false
D/Key3GService(  713): set state to false
D/Key3GService(  713): get driver state
D/Key3GService(  713): set driver state to 0
D/Key3GService(  713): get state from setting
D/Key3GService(  713): state changed to false
D/UsbKeyManager(  713): received intent
I/ActivityManager(  507): Start proc com.google.android.videos for broadcast com.google.android.videos/com.google.android.youtube.videos.pinning.TransferService$BootReceiver: pid=1202 uid=10056 gids={3003, 1015, 1023}
D/dalvikvm(  434): GC_EXPLICIT freed 37K, 5% free 6524K/6851K, paused 2ms+10ms
D/dalvikvm( 1180): GC_CONCURRENT freed 217K, 5% free 6811K/7111K, paused 2ms+14ms
D/dalvikvm(  434): GC_EXPLICIT freed <1K, 5% free 6524K/6851K, paused 5ms+13ms
I/talk    ( 1180): supported front camera true
D/dalvikvm(  434): GC_EXPLICIT freed <1K, 5% free 6524K/6851K, paused 3ms+1ms
D/ExchangeService( 1025): !!! EAS ExchangeService, onStartCommand, startingUp = true, running = false
I/ActivityManager(  507): No longer want com.archos.tweakwidget (pid 850): hidden #16
I/ActivityThread( 1202): Pub com.google.android.videos.sync: com.google.android.youtube.videos.store.SyncService$DummyContentProvider
I/ActivityThread( 1202): Pub com.google.android.videos: com.google.android.youtube.videos.honeycomb.search.VideoSearchProvider
I/L       ( 1202): youtube.videos.VideosApplication.getCurrentCountryCode:372 device country = gb
D/dalvikvm( 1202): GC_CONCURRENT freed 263K, 5% free 6766K/7111K, paused 2ms+2ms
D/L       ( 1202): youtube.core.utils.Util.createHttpClient:803 HttpClient.UserAgent: com.google.android.videos/2.0.21(Linux; U; Android 4.0.4; en_GB; ARCHOS 80G9 Build/IMM76D)
D/dalvikvm(  909): GC_CONCURRENT freed 281K, 6% free 6949K/7367K, paused 1ms+6ms
D/WVMLogging(  435): Sat Aug 24 16:39:41 2013 (40141488):LicenseManager::ReadRegisteredAssets failed(0, 83886081)
D/L       ( 1202): youtube.core.utils.Util.shrinkDirSize:496 Dir is below limit, no need to shrink: [size=0, limit=5242880]
D/dalvikvm( 1202): GC_CONCURRENT freed 284K, 6% free 6896K/7303K, paused 2ms+2ms
D/L       ( 1202): youtube.videos.pinning.TransferService$BootReceiver.onReceive:178 boot completed, starting transfer service
D/dalvikvm( 1235): Late-enabling CheckJNI
I/ActivityManager(  507): Start proc com.trevd.archosroot for broadcast com.trevd.archosroot/.temprooter: pid=1235 uid=10066 gids={1015, 1023}
I/ActivityManager(  507): No longer want com.android.contacts (pid 889): hidden #16
D/L       ( 1202): youtube.videos.pinning.TransferService.onCreate:50 creating transfer service
V/TEST    ( 1235): Service loaded at start
D/dalvikvm(  909): GC_EXPLICIT freed 81K, 7% free 6884K/7367K, paused 1ms+14ms
I/ActivityManager(  507): Start proc com.google.android.apps.maps for broadcast com.google.android.apps.maps/com.google.android.location.internal.NlpNetworkProviderSettingsUpdateReceiver: pid=1248 uid=10023 gids={3003, 1015, 1023}
I/ActivityManager(  507): No longer want com.archos.remote.server (pid 941): hidden #16
D/dalvikvm( 1248): GC_CONCURRENT freed 151K, 4% free 6877K/7111K, paused 2ms+4ms
I/ActivityThread( 1248): Pub com.google.android.maps.LayerInfoProvider: com.google.googlenav.layer.LayerInfoProvider
I/ActivityThread( 1248): Pub com.google.googlenav.offline.search.OfflineIndexProvider: com.google.googlenav.provider.OfflineIndexProvider
I/ActivityThread( 1248): Pub com.google.android.maps.TrafficAppWidgetProvider: com.google.googlenav.appwidget.traffic.TrafficAppWidgetProvider
I/ActivityThread( 1248): Pub com.google.android.maps.LocalActivePlacesProvider: com.google.googlenav.provider.LocalActivePlacesProvider
I/ActivityThread( 1248): Pub com.google.android.maps.StarredItemProvider: com.google.googlenav.provider.StarredItemProvider
I/ActivityManager(  507): No longer want com.archos.demomode (pid 673): hidden #16
D/dalvikvm( 1248): GC_CONCURRENT freed 201K, 4% free 7210K/7495K, paused 1ms+6ms
I/ActivityThread( 1248): Pub com.google.android.maps.LocalSuggestionProvider: com.google.googlenav.provider.LocalSuggestionProvider
I/ActivityThread( 1248): Pub com.google.android.maps.SearchHistoryProvider: com.google.googlenav.provider.SearchHistoryProvider
I/ActivityThread( 1248): Pub com.google.android.maps.NavigationAvailabilityProvider: com.google.googlenav.provider.NavigationAvailabilityProvider
I/ActivityThread( 1248): Pub com.google.android.maps.SuggestionProvider: com.google.googlenav.suggest.android.SuggestContentProvider
I/ActivityManager(  507): Start proc com.android.settings for broadcast com.android.settings/.widget.SettingsAppWidgetProvider: pid=1268 uid=1000 gids={1015, 1023, 3002, 3001, 3003, 3005, 1004, 2002, 1006, 3007}
I/ActivityManager(  507): No longer want com.google.android.deskclock (pid 970): hidden #16
D/SettingsAttProfile( 1268): Att server connected
D/LocalBluetoothProfileManager( 1268): LocalBluetoothProfileManager construction complete
I/ActivityManager(  507): Start proc com.archos.aosupdate for broadcast com.archos.aosupdate/.MediaMountReceiver: pid=1281 uid=1000 gids={1015, 1023, 3002, 3001, 3003, 3005, 1004, 2002, 1006, 3007}
I/ActivityManager(  507): No longer want com.android.providers.calendar (pid 955): hidden #16
D/AosUpdate:MediaMountReceiver( 1281): android.intent.action.MEDIA_MOUNTED / file:///mnt/storage
D/AosUpdate:MediaMountReceiver( 1281): didn't find default firmware file: /mnt/storage/firmware_archos_it4.aos
I/ActivityManager(  507): No longer want com.google.android.apps.maps:FriendService (pid 1041): hidden #16
D/MediaScannerReceiver(  796): action: android.intent.action.MEDIA_MOUNTED path: /mnt/storage
I/dalvikvm( 1294): Turning on JNI app bug workarounds for target SDK version 11...
I/ActivityManager(  507): Start proc com.google.android.apps.uploader for broadcast com.google.android.apps.uploader/.ConnectivityBroadcastReceiver: pid=1294 uid=10038 gids={3003}
I/ActivityThread( 1294): Pub com.google.android.apps.uploader: com.google.android.apps.uploader.UploadsContentProvider
I/ActivityThread( 1294): Pub com.google.photos.provider.Album: com.google.android.apps.uploader.clients.picasa.AlbumProvider
D/MediaUploader( 1294): UploaderApplication.onCreate
D/MediaUploader( 1294): nonWifiLimit=20971520, default=20971520
I/MediaUploader( 1294): No need to wake up
D/AosUpdate:MediaMountReceiver( 1281): android.intent.action.MEDIA_MOUNTED / file:///mnt/sdcard
I/ActivityManager(  507): No longer want com.android.exchange (pid 1025): hidden #16
D/MediaScannerReceiver(  796): action: android.intent.action.MEDIA_MOUNTED path: /mnt/sdcard
I/MediaUploader( 1294): No need to wake up
I/ActivityManager(  507): Start proc com.google.android.calendar for broadcast com.google.android.calendar/com.android.calendar.widget.CalendarAppWidgetService$CalendarFactory: pid=1310 uid=10008 gids={3003}
I/ActivityThread( 1310): Pub com.google.android.calendar.CalendarRecentSuggestionsProvider: com.android.calendar.CalendarRecentSuggestionsProvider
I/ActivityManager(  507): Start proc com.google.android.apps.maps:LocationFriendService for broadcast com.google.android.apps.maps/com.google.googlenav.friend.reporting.LocationReportingIntentReceiver: pid=1325 uid=10023 gids={3003, 1015, 1023}
I/ActivityManager(  507): No longer want com.android.email (pid 1008): hidden #16
D/dalvikvm( 1325): GC_CONCURRENT freed 169K, 4% free 6860K/7111K, paused 2ms+4ms
I/wpa_supplicant(  579): wlan0: Authentication with 00:24:17:31:1f:69 timed out.
I/cat     (  407): <7>[   49.859832] wlan0: disassociating from 00:24:17:31:1f:69 by local choice (reason=3)
I/cat     (  407): <7>[   49.900817] wlan0: moving STA 00:24:17:31:1f:69 to state 1
I/cat     (  407): <7>[   49.900939] wlan0: moving STA 00:24:17:31:1f:69 to state 0
I/cat     (  407): <6>[   50.256072] cfg80211: Calling CRDA to update world regulatory domain
I/cat     (  407): <7>[   50.257202] wlan0: deauthenticating from 00:24:17:31:1f:69 by local choice (reason=3)
I/ActivityManager(  507): Start proc com.android.providers.calendar for content provider com.android.providers.calendar/.CalendarProvider2: pid=1342 uid=10009 gids={3003, 1015, 1023}
I/cat     (  407): <6>[   50.367767] cfg80211: World regulatory domain updated:
I/cat     (  407): <6>[   50.367889] cfg80211:     (start_freq - end_freq @ bandwidth), (max_antenna_gain, max_eirp)
I/cat     (  407): <6>[   50.368072] cfg80211:     (2402000 KHz - 2472000 KHz @ 40000 KHz), (300 mBi, 2000 mBm)
I/ActivityThread( 1342): Pub com.android.calendar: com.android.providers.calendar.CalendarProvider2
I/cat     (  407): <6>[   50.368774] cfg80211:     (2457000 KHz - 2482000 KHz @ 20000 KHz), (300 mBi, 2000 mBm)
I/cat     (  407): <6>[   50.368896] cfg80211:     (2474000 KHz - 2494000 KHz @ 20000 KHz), (300 mBi, 2000 mBm)
I/cat     (  407): <6>[   50.369079] cfg80211:     (5170000 KHz - 5250000 KHz @ 40000 KHz), (300 mBi, 2000 mBm)
I/cat     (  407): <6>[   50.369293] cfg80211:     (5735000 KHz - 5835000 KHz @ 40000 KHz), (300 mBi, 2000 mBm)
D/dalvikvm( 1325): GC_CONCURRENT freed 196K, 4% free 7211K/7495K, paused 1ms+3ms
D/dalvikvm(  796): GC_CONCURRENT freed 240K, 6% free 6921K/7303K, paused 4ms+74ms
D/dalvikvm(  507): GC_CONCURRENT freed 695K, 12% free 10128K/11399K, paused 2ms+5ms
I/cat     (  407): <7>[   50.571350] wlan0: no IPv6 routers present
I/ActivityManager(  507): No longer want com.google.android.partnersetup (pid 866): hidden #16
I/ActivityManager(  507): Start proc com.archos.mediacenter for broadcast com.archos.mediacenter/com.archos.mediaprovider.MediaStoreImportReceiver: pid=1360 uid=10003 gids={3003, 1023, 1015, 1000}
I/ActivityManager(  507): No longer want android.process.acore (pid 781): hidden #16
I/ActivityThread( 1360): Pub com.archos.media;com.archos.mediascraper: com.archos.mediaprovider.ArchosMediaProvider
D/dalvikvm(  507): GC_EXPLICIT freed 68K, 12% free 10082K/11399K, paused 2ms+5ms
D/SharesCmdListener(  452): networkshare stop
I/ActivityManager(  507): Start proc com.archos.mediacenter:scanner for service com.archos.mediacenter/com.archos.mediaprovider.MediaThumbnailService: pid=1375 uid=10003 gids={3003, 1023, 1015, 1000}
I/ActivityThread( 1360): Pub com.archos.mediacenter.video.browser.SearchProviderVideo: com.archos.mediacenter.video.browser.SearchProviderVideo
I/ActivityManager(  507): Start proc com.google.android.music:main for broadcast com.google.android.music/.store.MediaStoreImportService$Receiver: pid=1389 uid=10039 gids={3003, 1015, 1023}
D/dalvikvm(  434): GC_EXPLICIT freed 39K, 5% free 6524K/6851K, paused 4ms+2ms
D/MediaThumbnailService( 1360): onServiceConnected: ComponentInfo{com.archos.mediacenter/com.archos.mediaprovider.MediaThumbnailService}
I/cat     (  407): <3>[   51.027465] init: untracked pid 1385 exited
D/dalvikvm(  434): GC_EXPLICIT freed <1K, 5% free 6524K/6851K, paused 2ms+2ms
D/dalvikvm(  434): GC_EXPLICIT freed <1K, 5% free 6524K/6851K, paused 1ms+1ms
D/MediaRetrieverService( 1360): onServiceConnected: ComponentInfo{com.archos.mediacenter/com.archos.mediaprovider.MediaRetrieverService}
D/dalvikvm( 1389): GC_CONCURRENT freed 178K, 4% free 6850K/7111K, paused 3ms+2ms
I/ActivityThread( 1389): Pub com.google.android.music.MusicContent: com.google.android.music.store.MusicContentProvider
I/MusicStore( 1389): Database version: 44
I/ActivityThread( 1389): Pub com.google.android.music.athome: com.google.android.music.athome.AtHomeContentProvider
I/talk    ( 1180): onMcsConnectionStarted
D/dalvikvm( 1389): GC_CONCURRENT freed 281K, 6% free 7006K/7431K, paused 2ms+2ms
D/dalvikvm( 1360): GC_CONCURRENT freed 212K, 5% free 6750K/7047K, paused 1ms+2ms
I/wpa_supplicant(  579): wlan0: SME: Trying to authenticate with 00:24:17:31:1f:69 (SSID='Next-door' freq=2417 MHz)
D/dalvikvm(  796): GC_CONCURRENT freed 358K, 7% free 6997K/7495K, paused 1ms+2ms
I/wpa_supplicant(  579): wlan0: Trying to associate with 00:24:17:31:1f:69 (SSID='Next-door' freq=2417 MHz)
I/cat     (  407): <7>[   51.720062] wlan0: authenticate with 00:24:17:31:1f:69 (try 1)
I/cat     (  407): <7>[   51.723724] wlan0: authenticated
I/cat     (  407): <7>[   51.751190] wlan0: associate with 00:24:17:31:1f:69 (try 1)
I/cat     (  407): <7>[   51.755187] wlan0: RX ReassocResp from 00:24:17:31:1f:69 (capab=0x411 status=0 aid=3)
I/cat     (  407): <7>[   51.755279] wlan0: associated
I/cat     (  407): <7>[   51.755493] wlan0: moving STA 00:24:17:31:1f:69 to state 1
I/cat     (  407): <7>[   51.755584] wlan0: moving STA 00:24:17:31:1f:69 to state 2
I/wpa_supplicant(  579): wlan0: Associated with 00:24:17:31:1f:69
I/wpa_supplicant(  579): wlan0: WPA: Key negotiation completed with 00:24:17:31:1f:69 [PTK=CCMP GTK=TKIP]
I/wpa_supplicant(  579): wlan0: CTRL-EVENT-CONNECTED - Connection to 00:24:17:31:1f:69 completed (auth) [id=0 id_str=]
I/cat     (  407): <6>[   51.821502] wl12xx: Association completed.
I/cat     (  407): <7>[   51.821960] wlan0: moving STA 00:24:17:31:1f:69 to state 3
D/ConnectivityService(  507): ConnectivityChange for WIFI: CONNECTING/OBTAINING_IPADDR
D/ConnectivityService(  507): ConnectivityChange for WIFI: CONNECTING/OBTAINING_IPADDR
I/CalendarProvider2( 1342): Sending notification intent: Intent { act=android.intent.action.PROVIDER_CHANGED dat=content://com.android.calendar }
W/ContentResolver( 1342): Failed to get type for: content://com.android.calendar (Unknown URL content://com.android.calendar)
I/ActivityManager(  507): No longer want com.google.android.gsf.login (pid 1102): hidden #16
V/MediaScanner(  796): pruneDeadThumbnailFiles... android.database.sqlite.SQLiteCursor@411fc4f0
V/MediaScanner(  796): /pruneDeadThumbnailFiles... android.database.sqlite.SQLiteCursor@411fc4f0
V/MediaScanner(  796): pruneDeadThumbnailFiles... android.database.sqlite.SQLiteCursor@411fd410
V/MediaScanner(  796): /pruneDeadThumbnailFiles... android.database.sqlite.SQLiteCursor@411fd410
D/DhcpInfoInternal(  507): makeLinkProperties with empty dns2!
D/DhcpInfoInternal(  507): makeLinkProperties with empty dns2!
D/ConnectivityService(  507): ConnectivityChange for WIFI: CONNECTED/CONNECTED
D/ConnectivityService(  507): Setting TCP values: [524288,1048576,2097152,262144,524288,1048576] which comes from [net.tcp.buffersize.wifi]
D/ConnectivityService(  507): adding dns 192.168.1.254 for WIFI
D/ConnectivityService(  507): handleConnectivityChange: changed linkProperty[1]: doReset=false resetMask=0
D/ConnectivityService(  507):    curLp=null
D/ConnectivityService(  507):    newLp=InterfaceName: wlan0 LinkAddresses: [192.168.1.68/24,] Routes: [0.0.0.0/0 -> 192.168.1.254,] DnsAddresses: [192.168.1.254,] HttpProxy: [ProxyProperties.mHost == null] 
D/ConnectivityService(  507): Adding 192.168.1.254/32 -> 0.0.0.0 for interface wlan0
D/ConnectivityService(  507): Adding 0.0.0.0/0 -> 192.168.1.254 for interface wlan0
D/ConnectivityService(  507): resetting DNS cache for wlan0
D/ConnectivityService(  507): sendStickyBroadcast: action=android.net.conn.CONNECTIVITY_CHANGE_IMMEDIATE
W/NetworkStats(  507): dropping UID delta from unknown iface: iface=wlan0 uid=0 set=DEFAULT tag=0x0 rxBytes=0 rxPackets=0 txBytes=384 txPackets=6 operations=0
D/ConnectivityService(  507): sendStickyBroadcastDelayed: delayMs=3000, action=android.net.conn.CONNECTIVITY_CHANGE
D/ConnectivityService(  507): ConnectivityChange for WIFI: CONNECTED/CONNECTED
D/ConnectivityService(  507): Setting TCP values: [524288,1048576,2097152,262144,524288,1048576] which comes from [net.tcp.buffersize.wifi]
D/ConnectivityService(  507): handleConnectivityChange: changed linkProperty[1]: doReset=false resetMask=0
D/ConnectivityService(  507):    curLp=InterfaceName: wlan0 LinkAddresses: [192.168.1.68/24,] Routes: [0.0.0.0/0 -> 192.168.1.254,] DnsAddresses: [192.168.1.254,] HttpProxy: [ProxyProperties.mHost == null] 
D/ConnectivityService(  507):    newLp=InterfaceName: wlan0 LinkAddresses: [192.168.1.68/24,] Routes: [0.0.0.0/0 -> 192.168.1.254,] DnsAddresses: [192.168.1.254,] HttpProxy: [ProxyProperties.mHost == null] 
D/ConnectivityService(  507): handleConnectivityChange: address are the same reset per doReset linkProperty[1]: resetMask=0
D/ConnectivityService(  507): sendStickyBroadcast: action=android.net.conn.CONNECTIVITY_CHANGE_IMMEDIATE
D/ConnectivityService(  507): sendStickyBroadcastDelayed: delayMs=3000, action=android.net.conn.CONNECTIVITY_CHANGE
D/dalvikvm(  796): GC_CONCURRENT freed 718K, 11% free 6756K/7559K, paused 1ms+2ms
D/dalvikvm(  796): GC_CONCURRENT freed 182K, 8% free 6999K/7559K, paused 2ms+2ms
D/dalvikvm(  796): GC_CONCURRENT freed 452K, 8% free 7003K/7559K, paused 2ms+2ms
V/MediaScanner(  796): pruneDeadThumbnailFiles... android.database.sqlite.SQLiteCursor@411903c8
V/MediaScanner(  796): /pruneDeadThumbnailFiles... android.database.sqlite.SQLiteCursor@411903c8
V/MediaScanner(  796): pruneDeadThumbnailFiles... android.database.sqlite.SQLiteCursor@41191850
V/MediaScanner(  796): /pruneDeadThumbnailFiles... android.database.sqlite.SQLiteCursor@41191850
I/MediaStoreImporter( 1389): Update: incremental Added music: 0 Updated music: 0 Deleted music: 0 Created playlists: 0 Updated playlists: 0 Deleted playlists: 0 Inserted playlist items: 0 Deleted playlist items: 0 Removed orphaned playlist items: 0
D/dalvikvm( 1389): GC_CONCURRENT freed 221K, 6% free 7194K/7623K, paused 1ms+2ms
I/MediaStoreImporter( 1389): Update: incremental Added music: 0 Updated music: 0 Deleted music: 0 Created playlists: 0 Updated playlists: 0 Deleted playlists: 0 Inserted playlist items: 0 Deleted playlist items: 0 Removed orphaned playlist items: 0
D/dalvikvm( 1360): GC_CONCURRENT freed 24K, 3% free 7133K/7303K, paused 2ms+1ms
D/dalvikvm( 1360): GC_CONCURRENT freed 11K, 2% free 7617K/7751K, paused 1ms+2ms
D/dalvikvm( 1360): GC_CONCURRENT freed 53K, 3% free 8006K/8199K, paused 2ms+1ms
D/dalvikvm( 1360): GC_CONCURRENT freed 437K, 7% free 8006K/8583K, paused 1ms+1ms
D/dalvikvm( 1360): GC_CONCURRENT freed 435K, 7% free 8010K/8583K, paused 1ms+2ms
D/ConnectivityService(  507): sendStickyBroadcast: action=android.net.conn.CONNECTIVITY_CHANGE
D/Tethering(  507): MasterInitialState.processMessage what=3
I/NetworkSharesService(  706): connection properties changed
D/ConnectivityService(  507): sendStickyBroadcast: action=android.net.conn.CONNECTIVITY_CHANGE
I/DlnaService(  706): connection properties changed
I/GTalkService/c(  909): [AndroidEndpoint@1092350968] connect: acct=1000000, state=CONNECTING
I/dalvikvm( 1450): Turning on JNI app bug workarounds for target SDK version 11...
I/ActivityManager(  507): Start proc com.archos.daos for broadcast com.archos.daos/.DaosRunReceiver: pid=1450 uid=1000 gids={1015, 1023, 3002, 3001, 3003, 3005, 1004, 2002, 1006, 3007}
D/Tethering(  507): MasterInitialState.processMessage what=3
I/NetworkSharesService(  706): connection changed=false
I/DlnaService(  706): connection changed=false
I/MediaUploader( 1294): No need to wake up
I/MediaUploader( 1294): No need to wake up
D/dalvikvm(  507): GC_CONCURRENT freed 685K, 11% free 10171K/11399K, paused 3ms+7ms
D/GpsLocationProvider(  507): NTP server returned: 1377358790284 (Sat Aug 24 16:39:50 GMT+01:00 2013) reference: 55699 certainty: 55 system time offset: 323
D/dalvikvm( 1360): GC_CONCURRENT freed 440K, 7% free 8012K/8583K, paused 2ms+2ms
D/dalvikvm( 1360): GC_CONCURRENT freed 440K, 7% free 8015K/8583K, paused 2ms+1ms
D/dalvikvm(  909): GC_CONCURRENT freed 313K, 6% free 6995K/7431K, paused 1ms+3ms
D/dalvikvm( 1360): GC_CONCURRENT freed 436K, 7% free 8018K/8583K, paused 2ms+1ms
D/dalvikvm( 1360): GC_CONCURRENT freed 423K, 7% free 8020K/8583K, paused 1ms+2ms
D/ConnectivityService(  507): reportNetworkCondition(1, 100)
D/ConnectivityService(  507): handleInetConditionChange: net=1, condition=100,mActiveDefaultNetwork=1
D/ConnectivityService(  507): handleInetConditionChange: starting a change hold
D/ConnectivityService(  507): handleInetConditionHoldEnd: net=1, condition=100, published condition=0
D/ConnectivityService(  507): sendStickyBroadcast: action=android.net.conn.INET_CONDITION_ACTION
D/SharesCmdListener(  452): networkshare stop
I/cat     (  407): <3>[   58.901214] init: untracked pid 1473 exited
D/dalvikvm( 1360): GC_CONCURRENT freed 1298K, 17% free 7142K/8583K, paused 1ms+1ms
D/dalvikvm( 1360): GC_CONCURRENT freed 190K, 15% free 7355K/8583K, paused 1ms+1ms
D/dalvikvm( 1360): GC_CONCURRENT freed 384K, 15% free 7358K/8583K, paused 1ms+1ms
D/dalvikvm( 1360): GC_CONCURRENT freed 382K, 15% free 7359K/8583K, paused 1ms+2ms
D/AMXMediaStoreImporter( 1360): full import +:1472 -:0 1472=>1472
D/AMXMediaStoreImporter( 1360): media scanned:1
D/AMXMediaStoreImportService( 1360): initializeScraperData()
D/ScraperService( 1360): onBind
D/ScraperService( 1360): onDestroy
I/ActivityManager(  507): No longer want com.google.android.onetimeinitializer (pid 1130): hidden #16
I/ActivityManager(  507): No longer want com.android.musicfx (pid 1116): hidden #17
D/dalvikvm( 1360): GC_CONCURRENT freed 962K, 21% free 6791K/8583K, paused 4ms+6ms
W/ThrottleService(  507): unable to find stats for iface ppp1
