Total:1 - [0:fv]=logcat 
--------- beginning of /dev/log/main
I/cat     (  407): <6>[    0.000000] Initializing cgroup subsys cpu
I/cat     (  407): <5>[    0.000000] Linux version 3.0.21 (rd@debian) (gcc version 4.4.1 (GCC) ) #2 SMP PREEMPT Thu Feb 28 16:59:15 CET 2013
I/cat     (  407): <4>[    0.000000] CPU: ARMv7 Processor [411fc093] revision 3 (ARMv7), cr=10c5387d
I/cat     (  407): <4>[    0.000000] CPU: VIPT nonaliasing data cache, VIPT aliasing instruction cache
I/cat     (  407): <4>[    0.000000] Machine: ARCHOS A80S board
I/cat     (  407): <6>[    0.000000] fixup_archos: 512M@0x80000000 from bootloader.
I/cat     (  407): <4>[    0.000000] fixup_archos: [mem=512M init=/linuxrc debug omapdss.debug=0 omapfb.debug=0]
I/cat     (  407): <6>[    0.000000] Product Name: A80S
I/cat     (  407): <6>[    0.000000] DDR type elpida
I/cat     (  407): <6>[    0.000000] Reserving 6291456 bytes SDRAM for VRAM
I/cat     (  407): <4>[    0.000000] Memory policy: ECC disabled, Data cache writealloc
I/cat     (  407): <6>[    0.000000] OMAP4430 ES2.3
I/cat     (  407): <6>[    0.000000] SRAM: Mapped pa 0x40300000 to va 0xfe400000 size: 0xd000
I/cat     (  407): <7>[    0.000000] On node 0 totalpages: 122624
I/cat     (  407): <7>[    0.000000] free_area_init_node: node 0, pgdat c07aa500, node_mem_map c08fe000
I/cat     (  407): <7>[    0.000000]   Normal zone: 1024 pages used for memmap
I/cat     (  407): <7>[    0.000000]   Normal zone: 0 pages reserved
I/cat     (  407): <7>[    0.000000]   Normal zone: 121600 pages, LIFO batch:31
I/cat     (  407): <6>[    0.000000] PERCPU: Embedded 7 pages/cpu @c0d04000 s7072 r8192 d13408 u32768
I/cat     (  407): <7>[    0.000000] pcpu-alloc: s7072 r8192 d13408 u32768 alloc=8*4096
I/cat     (  407): <7>[    0.000000] pcpu-alloc: [0] 0 [0] 1 
I/cat     (  407): <4>[    0.000000] Built 1 zonelists in Zone order, mobility grouping on.  Total pages: 121600
I/cat     (  407): <5>[    0.000000] Kernel command line: mem=512M init=/linuxrc debug omapdss.debug=0 omapfb.debug=0
I/cat     (  407): <6>[    0.000000] PID hash table entries: 2048 (order: 1, 8192 bytes)
I/cat     (  407): <6>[    0.000000] Dentry cache hash table entries: 65536 (order: 6, 262144 bytes)
I/cat     (  407): <6>[    0.000000] Inode-cache hash table entries: 32768 (order: 5, 131072 bytes)
I/cat     (  407): <6>[    0.000000] Memory: 478MB 1MB = 479MB total
I/cat     (  407): <5>[    0.000000] Memory: 475344k/475344k available, 48944k reserved, 0K highmem
I/cat     (  407): <5>[    0.000000] Virtual kernel memory layout:
I/cat     (  407): <5>[    0.000000]     vector  : 0xffff0000 - 0xffff1000   (   4 kB)
I/cat     (  407): <5>[    0.000000]     fixmap  : 0xfff00000 - 0xfffe0000   ( 896 kB)
I/cat     (  407): <5>[    0.000000]     DMA     : 0xffc00000 - 0xffe00000   (   2 MB)
I/cat     (  407): <5>[    0.000000]     vmalloc : 0xe0800000 - 0xf8000000   ( 376 MB)
I/cat     (  407): <5>[    0.000000]     lowmem  : 0xc0000000 - 0xe0000000   ( 512 MB)
I/cat     (  407): <5>[    0.000000]     pkmap   : 0xbfe00000 - 0xc0000000   (   2 MB)
I/cat     (  407): <5>[    0.000000]     modules : 0xbf000000 - 0xbfe00000   (  14 MB)
I/cat     (  407): <5>[    0.000000]       .init : 0xc0008000 - 0xc005b000   ( 332 kB)
I/cat     (  407): <5>[    0.000000]       .text : 0xc005b000 - 0xc0734000   (7012 kB)
I/cat     (  407): <5>[    0.000000]       .data : 0xc0734000 - 0xc07ab060   ( 477 kB)
I/cat     (  407): <5>[    0.000000]        .bss : 0xc07ab084 - 0xc08fdbe8   (1355 kB)
I/cat     (  407): <6>[    0.000000] SLUB: Genslabs=13, HWalign=32, Order=0-3, MinObjects=0, CPUs=2, Nodes=1
I/cat     (  407): <6>[    0.000000] Preemptible hierarchical RCU implementation.
I/cat     (  407): <6>[    0.000000] NR_IRQS:410
I/cat     (  407): <4>[    0.000000] omap_hwmod: dpll_mpu_m2_ck: missing clockdomain for dpll_mpu_m2_ck.
I/cat     (  407): <6>[    0.000000] OMAP clockevent source: GPTIMER1 at 32768 Hz
I/cat     (  407): <6>[    0.000000] sched_clock: 32 bits at 32kHz, resolution 30517ns, wraps every 131071999ms
I/cat     (  407): <6>[    0.000061] Calibrating delay loop... 1990.38 BogoMIPS (lpj=7774208)
I/cat     (  407): <6>[    0.070373] pid_max: default: 32768 minimum: 301
I/cat     (  407): <6>[    0.070739] Mount-cache hash table entries: 512
I/cat     (  407): <6>[    0.071716] Initializing cgroup subsys debug
I/cat     (  407): <6>[    0.071746] Initializing cgroup subsys cpuacct
I/cat     (  407): <6>[    0.071807] Initializing cgroup subsys freezer
I/cat     (  407): <6>[    0.071868] CPU: Testing write buffer coherency: ok
I/cat     (  407): <6>[    0.072235] L310 cache controller enabled
I/cat     (  407): <6>[    0.072265] l2x0: 16 ways, CACHE_ID 0x410000c4, AUX_CTRL 0x5e470000, Cache size: 1048576 B
I/cat     (  407): <4>[    0.150634] CPU1: Booted secondary processor
I/cat     (  407): <6>[    0.220703] Brought up 2 CPUs
I/cat     (  407): <6>[    0.220733] SMP: Total of 2 processors activated (3989.17 BogoMIPS).
I/cat     (  407): <6>[    0.221130] devtmpfs: initialized
I/cat     (  407): <4>[    0.223632] omap_hwmod: _populate_mpu_rt_base found no _mpu_rt_va for emif_fw
I/cat     (  407): <4>[    0.223632] omap_hwmod: _populate_mpu_rt_base found no _mpu_rt_va for l3_instr
I/cat     (  407): <4>[    0.223663] omap_hwmod: _populate_mpu_rt_base found no _mpu_rt_va for l3_main_1
I/cat     (  407): <4>[    0.223663] omap_hwmod: _populate_mpu_rt_base found no _mpu_rt_va for l3_main_2
I/cat     (  407): <4>[    0.223693] omap_hwmod: _populate_mpu_rt_base found no _mpu_rt_va for l4_abe
I/cat     (  407): <4>[    0.223693] omap_hwmod: _populate_mpu_rt_base found no _mpu_rt_va for l4_cfg
I/cat     (  407): <4>[    0.223693] omap_hwmod: _populate_mpu_rt_base found no _mpu_rt_va for l4_per
I/cat     (  407): <4>[    0.223724] omap_hwmod: _populate_mpu_rt_base found no _mpu_rt_va for l4_wkup
I/cat     (  407): <4>[    0.223724] omap_hwmod: _populate_mpu_rt_base found no _mpu_rt_va for mpu_private
I/cat     (  407): <4>[    0.223785] omap_hwmod: _populate_mpu_rt_base found no _mpu_rt_va for sl2if
I/cat     (  407): <4>[    0.223846] omap_hwmod: _populate_mpu_rt_base found no _mpu_rt_va for usbhs_ohci
I/cat     (  407): <4>[    0.223846] omap_hwmod: _populate_mpu_rt_base found no _mpu_rt_va for usbhs_ehci
I/cat     (  407): <4>[    0.224029] omap_hwmod: l3_div_ck: missing clockdomain for l3_div_ck.
I/cat     (  407): <3>[    0.228881] _omap4_module_wait_ready: Timeout waiting for module enable (mcpdm_fck: clkctrl = 0x30002)
I/cat     (  407): <4>[    0.231811] omap_hwmod: mcpdm: cannot be enabled (3)
I/cat     (  407): <6>[    0.234344] print_constraints: dummy: 
I/cat     (  407): <6>[    0.234588] NET: Registered protocol family 16
I/cat     (  407): <6>[    0.234741] GPMC revision 6.0
I/cat     (  407): <4>[    0.234741] gpmc_mem_init: cannot add 16777216@00000000
I/cat     (  407): <6>[    0.235717] EMIF0 is enabled with IRQ142
I/cat     (  407): <6>[    0.235778] EMIF1 is enabled with IRQ143
I/cat     (  407): <6>[    0.235809] Last reset was warm software reset (PRM_RSTST=0x2)
I/cat     (  407): <6>[    0.235839] 
I/cat     (  407): <6>[    0.236175] OMAP GPIO hardware version 0.1
I/cat     (  407): <6>[    0.237670] omap_mux_init: Add partition: #1: core, flags: 2
I/cat     (  407): <6>[    0.238647] omap_mux_init: Add partition: #2: wkup, flags: 2
I/cat     (  407): <4>[    0.239715] archos_accel_init: irq1 205, irq2 334
I/cat     (  407): <4>[    0.239746] archos_compass_init: irq 211
I/cat     (  407): <6>[    0.239746] Set Backlight value from tag
I/cat     (  407): <7>[    0.240539] archos_touchscreen_tm340_init: irq_gpio 272 - irq 112, pwr_gpio 110
I/cat     (  407): <6>[    0.241912] init_ehci_clock_init: auxclk4_ck now at 12000000
I/cat     (  407): <3>[    0.241943] Enabling aux_clk
I/cat     (  407): <7>[    0.242950] panel_cpt_xga_8_init
I/cat     (  407): <6>[    0.248687] OMAP DMA hardware revision 0.0
I/cat     (  407): <3>[    0.249176] omap_rproc_get_pool: dsp - no carveout memory is available at all
I/cat     (  407): <4>[    0.249298] omap_rproc_get_pool: ipu - carveout memory is unavailable: 0x0, 0x0
I/cat     (  407): <6>[    0.257354] bio: create slab <bio-0> at 0
I/cat     (  407): <6>[    0.257995] print_constraints: 5V: 5000 mV 
I/cat     (  407): <6>[    0.258178] print_constraints: 1V8: 1800 mV 
I/cat     (  407): <6>[    0.258361] print_constraints: VCC: 3300 mV 
I/cat     (  407): <6>[    0.258544] print_constraints: vbus_musb: 5000 mV 
I/cat     (  407): <6>[    0.258697] print_constraints: vmmc2: 1800 mV 
I/cat     (  407): <6>[    0.258880] print_constraints: vmmc2_aux: 3300 mV 
I/cat     (  407): <6>[    0.259063] print_constraints: TSP_VCC: 3300 mV 
I/cat     (  407): <6>[    0.259216] print_constraints: vwl1271: 1800 mV 
I/cat     (  407): <6>[    0.259429] print_constraints: hdmi_5v: 5000 mV normal 
I/cat     (  407): <6>[    0.259613] print_constraints: hsusb_ext: 5000 mV normal 
I/cat     (  407): <4>[    0.259948] i2c-core: driver [twl] using legacy suspend method
I/cat     (  407): <4>[    0.259948] i2c-core: driver [twl] using legacy resume method
I/cat     (  407): <5>[    0.260253] SCSI subsystem initialized
I/cat     (  407): <6>[    0.261169] usbcore: registered new interface driver usbfs
I/cat     (  407): <6>[    0.261260] usbcore: registered new interface driver hub
I/cat     (  407): <6>[    0.261352] usbcore: registered new device driver usb
I/cat     (  407): <6>[    0.262115] omap_i2c omap_i2c.1: bus 1 rev4.0 at 400 kHz
I/cat     (  407): <4>[    0.262664] Skipping twl internal clock init and using bootloader value (unknown osc rate)
I/cat     (  407): <6>[    0.263000] twl 1-0048: start condition : 00
I/cat     (  407): <6>[    0.266448] twl6030: PIH (irq 39) chaining IRQs 368..387
I/cat     (  407): <6>[    0.268707] print_constraints: VUSB: 3300 mV normal standby
I/cat     (  407): <3>[    0.271179] archos_twl6030_usb_xceiv archos_twl6030_usb_xceiv: Initialized Archos TWL6030 USB module
I/cat     (  407): <4>[    0.271606] STATE_UNKNOWN -> STATE_NONE
I/cat     (  407): <6>[    0.272277] print_constraints: VMMC: 1200 <--> 3000 mV at 1800 mV normal standby
I/cat     (  407): <6>[    0.273345] print_constraints: VPP: 1800 <--> 2500 mV at 1900 mV normal standby
I/cat     (  407): <6>[    0.274414] print_constraints: VCXIO: 1800 mV normal standby
I/cat     (  407): <6>[    0.275482] print_constraints: VDAC: 1800 mV normal standby
I/cat     (  407): <6>[    0.276184] print_constraints: VAUX2_6030: 2800 mV normal standby
I/cat     (  407): <6>[    0.277038] print_constraints: VAUX3_6030: 1000 <--> 3300 mV at 1200 mV normal standby
I/cat     (  407): <6>[    0.278106] print_constraints: VANA: 2100 mV normal standby
I/cat     (  407): <6>[    0.278900] print_constraints: CLK32KG: 
I/cat     (  407): <6>[    0.279693] print_constraints: CLK32KAUDIO: 
I/cat     (  407): <6>[    0.279968] omap_i2c omap_i2c.2: bus 2 rev4.0 at 100 kHz
I/cat     (  407): <6>[    0.280181] omap_i2c omap_i2c.3: bus 3 rev4.0 at 100 kHz
I/cat     (  407): <6>[    0.280548] omap_i2c omap_i2c.4: bus 4 rev4.0 at 400 kHz
I/cat     (  407): <6>[    0.281188] omap-rproc omap-rproc.0: dsp is available
I/cat     (  407): <6>[    0.281280] omap-rproc omap-rproc.1: ipu is available
I/cat     (  407): <6>[    0.281402] Advanced Linux Sound Architecture Driver Version 1.0.24.
I/cat     (  407): <6>[    0.282196] Switching to clocksource 32k_counter
I/cat     (  407): <6>[    0.283203] Switched to NOHz mode on CPU #0
I/cat     (  407): <6>[    0.283203] Switched to NOHz mode on CPU #1
I/cat     (  407): <6>[    0.284149] musb-hdrc: version 6.0, musb-dma, otg (peripheral+host)
I/cat     (  407): <7>[    0.284454] musb-hdrc: ConfigData=0xde (UTMI-8, dyn FIFOs, bulk combine, bulk split, HB-ISO Rx, HB-ISO Tx, SoftConn)
I/cat     (  407): <7>[    0.284484] musb-hdrc: MHDRC RTL version 2.0 
I/cat     (  407): <7>[    0.284484] musb-hdrc: setup fifo_mode 4
I/cat     (  407): <7>[    0.284515] musb-hdrc: 28/31 max ep, 16384/16384 memory
I/cat     (  407): <6>[    0.284515] musb-hdrc musb-hdrc: USB OTG mode controller at fc0ab000 using DMA, IRQ 124
I/cat     (  407): <6>[    0.285034] NET: Registered protocol family 2
I/cat     (  407): <6>[    0.285217] IP route cache hash table entries: 4096 (order: 2, 16384 bytes)
I/cat     (  407): <6>[    0.285461] TCP established hash table entries: 16384 (order: 5, 131072 bytes)
I/cat     (  407): <6>[    0.285461] TCP bind hash table entries: 16384 (order: 6, 393216 bytes)
I/cat     (  407): <6>[    0.285461] TCP: Hash tables configured (established 16384 bind 16384)
I/cat     (  407): <6>[    0.287536] TCP reno registered
I/cat     (  407): <6>[    0.287536] UDP hash table entries: 256 (order: 2, 16384 bytes)
I/cat     (  407): <6>[    0.287628] UDP-Lite hash table entries: 256 (order: 2, 16384 bytes)
I/cat     (  407): <6>[    0.287628] NET: Registered protocol family 1
I/cat     (  407): <6>[    0.288421] RPC: Registered named UNIX socket transport module.
I/cat     (  407): <6>[    0.288574] RPC: Registered udp transport module.
I/cat     (  407): <6>[    0.288574] RPC: Registered tcp transport module.
I/cat     (  407): <6>[    0.288604] RPC: Registered tcp NFSv4.1 backchannel transport module.
I/cat     (  407): <6>[    0.288818] Trying to unpack rootfs image as initramfs...
I/cat     (  407): <6>[    0.329132] Freeing initrd memory: 1360K
I/cat     (  407): <7>[    0.424377] panel_init:93
I/cat     (  407): <6>[    0.426177] archos_camera_glue archos_camera_glue: no cam_1v8 rail, skip.
I/cat     (  407): <3>[    0.477722] archos_usb_3g archos_usb_3g: Unable to get "3g_hub" regulator
I/cat     (  407): <6>[    0.478363] ram_console: got buffer at 9e500000, size 100000
I/cat     (  407): <6>[    0.479278] ram_console: found existing buffer, size 49228, start 49228
I/cat     (  407): <6>[    0.663055] console [ram0] enabled
I/cat     (  407): <6>[    0.663085] omap-iommu omap-iommu.0: ducati registered
I/cat     (  407): <6>[    0.663787] omap-iommu omap-iommu.1: tesla registered
I/cat     (  407): <6>[    0.675781] ashmem: initialized
I/cat     (  407): <6>[    0.681030] squashfs: version 4.0 (2009/01/31) Phillip Lougher
I/cat     (  407): <6>[    0.683197] NTFS driver 2.1.30 [Flags: R/O].
I/cat     (  407): <6>[    0.684692] fuse init (API version 7.16)
I/cat     (  407): <6>[    0.684692] msgmni has been set to 931
I/cat     (  407): <6>[    0.687042] io scheduler noop registered
I/cat     (  407): <6>[    0.687072] io scheduler deadline registered
I/cat     (  407): <6>[    0.687438] io scheduler cfq registered (default)
I/cat     (  407): <6>[    0.687438] start plist test
I/cat     (  407): <6>[    0.690216] end plist test
I/cat     (  407): <6>[    0.690948] OMAP DSS rev 4.0
I/cat     (  407): <4>[    0.693023] ------------[ cut here ]------------
I/cat     (  407): <4>[    0.693237] WARNING: at /mnt/build/release/AX09/avx9_ics/arcbuild/linux/drivers/video/omap2/dss/hdmi.c:150 hdmi_main_runtime_get+0x58/0x80()
I/cat     (  407): <4>[    0.693237] Modules linked in:
I/cat     (  407): <4>[    0.693237] Backtrace: 
I/cat     (  407): <4>[    0.693817] [<c0065118>] (dump_backtrace+0x0/0x110) from [<c0561390>] (dump_stack+0x18/0x1c)
I/cat     (  407): <4>[    0.693817]  r7:00000009 r6:00000096 r5:c0299c38 r4:00000000
I/cat     (  407): <4>[    0.693817] [<c0561378>] (dump_stack+0x0/0x1c) from [<c00a7890>] (warn_slowpath_common+0x54/0x6c)
I/cat     (  407): <4>[    0.693817] [<c00a783c>] (warn_slowpath_common+0x0/0x6c) from [<c00a78cc>] (warn_slowpath_null+0x24/0x2c)
I/cat     (  407): <4>[    0.693817]  r9:00000000 r8:c075be00 r7:dd8ad608 r6:dd8ad600 r5:fffffff5
I/cat     (  407): <4>[    0.693817] r4:00000000
I/cat     (  407): <4>[    0.695434] [<c00a78a8>] (warn_slowpath_null+0x0/0x2c) from [<c0299c38>] (hdmi_main_runtime_get+0x58/0x80)
I/cat     (  407): <4>[    0.695434] [<c0299be0>] (hdmi_main_runtime_get+0x0/0x80) from [<c029a1d8>] (hdmi_power_min+0xb8/0x13c)
I/cat     (  407): <4>[    0.695434]  r5:c07670f8 r4:c07de38c
I/cat     (  407): <4>[    0.696319] [<c029a120>] (hdmi_power_min+0x0/0x13c) from [<c029a7b8>] (omapdss_hdmihw_probe+0x250/0x378)
I/cat     (  407): <4>[    0.696319]  r5:00000000 r4:c07de38c
I/cat     (  407): <4>[    0.696319] [<c029a568>] (omapdss_hdmihw_probe+0x0/0x378) from [<c02d47a8>] (platform_drv_probe+0x20/0x24)
I/cat     (  407): <4>[    0.696319]  r8:00000000 r7:c078135c r6:c078135c r5:dd8ad63c r4:dd8ad608
I/cat     (  407): <4>[    0.696319] [<c02d4788>] (platform_drv_probe+0x0/0x24) from [<c02d33d8>] (driver_probe_device+0xd0/0x18c)
I/cat     (  407): <4>[    0.697875] [<c02d3308>] (driver_probe_device+0x0/0x18c) from [<c02d34fc>] (__driver_attach+0x68/0x8c)
I/cat     (  407): <4>[    0.697875]  r7:00000000 r6:c078135c r5:dd8ad63c r4:dd8ad608
I/cat     (  407): <4>[    0.697875] [<c02d3494>] (__driver_attach+0x0/0x8c) from [<c02d2b68>] (bus_for_each_dev+0x54/0x94)
I/cat     (  407): <4>[    0.698730]  r7:00000000 r6:c02d3494 r5:dd841da8 r4:c078135c
I/cat     (  407): <4>[    0.698730] [<c02d2b14>] (bus_for_each_dev+0x0/0x94) from [<c02d31fc>] (driver_attach+0x20/0x28)
I/cat     (  407): <4>[    0.698730]  r7:00000000 r6:c0784258 r5:dda154e0 r4:c078135c
I/cat     (  407): <4>[    0.699951] [<c02d31dc>] (driver_attach+0x0/0x28) from [<c02d244c>] (bus_add_driver+0xb4/0x228)
I/cat     (  407): <4>[    0.699951] [<c02d2398>] (bus_add_driver+0x0/0x228) from [<c02d3b6c>] (driver_register+0xb0/0x140)
I/cat     (  407): <4>[    0.700347] [<c02d3abc>] (driver_register+0x0/0x140) from [<c02d4bfc>] (platform_driver_register+0x4c/0x60)
I/cat     (  407): <4>[    0.700347]  r9:00000000 r8:00000000 r7:c0780ee4 r6:c0765818 r5:c0774ac4
I/cat     (  407): <4>[    0.700347] r4:00000000
I/cat     (  407): <4>[    0.701293] [<c02d4bb0>] (platform_driver_register+0x0/0x60) from [<c029a96c>] (hdmi_init_platform_driver+0x14/0x1c)
I/cat     (  407): <4>[    0.701293] [<c029a958>] (hdmi_init_platform_driver+0x0/0x1c) from [<c027dd40>] (omap_dss_probe+0x98/0x2c8)
I/cat     (  407): <4>[    0.701690] [<c027dca8>] (omap_dss_probe+0x0/0x2c8) from [<c02d47a8>] (platform_drv_probe+0x20/0x24)
I/cat     (  407): <4>[    0.701690] [<c02d4788>] (platform_drv_probe+0x0/0x24) from [<c02d33d8>] (driver_probe_device+0xd0/0x18c)
I/cat     (  407): <4>[    0.701690] [<c02d3308>] (driver_probe_device+0x0/0x18c) from [<c02d34fc>] (__driver_attach+0x68/0x8c)
I/cat     (  407): <4>[    0.702239]  r7:00000000 r6:c0780ee4 r5:c0774ac4 r4:c0774a90
I/cat     (  407): <4>[    0.702728] [<c02d3494>] (__driver_attach+0x0/0x8c) from [<c02d2b68>] (bus_for_each_dev+0x54/0x94)
I/cat     (  407): <4>[    0.702728]  r7:00000000 r6:c02d3494 r5:dd841ee0 r4:c0780ee4
I/cat     (  407): <4>[    0.702728] [<c02d2b14>] (bus_for_each_dev+0x0/0x94) from [<c02d31fc>] (driver_attach+0x20/0x28)
I/cat     (  407): <4>[    0.703582]  r7:00000000 r6:c0784258 r5:dda15300 r4:c0780ee4
I/cat     (  407): <4>[    0.704132] [<c02d31dc>] (driver_attach+0x0/0x28) from [<c02d244c>] (bus_add_driver+0xb4/0x228)
I/cat     (  407): <4>[    0.704345] [<c02d2398>] (bus_add_driver+0x0/0x228) from [<c02d3b6c>] (driver_register+0xb0/0x140)
I/cat     (  407): <4>[    0.704467] [<c02d3abc>] (driver_register+0x0/0x140) from [<c02d4bfc>] (platform_driver_register+0x4c/0x60)
I/cat     (  407): <4>[    0.704650]  r9:00000000 r8:00000000 r7:00000013 r6:c00ab668 r5:c002ae70
I/cat     (  407): <4>[    0.704711] r4:c0041964
I/cat     (  407): <4>[    0.704711] [<c02d4bb0>] (platform_driver_register+0x0/0x60) from [<c002ae84>] (omap_dss_init2+0x14/0x1c)
I/cat     (  407): <4>[    0.705718] [<c002ae70>] (omap_dss_init2+0x0/0x1c) from [<c005b67c>] (do_one_initcall+0xb0/0x180)
I/cat     (  407): <4>[    0.705718] [<c005b5cc>] (do_one_initcall+0x0/0x180) from [<c00083c8>] (kernel_init+0x90/0x138)
I/cat     (  407): <4>[    0.705718] [<c0008338>] (kernel_init+0x0/0x138) from [<c00ab668>] (do_exit+0x0/0x660)
I/cat     (  407): <4>[    0.705718]  r5:c0008338 r4:00000000
I/cat     (  407): <4>[    0.705718] ---[ end trace 65f8ea860415c04f ]---
I/cat     (  407): <3>[    0.707458] register call backs
I/cat     (  407): <6>[    0.708068] dsscomp: initializing.
I/cat     (  407): <7>[    0.708068] misc dsscomp: display0=generic_dpi_panel
I/cat     (  407): <7>[    0.708068] misc dsscomp: display1=hdmi_panel
I/cat     (  407): <6>[    0.708068] misc dsscomp: found 2 displays and 4 overlays, WB overlay 1
I/cat     (  407): <6>[    0.709838] omap-rproc omap-rproc.1: powering up ipu
I/cat     (  407): <6>[    0.710205] virtio_rpmsg_bus virtio0: rpmsg backend virtproc probed successfully
I/cat     (  407): <6>[    0.710296] virtio_rpmsg_bus virtio1: rpmsg backend virtproc probed successfully
I/cat     (  407): <6>[    0.710296] omap_uart.0: ttyO0 at MMIO 0x4806a000 (irq = 104) is a OMAP UART0
I/cat     (  407): <6>[    0.712493] omap_uart.1: ttyO1 at MMIO 0x4806c000 (irq = 105) is a OMAP UART1
I/cat     (  407): <6>[    0.712738] omap_uart.2: ttyO2 at MMIO 0x48020000 (irq = 106) is a OMAP UART2
I/cat     (  407): <6>[    0.713745] omap_ion_probe: adding heap secure_input of type 2 with 9e600000@80000
I/cat     (  407): <6>[    0.713867] omap_ion_probe: adding heap tiler of type 4 with 9e680000@80000
I/cat     (  407): <6>[    0.720703] brd: module loaded
I/cat     (  407): <6>[    0.720703] loop: module loaded
I/cat     (  407): <6>[    0.724334] (stk) :sysfs entries created
I/cat     (  407): <6>[    0.724548] (stk) : debugfs entries created 
I/cat     (  407): <6>[    0.732879] PPP generic driver version 2.4.2
I/cat     (  407): <6>[    0.732879] PPP Deflate Compression module registered
I/cat     (  407): <6>[    0.734191] PPP BSD Compression module registered
I/cat     (  407): <6>[    0.735137] PPP MPPE Compression module registered
I/cat     (  407): <6>[    0.735198] NET: Registered protocol family 24
I/cat     (  407): <6>[    0.737060] tun: Universal TUN/TAP device driver, 1.6
I/cat     (  407): <6>[    0.737060] tun: (C) 1999-2004 Max Krasnyansky <maxk@qualcomm.com>
I/cat     (  407): <6>[    0.737060] rtl8150: v0.6.2 (2004/08/27):rtl8150 based usb-ethernet driver
I/cat     (  407): <6>[    0.737518] usbcore: registered new interface driver rtl8150
I/cat     (  407): <6>[    0.737518] usbcore: registered new interface driver asix
I/cat     (  407): <6>[    0.738159] usbcore: registered new interface driver cdc_ether
I/cat     (  407): <6>[    0.738159] usbcore: registered new interface driver dm9601
I/cat     (  407): <6>[    0.738159] usbcore: registered new interface driver smsc75xx
I/cat     (  407): <6>[    0.738159] usbcore: registered new interface driver smsc95xx
I/cat     (  407): <6>[    0.738739] usbcore: registered new interface driver net1080
I/cat     (  407): <6>[    0.739105] usbcore: registered new interface driver cdc_subset
I/cat     (  407): <6>[    0.739105] usbcore: registered new interface driver zaurus
I/cat     (  407): <6>[    0.739105] usbcore: registered new interface driver MOSCHIP usb-ethernet driver
I/cat     (  407): <6>[    0.739685] usbcore: registered new interface driver int51x1
I/cat     (  407): <6>[    0.739685] usbcore: registered new interface driver zd1201
I/cat     (  407): <6>[    0.739685] ehci_hcd: USB 2.0 'Enhanced' Host Controller (EHCI) Driver
I/cat     (  407): <3>[    0.740356] Failed: change interconnect bandwidth to 166000000
I/cat     (  407): <6>[    0.740356] ehci-omap ehci-omap.0: OMAP-EHCI Host Controller
I/cat     (  407): <6>[    0.740570] ehci-omap ehci-omap.0: new USB bus registered, assigned bus number 1
I/cat     (  407): <6>[    0.740570] ehci-omap ehci-omap.0: irq 109, io mem 0x4a064c00
I/cat     (  407): <6>[    0.751037] ehci-omap ehci-omap.0: USB 2.0 started, EHCI 1.00
I/cat     (  407): <6>[    0.751068] usb usb1: New USB device found, idVendor=1d6b, idProduct=0002
I/cat     (  407): <6>[    0.751068] usb usb1: New USB device strings: Mfr=3, Product=2, SerialNumber=1
I/cat     (  407): <6>[    0.751434] usb usb1: Product: OMAP-EHCI Host Controller
I/cat     (  407): <6>[    0.751434] usb usb1: Manufacturer: Linux 3.0.21 ehci_hcd
I/cat     (  407): <6>[    0.751434] usb usb1: SerialNumber: ehci-omap.0
I/cat     (  407): <6>[    0.752532] hub 1-0:1.0: USB hub found
I/cat     (  407): <6>[    0.752655] hub 1-0:1.0: 3 ports detected
I/cat     (  407): <6>[    0.782379] usbcore: registered new interface driver cdc_acm
I/cat     (  407): <6>[    0.782379] cdc_acm: USB Abstract Control Model driver for USB modems and ISDN adapters
I/cat     (  407): <6>[    0.782379] Initializing USB Mass Storage driver...
I/cat     (  407): <6>[    0.782379] usbcore: registered new interface driver usb-storage
I/cat     (  407): <6>[    0.782379] USB Mass Storage support registered.
I/cat     (  407): <6>[    0.782379] usbcore: registered new interface driver libusual
I/cat     (  407): <3>[    0.783660] jm20329_platform_init: no device configuration for system_rev 5
I/cat     (  407): <6>[    0.783660] usbcore: registered new interface driver usbserial
I/cat     (  407): <6>[    0.783660] usbserial: USB Serial Driver core
I/cat     (  407): <6>[    0.785888] android_usb gadget: Mass Storage Function, version: 2009/09/11
I/cat     (  407): <6>[    0.785888] android_usb gadget: Number of LUNs=1
I/cat     (  407): <6>[    0.786102]  lun0: LUN: removable file: (no medium)
I/cat     (  407): <6>[    0.786499] android_usb gadget: android_usb ready
I/cat     (  407): <6>[    0.786499] musb-hdrc musb-hdrc: MUSB HDRC host driver
I/cat     (  407): <6>[    0.786834] musb-hdrc musb-hdrc: new USB bus registered, assigned bus number 2
I/cat     (  407): <6>[    0.786834] usb usb2: New USB device found, idVendor=1d6b, idProduct=0002
I/cat     (  407): <6>[    0.786834] usb usb2: New USB device strings: Mfr=3, Product=2, SerialNumber=1
I/cat     (  407): <6>[    0.787292] usb usb2: Product: MUSB HDRC host driver
I/cat     (  407): <6>[    0.787292] usb usb2: Manufacturer: Linux 3.0.21 musb-hcd
I/cat     (  407): <6>[    0.787292] usb usb2: SerialNumber: musb-hdrc
I/cat     (  407): <6>[    0.787292] hub 2-0:1.0: USB hub found
I/cat     (  407): <6>[    0.787292] hub 2-0:1.0: 1 port detected
I/cat     (  407): <6>[    0.789184] mousedev: PS/2 mouse device common for all mice
I/cat     (  407): <6>[    0.789459] input: gpio-keys as /devices/platform/gpio-keys/input/input0
I/cat     (  407): <6>[    0.790069] usbcore: registered new interface driver xpad
I/cat     (  407): <6>[    0.790985] twl6030_pwrbutton_probe: Enter
I/cat     (  407): <6>[    0.791656] input: twl6030_pwrbutton as /devices/platform/omap/omap_i2c.1/i2c-1/1-0049/twl6030_pwrbutton/input/input1
I/cat     (  407): <6>[    0.794097] Found MMA8453Q accelerometer with ID 0x3A
I/cat     (  407): <6>[    0.799743] input: MMA8453Q Accelerometer as /devices/virtual/input/input2
I/cat     (  407): <4>[    0.799743] i2c-core: driver [mma8453q] using legacy suspend method
I/cat     (  407): <4>[    0.799743] i2c-core: driver [mma8453q] using legacy resume method
I/cat     (  407): <4>[    0.799743] MMA8453Q driver version 0.1 (1 April 2011)
I/cat     (  407): <6>[    0.800415] AKM8975 compass driver: initialize
I/cat     (  407): <6>[    0.801300] input: compass as /devices/virtual/input/input3
I/cat     (  407): <4>[    0.802124] i2c-core: driver [akm8975] using legacy suspend method
I/cat     (  407): <4>[    0.802124] i2c-core: driver [akm8975] using legacy resume method
I/cat     (  407): <6>[    0.806091] using rtc device, twl_rtc, for alarms
I/cat     (  407): <6>[    0.806091] twl_rtc twl_rtc: rtc core: registered twl_rtc as rtc0
I/cat     (  407): <6>[    0.806701] i2c /dev entries driver
I/cat     (  407): <6>[    0.806701] lirc_dev: IR Remote Control driver registered, major 250 
I/cat     (  407): <6>[    0.807556] IR NEC protocol handler initialized
I/cat     (  407): <6>[    0.807739] IR RC5(x) protocol handler initialized
I/cat     (  407): <6>[    0.807739] IR RC6 protocol handler initialized
I/cat     (  407): <6>[    0.808013] IR JVC protocol handler initialized
I/cat     (  407): <6>[    0.808013] IR Sony protocol handler initialized
I/cat     (  407): <6>[    0.808013] IR RC5 (streamzap) protocol handler initialized
I/cat     (  407): <6>[    0.808013] IR LIRC bridge handler initialized
I/cat     (  407): <6>[    0.808013] Linux video capture interface: v2.00
I/cat     (  407): <6>[    0.808807] dmm: probe base: fd300000, irq 145
I/cat     (  407): <4>[    0.808807] omap_imt_init
I/cat     (  407): <6>[    0.870117] twl6030_bci twl6030_bci: Battery Voltage at Bootup is 4223 mV
I/cat     (  407): <6>[    0.870605] twl6030_bci twl6030_bci: Read 9 as cin_limit, set current to 500
I/cat     (  407): <6>[    0.880828] OMAP Watchdog Timer Rev 0x00: initial timeout 60 sec
I/cat     (  407): <6>[    0.880950] device-mapper: uevent: version 1.0.3
I/cat     (  407): <6>[    0.880950] device-mapper: ioctl: 4.20.0-ioctl (2011-02-02) initialised: dm-devel@redhat.com
I/cat     (  407): <6>[    0.882446] cpuidle: using governor ladder
I/cat     (  407): <6>[    0.882659] cpuidle: using governor menu
I/cat     (  407): <7>[    0.887786] Registered led device: power
I/cat     (  407): <6>[    0.887786] omap_pwm_led omap_pwm_led.0: OMAP PWM LED (lcd-backlight) at GP timer 8/0
I/cat     (  407): <7>[    0.888641] Registered led device: lcd-backlight
I/cat     (  407): <6>[    0.892700] usbcore: registered new interface driver usbhid
I/cat     (  407): <6>[    0.892883] usbhid: USB HID core driver
I/cat     (  407): <6>[    0.893066] logger: created 256K log 'log_main'
I/cat     (  407): <6>[    0.893707] logger: created 256K log 'log_events'
I/cat     (  407): <6>[    0.893707] logger: created 256K log 'log_radio'
I/cat     (  407): <6>[    0.893707] logger: created 256K log 'log_system'
I/cat     (  407): <6>[    0.894134] thermal_governor_dev_register:Adding omap_ondie_governor governor
I/cat     (  407): <6>[    0.895019] thermal_sensor_dev_register:Found cpu cpu
I/cat     (  407): <6>[    0.895141] thermal_sensor_dev_register:Adding omap443x_ondie_sensor sensor
I/cat     (  407): <4>[    0.914733] omap_configure_temp_sensor_thresholds -> 76 75  73000 71000
I/cat     (  407): <6>[    0.917114] omap_temp_sensor omap_temp_sensor.0: omap443x_ondie_sensor : 'omap_temp_sensor'
I/cat     (  407): <6>[    0.917114] usbcore: registered new interface driver snd-usb-audio
I/cat     (  407): <6>[    0.920471] archos_omap4_soc_probe: Archos Device SoC init
I/cat     (  407): <4>[    0.929626] twl6040-codec twl6040-codec: couldn't get VDDHF regulator -19
I/cat     (  407): <6>[    0.960601] asoc: null-codec-dai <-> MultiMedia1 mapping ok
I/cat     (  407): <6>[    0.962524] asoc: null-codec-dai <-> MultiMedia2 mapping ok
I/cat     (  407): <6>[    0.963958] asoc: null-codec-dai <-> Voice mapping ok
I/cat     (  407): <6>[    0.966430] asoc: null-codec-dai <-> Tones mapping ok
I/cat     (  407): <6>[    0.967590] asoc: null-codec-dai <-> Vibra mapping ok
I/cat     (  407): <6>[    0.968750] asoc: null-codec-dai <-> MODEM mapping ok
I/cat     (  407): <6>[    0.969665] asoc: null-codec-dai <-> MultiMedia1 LP mapping ok
I/cat     (  407): <6>[    0.970489] asoc: FM Digital <-> omap-mcbsp-dai.1 mapping ok
I/cat     (  407): <6>[    0.972991] asoc: twl6040-dl1 <-> mcpdm-dl mapping ok
I/cat     (  407): <6>[    0.974365] asoc: dmic-hifi <-> omap-dmic-dai-0 mapping ok
I/cat     (  407): <4>[    0.976715] twl6040-codec twl6040-codec: ASoC: Failed to create Aux/FM Stereo In debugfs file
I/cat     (  407): <6>[    0.977752] mmc0: new high speed MMC card at address 0001
I/cat     (  407): <6>[    0.978424] asoc: twl6040-dl1 <-> mcpdm-dl1 mapping ok
I/cat     (  407): <6>[    0.978576] mmcblk0: mmc0:0001 MMC08G 6.94 GiB 
I/cat     (  407): <6>[    0.978881] mmcblk0boot0: mmc0:0001 MMC08G partition 1 128 KiB
I/cat     (  407): <6>[    0.979248] mmcblk0boot1: mmc0:0001 MMC08G partition 2 128 KiB
I/cat     (  407): <6>[    0.980651] asoc: twl6040-ul <-> mcpdm-ul1 mapping ok
I/cat     (  407): <6>[    0.980987]  mmcblk0: p1 p2 p3 p4
I/cat     (  407): <6>[    0.983276] asoc: twl6040-dl2 <-> mcpdm-dl2 mapping ok
I/cat     (  407): <6>[    0.983734]  mmcblk0boot1: unknown partition table
I/cat     (  407): <6>[    0.984924] asoc: twl6040-vib <-> mcpdm-vib mapping ok
I/cat     (  407): <6>[    0.985778]  mmcblk0boot0: unknown partition table
I/cat     (  407): <6>[    0.986877] asoc: Bluetooth <-> omap-mcbsp-dai.0 mapping ok
I/cat     (  407): <6>[    0.988342] asoc: Bluetooth <-> omap-mcbsp-dai.0 mapping ok
I/cat     (  407): <6>[    0.989440] asoc: FM Digital <-> omap-mcbsp-dai.1 mapping ok
I/cat     (  407): <6>[    0.990234] asoc: MODEM <-> omap-mcbsp-dai.1 mapping ok
I/cat     (  407): <6>[    0.991180] asoc: dmic-hifi <-> omap-dmic-abe-dai-0 mapping ok
I/cat     (  407): <6>[    0.992156] asoc: dmic-hifi <-> omap-dmic-abe-dai-1 mapping ok
I/cat     (  407): <6>[    0.993103] asoc: dmic-hifi <-> omap-dmic-abe-dai-2 mapping ok
I/cat     (  407): <6>[    0.995635] input: ARCHOS-TWL6040 Headset Jack as /devices/platform/soc-audio/sound/card0/input4
I/cat     (  407): <6>[    0.999237] asoc: hdmi-audio-codec <-> hdmi-audio-dai mapping ok
I/cat     (  407): <6>[    0.999938] ALSA device list:
I/cat     (  407): <6>[    0.999938]   #0: Archos Board (TWL6040)
I/cat     (  407): <6>[    0.999938]   #1: OMAP4HDMI
I/cat     (  407): <6>[    1.000152] GACT probability NOT on
I/cat     (  407): <6>[    1.000152] Mirror/redirect action on
I/cat     (  407): <6>[    1.000610] u32 classifier
I/cat     (  407): <6>[    1.000610]     Actions configured
I/cat     (  407): <6>[    1.000976] Netfilter messages via NETLINK v0.30.
I/cat     (  407): <6>[    1.001190] nf_conntrack version 0.5.0 (7448 buckets, 29792 max)
I/cat     (  407): <6>[    1.002410] ctnetlink v0.93: registering with nfnetlink.
I/cat     (  407): <6>[    1.002410] NF_TPROXY: Transparent proxy support initialized, version 4.1.0
I/cat     (  407): <6>[    1.002410] NF_TPROXY: Copyright (c) 2006-2007 BalaBit IT Ltd.
I/cat     (  407): <6>[    1.003204] xt_time: kernel timezone is -0000
I/cat     (  407): <6>[    1.003204] ip_tables: (C) 2000-2006 Netfilter Core Team
I/cat     (  407): <6>[    1.003204] arp_tables: (C) 2002 David S. Miller
I/cat     (  407): <6>[    1.005706] TCP cubic registered
I/cat     (  407): <6>[    1.006774] NET: Registered protocol family 10
I/cat     (  407): <6>[    1.012420] Mobile IPv6
I/cat     (  407): <6>[    1.012573] ip6_tables: (C) 2000-2006 Netfilter Core Team
I/cat     (  407): <6>[    1.012939] IPv6 over IPv4 tunneling driver
I/cat     (  407): <6>[    1.018127] NET: Registered protocol family 17
I/cat     (  407): <6>[    1.018127] NET: Registered protocol family 15
I/cat     (  407): <6>[    1.018463] NET: Registered protocol family 35
I/cat     (  407): <6>[    1.018463] VFP support v0.3: implementor 41 architecture 3 part 30 variant 9 rev 4
I/cat     (  407): <6>[    1.018829] ThumbEE CPU extension supported.
I/cat     (  407): <5>[    1.019226] Registering SWP/SWPB emulation handler
I/cat     (  407): <6>[    1.020355] PC detected
I/cat     (  407): <4>[    1.020477] STATE_NONE -> STATE_VBUS
I/cat     (  407): <6>[    1.028167] Reprogramming LPDDR2 timings to 400000000 Hz
I/cat     (  407): <4>[    1.028594] sr_init: No PMIC hook to init smartreflex
I/cat     (  407): <6>[    1.028961] smartreflex smartreflex.0: omap_sr_probe: SmartReflex driver initialized
I/cat     (  407): <6>[    1.028961] smartreflex smartreflex.1: omap_sr_probe: SmartReflex driver initialized
I/cat     (  407): <6>[    1.028961] smartreflex smartreflex.2: omap_sr_probe: SmartReflex driver initialized
I/cat     (  407): <6>[    1.030090] SmartReflex class 1.5 driver: initialized (86400000ms)
I/cat     (  407): <4>[    1.030853] cpufreq_cooling: Taking thermal_domain_list_lock
I/cat     (  407): <6>[    1.030975] thermal_cooling_dev_register:Found cpu cpu
I/cat     (  407): <4>[    1.031158] cpufreq_cooling: thermal_domain_list_lock released
I/cat     (  407): <3>[    1.031250] Power Management for TI OMAP4.
I/cat     (  407): <6>[    1.031616] OMAP4 PM: Static dependency added between MPUSS <-> EMIF, MPUSS <-> L4_PER/CFG MPUSS <-> L3_MAIN_1.
I/cat     (  407): <6>[    1.031799] OMAP4 PM: Static dependency added between DUCATI <-> L4_PER/CFG and DUCATI <-> L3.
I/cat     (  407): <6>[    1.042022] clock: disabling unused clocks to save power
I/cat     (  407): <6>[    1.055725] sr_class1p5_calib_work: core: Calibration complete: Voltage Nominal=1127000Calib=1050820 margin=0
I/cat     (  407): <6>[    1.063568] sr_class1p5_calib_work: mpu: Calibration complete: Voltage Nominal=1388000Calib=1230000 margin=0
I/cat     (  407): <6>[    1.063781] sr_class1p5_calib_work: iva: Calibration complete: Voltage Nominal=950000Calib=873580 margin=0
I/cat     (  407): <6>[    1.110198] cannot apply mgr(lcd) on inactive device
I/cat     (  407): <4>[    1.110595] omapfb omapfb: failed to apply dispc config
I/cat     (  407): <6>[    1.110839] cannot apply mgr(tv) on inactive device
I/cat     (  407): <4>[    1.111175] omapfb omapfb: failed to apply dispc config
I/cat     (  407): <6>[    1.111328] cannot apply mgr(lcd2) on inactive device
I/cat     (  407): <4>[    1.111602] omapfb omapfb: failed to apply dispc config
I/cat     (  407): <7>[    1.115783] panel_enable [xga8]
I/cat     (  407): <3>[    1.227600] PHY ON
I/cat     (  407): <6>[    1.247161] twl_rtc twl_rtc: setting system clock to 2013-08-24 15:38:55 UTC (1377358735)
I/cat     (  407): <4>[    1.247680] Warning: unable to open an initial console.
I/cat     (  407): <6>[    1.247924] Freeing init memory: 332K
I/cat     (  407): <3>[    1.285980] android_usb: already disabled
I/cat     (  407): <6>[    1.288909] charge_level set to 2
I/cat     (  407): <6>[    1.321746] sr_class1p5_calib_work: mpu: Calibration complete: Voltage Nominal=1025000Calib=930000 margin=0
I/cat     (  407): <4>[    1.403137] mmc1: host does not support reading read-only switch. assuming write-enable.
I/cat     (  407): <6>[    1.405517] mmc1: new high speed SDHC card at address b368
I/cat     (  407): <6>[    1.406860] mmcblk1: mmc1:b368 LEXAR 29.8 GiB 
I/cat     (  407): <6>[    1.409637]  mmcblk1: p1 p2 p3 p4
I/cat     (  407): <4>[    1.537078] mmc2: card claims to support voltages below the defined range. These will be ignored.
I/cat     (  407): <4>[    1.561523] mmc2: queuing unknown CIS tuple 0x91 (3 bytes)
I/cat     (  407): <6>[    1.567077] mmc2: new SDIO card at address 0001
I/cat     (  407): <6>[    1.578613] android_work: sent uevent USB_STATE=CONNECTED
I/cat     (  407): <6>[    1.583312] android_work: sent uevent USB_STATE=DISCONNECTED
I/cat     (  407): <6>[    1.711212] android_work: sent uevent USB_STATE=CONNECTED
I/cat     (  407): <6>[    1.712280] android_usb gadget: high speed config #1: android
I/cat     (  407): <6>[    1.712677] android_work: sent uevent USB_STATE=CONFIGURED
I/cat     (  407): <6>[    1.889038] EXT4-fs (mmcblk0p2): recovery complete
I/cat     (  407): <6>[    1.898345] EXT4-fs (mmcblk0p2): mounted filesystem with ordered data mode. Opts: (null)
I/cat     (  407): <6>[    2.938629] state changed - was 0
I/cat     (  407): <6>[    2.938903] temp now: 37750 agv: 26425 state 1
I/cat     (  407): <6>[    2.939208] omap_process_cpu_temp: Setting omap443x_ondie_sensor pointer
I/cat     (  407): <4>[    2.939727] omap_set_thresholds 72 49  65000 25000
I/cat     (  407): <6>[    2.954162] state changed - was 1
I/cat     (  407): <6>[    2.954345] temp now: 37750 agv: 36617 state 2
I/cat     (  407): <6>[    3.110504] sr_class1p5_calib_work: core: Calibration complete: Voltage Nominal=962000Calib=898900 margin=0
I/cat     (  407): <3>[    6.406005] init: new section inside ifexists
I/cat     (  407): <6>[    6.415130] sr_class1p5_calib_work: mpu: Calibration complete: Voltage Nominal=1325000Calib=1150000 margin=0
I/cat     (  407): <4>[    6.430297] init (1): /proc/1/oom_adj is deprecated, please use /proc/1/oom_score_adj instead.
I/cat     (  407): <3>[    6.438018] init: ueventd_main name (/system/etc/init/ueventd.archos.rc)
I/cat     (  407): <6>[    6.835571] omap-rproc omap-rproc.1: Loaded BIOS image ducati-m3.bin, size 5872032
I/cat     (  407): <6>[    6.835754] omap-rproc omap-rproc.1: BIOS image version is 2
I/cat     (  407): <4>[    6.904327] omap_hwmod: ipu: failed to hardreset
I/cat     (  407): <6>[    6.904663] omap-iommu omap-iommu.0: ducati: version 2.1
I/cat     (  407): <6>[    6.910369] omap-rproc omap-rproc.1: remote processor ipu is now up
I/cat     (  407): <6>[    6.927856] omap_rpmsg_mbox_callback: received echo reply from ipu !
I/cat     (  407): <6>[    6.928039] omap_rpmsg_mbox_callback: received echo reply from ipu !
I/cat     (  407): <6>[    6.928131] omap_rpmsg_mbox_callback: received echo reply from ipu !
I/cat     (  407): <6>[    6.928314] omap_rpmsg_mbox_callback: received echo reply from ipu !
I/cat     (  407): <6>[    6.928466] virtio_rpmsg_bus virtio0: creating channel rpmsg-client-sample addr 0x32
I/cat     (  407): <6>[    6.928802] virtio_rpmsg_bus virtio0: creating channel rpmsg-client-sample addr 0x33
I/cat     (  407): <6>[    6.929107] virtio_rpmsg_bus virtio0: creating channel rpmsg-hdmiwa addr 0x46
I/cat     (  407): <6>[    6.929321] virtio_rpmsg_bus virtio0: creating channel rpmsg-omx0 addr 0x3c
I/cat     (  407): <6>[    6.929748] rpmsg_omx rpmsg-omx0: new OMX connection srv channel: 1024 -> 60!
I/cat     (  407): <6>[    6.930786] cypress-tma340 4-0024: cypress_tma340_power on
I/cat     (  407): <6>[    6.953887] cypress-tma340 4-0024: BOOT 010b / TTS 14dc / APP 0622 / ID 0001
I/cat     (  407): <6>[    6.954437] cypress-tma340 4-0024: tsp woke up in bootloader mode.
I/cat     (  407): <6>[    7.068695] virtio_rpmsg_bus virtio1: creating channel rpmsg-imt addr 0x2b
I/cat     (  407): <4>[    7.069488] imt: rpmsg_probe
I/cat     (  407): <6>[    7.069702] virtio_rpmsg_bus virtio1: creating channel rpmsg-dce addr 0x2a
I/cat     (  407): <4>[    7.070312] imt: CONNECTED: 42
I/cat     (  407): <6>[    7.073638] virtio_rpmsg_bus virtio1: creating channel rpmsg-omx1 addr 0x3c
I/cat     (  407): <6>[    7.075134] rpmsg_omx rpmsg-omx1: new OMX connection srv channel: 1026 -> 60!
I/cat     (  407): <6>[    7.150848] cypress-tma340 4-0024: x_max : 2048 - y_max : 2048 - finger_max : 4
I/cat     (  407): <6>[    7.213104] input: cypress-tma340 as /devices/virtual/input/input5
I/cat     (  407): <3>[    7.239624] Error: Driver 'tr16c0_i2c_tsp' is already registered, aborting...
I/cat     (  407): <6>[    7.258850] cypress-tma340 4-0024: cypress_tma340_irq: sysinfo mode, skip (90)
I/cat     (  407): <6>[    7.271911] hso: /mnt/build/release/AX09/avx9_ics/arcbuild/linux/drivers/net/usb/hso.c: Option Wireless
I/cat     (  407): <6>[    7.274414] usbcore: registered new interface driver hso
I/cat     (  407): <6>[    7.293914] cypress-tma340 4-0024: cypress_tma340_irq: sysinfo mode, skip (90)
I/cat     (  407): <6>[    7.361236] cypress-tma340 4-0024: BOOT 010b / TTS 14dc / APP 0622 / ID 2200
I/cat     (  407): <6>[    9.487060] EXT4-fs (mmcblk0p4): recovery complete
I/cat     (  407): <6>[    9.496612] EXT4-fs (mmcblk0p4): mounted filesystem with ordered data mode. Opts: noauto_da_alloc
I/cat     (  407): <6>[    9.551452] Compat-wireless backport release: 
I/cat     (  407): <6>[    9.551788] Backport based on unknown 
I/cat     (  407): <6>[    9.552062] compat.git: unknown
I/cat     (  407): <6>[    9.581298] Bluetooth: Core ver 2.16
I/cat     (  407): <6>[    9.582702] NET: Registered protocol family 31
I/cat     (  407): <6>[    9.582824] Bluetooth: HCI device and connection manager initialized
I/DEBUG   (  432): debuggerd: Feb 28 2013 05:17:38
I/cat     (  407): <6>[    9.587341] Bluetooth: HCI socket layer initialized
I/cat     (  407): <6>[    9.587432] Bluetooth: L2CAP socket layer initialized
I/cat     (  407): <6>[    9.587646] Bluetooth: SCO socket layer initialized
I/cat     (  407): <6>[    9.589569] Bluetooth: RFCOMM TTY layer initialized
I/cat     (  407): <6>[    9.589599] Bluetooth: >>>> l2cap_chan_hold chan=DCD81000 refcnt=2
I/cat     (  407): <6>[    9.589874] Bluetooth: RFCOMM socket layer initialized
I/cat     (  407): <6>[    9.590087] Bluetooth: RFCOMM ver 1.11
I/cat     (  407): <6>[    9.591094] Bluetooth: HIDP (Human Interface Emulation) ver 1.2
I/cat     (  407): <6>[    9.591796] Bluetooth: Bluetooth Driver for TI WiLink - Version 1.0
I/cat     (  407): <6>[    9.592651] (stc): st_register(4)
I/cat     (  407): <6>[    9.592742] (stc):  chnl_id list empty :4
I/cat     (  407): <6>[    9.592926] (stk) : st_kim_start
I/cat     (  407): <6>[    9.593017] plat_kim_chip_enable
I/cat     (  407): <6>[    9.610687] Bluetooth: BNEP (Ethernet Emulation) ver 1.3
I/cat     (  407): <6>[    9.610870] Bluetooth: BNEP filters: protocol multicast
I/cat     (  407): <3>[    9.632934] init: untracked pid 205 exited
I/cat     (  407): <3>[    9.635040] init: init hdcp failure - Couldn't load hdcp store
I/cat     (  407): <6>[    9.729919] wl12xx: driver version: 4.0.28
I/cat     (  407): <6>[    9.730010] wl12xx: compilation time: Thu Feb 28 03:31:57 2013
I/cat     (  407): <3>[    9.803344] android_usb: already disabled
I/cat     (  407): <6>[    9.803771] mtp_bind_config
I/cat     (  407): <6>[    9.803985] adb_bind_config
I//usr/bin/create_sysid(  414): Sys_pk_build_product_key [6KF6MDSSSH6WZN] [6KF6-MDSS-SH6W-ZN]
I/logwrapper(  414): /usr/bin/create_sysid terminated by exit(0)
I//usr/bin/create_nvs(  443): Read Calib from store Failed.
I//usr/bin/create_nvs(  443): create_nvs: set dummy calibration
I/cat     (  407): <6>[    9.831817] (stk) :ldisc_install = 1
I/cat     (  407): <6>[    9.840148] cfg80211: Calling CRDA to update world regulatory domain
I/cat     (  407): <3>[    9.842224] init: untracked pid 414 exited
I//usr/bin/create_nvs(  444): Read Calib from store Failed.
I//usr/bin/create_nvs(  444): create_nvs: set dummy calibration
I/logwrapper(  443): /usr/bin/create_nvs terminated by exit(1)
I/logwrapper(  444): /usr/bin/create_nvs terminated by exit(1)
I/cat     (  407): <3>[    9.880157] init: untracked pid 443 exited
I/cat     (  407): <3>[    9.880798] init: untracked pid 444 exited
E/uim-sysfs(  427): uim: Inside main
E/uim-sysfs(  427): uim:ST built into the kernel ?
E/uim-sysfs(  427): uim:FM driver module un-available... 
E/uim-sysfs(  427): uim:FM driver built into the kernel ?
E/uim-sysfs(  427): uim:GPS driver module un-available... 
E/uim-sysfs(  427): uim:GPS driver built into the kernel ?
E/uim-sysfs(  427): uim:FM V4L2 driver module un-available... 
E/uim-sysfs(  427): uim:FM V4L2 driver built into the kernel ?
E/uim-sysfs(  427): uim:found bluetooth rfkill entry @ 1
E/uim-sysfs(  427): 
E/uim-sysfs(  427): uim:changed permissions for /sys/class/rfkill/rfkill1/state(0) 
E/uim-sysfs(  427): 
E/uim-sysfs(  427): uim:install already set
E/uim-sysfs(  427): uim: Inside st_uart_config
E/uim-sysfs(  427): uim:install set to 1
I//system/bin/batteryd(  419): Measuring battery level on A80S...
I/cat     (  407): <6>[    9.907592] charge_level set to 2
E/uim-sysfs(  427): uim: Inside set_baud_rate
E/uim-sysfs(  427): uim: set_baud_rate() done
E/uim-sysfs(  427): uim: Setting speed to 3000000
E/uim-sysfs(  427): uim: Inside read_command_complete
E/uim-sysfs(  427): uim: Command complete started
E/uim-sysfs(  427): uim: Inside read_hci_event
E/uim-sysfs(  427): uim: read_hci_event
I/logwrapper(  445): /usr/bin/extract_apks.sh terminated by exit(0)
E/powerd  (  422): err: open(/sys/devices/platform/jm20329/timeout): (2) - No such file or directory
I/cat     (  407): <3>[    9.924621] init: untracked pid 445 exited
I/AKMD2   (  426): AK8975/B for Android v20110331 (Library: v1.2.3.114) started.
I/AKMD2   (  426): Debug: OFF
I/AKMD2   (  426): Debug level: 0
I/AKMD2   (  426): Output to: LOGD
I/Sharesd (  452): Sharesd 1.0 starting
I//system/bin/keyboard_identd(  441): Keyboard identd
E/uim-sysfs(  427): uim: Command complete done
E/uim-sysfs(  427): uim: Speed changed to 3000000
E/uim-sysfs(  427): uim: Inside set_custom_baud_rate
E/uim-sysfs(  427): uim: Changing baud rate to 3000000, flow control to 1
E/uim-sysfs(  427): uim: set_custom_baud_rate() done
E/uim-sysfs(  427): uim: Installed N_TI_WL Line displine
I/cat     (  407): <6>[    9.968933] (stc): st_tty_open
I/cat     (  407): <6>[    9.969177] (stk) :line discipline installed
I/cat     (  407): <6>[    9.969787] (stk) :TIInit_7.2.31.bts
I/cat     (  407): <6>[    9.983642] android_work: sent uevent USB_STATE=DISCONNECTED
I/cat     (  407): <6>[   10.022003] warning: `adbd' uses 32-bit capabilities (legacy support in use)
I/cat     (  407): <6>[   10.026062] adb_open
--------- beginning of /dev/log/system
I/Vold    (  421): Vold 2.1 (the revenge) firing up
I/cat     (  407): <6>[   10.060699] cfg80211: World regulatory domain updated:
I/cat     (  407): <6>[   10.060791] cfg80211:     (start_freq - end_freq @ bandwidth), (max_antenna_gain, max_eirp)
I/cat     (  407): <6>[   10.061004] cfg80211:     (2402000 KHz - 2472000 KHz @ 40000 KHz), (300 mBi, 2000 mBm)
I/cat     (  407): <6>[   10.061187] cfg80211:     (2457000 KHz - 2482000 KHz @ 20000 KHz), (300 mBi, 2000 mBm)
I/cat     (  407): <6>[   10.061279] cfg80211:     (2474000 KHz - 2494000 KHz @ 20000 KHz), (300 mBi, 2000 mBm)
I/cat     (  407): <6>[   10.061462] cfg80211:     (5170000 KHz - 5250000 KHz @ 40000 KHz), (300 mBi, 2000 mBm)
I/cat     (  407): <6>[   10.061645] cfg80211:     (5735000 KHz - 5835000 KHz @ 40000 KHz), (300 mBi, 2000 mBm)
I/Vold    (  421): process_config: load A80S config.
D/Vold    (  421): Volume volume_sdcard state changing -1 (Initializing) -> 0 (No-Media)
D/Vold    (  421): Volume volume_external state changing -1 (Initializing) -> 0 (No-Media)
I/cat     (  407): <6>[   10.094482] android_work: sent uevent USB_STATE=CONNECTED
